 opcda

 Timestamp is 589aa529 (Wed Feb 08 12:57:13 2017)

 Preferred load address is 0000000180000000

 Start         Length     Name                   Class
 0001:00000000 0000009cH .text$di                CODE
 0001:000000a0 00017863H .text$mn                CODE
 0001:00017910 000011e0H .text$x                 CODE
 0001:00018af0 000000d0H .text$yd                CODE
 0002:00000000 00000300H .idata$5                DATA
 0002:00000300 00000008H .CRT$XCA                DATA
 0002:00000308 00000008H .CRT$XCL                DATA
 0002:00000310 00000038H .CRT$XCU                DATA
 0002:00000348 00000008H .CRT$XCZ                DATA
 0002:00000350 00000008H .CRT$XIA                DATA
 0002:00000358 00000020H .CRT$XIC                DATA
 0002:00000378 00000008H .CRT$XIZ                DATA
 0002:00000380 00000008H .CRT$XPA                DATA
 0002:00000388 00000010H .CRT$XPX                DATA
 0002:00000398 00000008H .CRT$XPXA               DATA
 0002:000003a0 00000008H .CRT$XPZ                DATA
 0002:000003a8 00000008H .CRT$XTA                DATA
 0002:000003b0 00000008H .CRT$XTZ                DATA
 0002:000003c0 000087f0H .rdata                  DATA
 0002:00008bb0 00000064H .rdata$debug            DATA
 0002:00008c18 0000092cH .rdata$r                DATA
 0002:00009548 00000008H .rtc$IAA                DATA
 0002:00009550 00000008H .rtc$IZZ                DATA
 0002:00009558 00000008H .rtc$TAA                DATA
 0002:00009560 00000008H .rtc$TZZ                DATA
 0002:00009570 000028d0H .xdata                  DATA
 0002:0000be40 000002ecH .xdata$x                DATA
 0002:0000c130 00000000H ATL$__a                 DATA
 0002:0000c130 00000000H ATL$__z                 DATA
 0002:0000c130 00000020H .didat$2                DATA
 0002:0000c150 00000020H .didat$3                DATA
 0002:0000c170 00000168H .didat$4                DATA
 0002:0000c2d8 00000a90H .didat$6                DATA
 0002:0000cd68 00000168H .didat$7                DATA
 0002:0000ced0 0000004eH .edata                  DATA
 0002:0000cf20 00000064H .idata$2                DATA
 0002:0000cf84 00000014H .idata$3                DATA
 0002:0000cf98 00000300H .idata$4                DATA
 0002:0000d298 00000696H .idata$6                DATA
 0003:00000000 000018a8H .data                   DATA
 0003:000018a8 00000378H .data$r                 DATA
 0003:00001c20 00000168H .didat$5                DATA
 0003:00001da0 00002688H .bss                    DATA
 0004:00000000 00001590H .pdata                  DATA
 0005:00000000 00000058H .rsrc$01                DATA
 0005:00000060 00000180H .rsrc$02                DATA

  Address         Publics by Value              Rva+Base               Lib:Object

 0000:00000000       ___safe_se_handler_table   0000000000000000     <absolute>
 0000:00000000       ___safe_se_handler_count   0000000000000000     <absolute>
 0000:00000000       __guard_fids_count         0000000000000000     <absolute>
 0000:00000000       __guard_fids_table         0000000000000000     <absolute>
 0000:00000000       __guard_flags              0000000000000000     <absolute>
 0000:00000000       __ImageBase                0000000180000000     <linker-defined>
 0001:000000a0       ?_Destroy@?$vector@PEAVCOPCItem@@V?$allocator@PEAVCOPCItem@@@std@@@std@@IEAAXPEAPEAVCOPCItem@@0@Z 00000001800010a0 f i opcda.obj
 0001:000000a0       ??1?$Persistent@VFunction@v8@@V?$NonCopyablePersistentTraits@VFunction@v8@@@2@@v8@@QEAA@XZ 00000001800010a0 f i opcda.obj
 0001:000000a0       ??3@YAXPEAX0@Z             00000001800010a0 f i opcda.obj
 0001:000000b0       ?AtlThrowImpl@ATL@@YAXJ@Z  00000001800010b0 f i opcda.obj
 0001:000000d0       ?_AtlInitializeCriticalSectionEx@ATL@@YAHPEAU_RTL_CRITICAL_SECTION@@KK@Z 00000001800010d0 f i opcda.obj
 0001:000000e0       ?Allocate@CWin32Heap@ATL@@UEAAPEAX_K@Z 00000001800010e0 f i opcda.obj
 0001:000000f0       ?Free@CWin32Heap@ATL@@UEAAXPEAX@Z 00000001800010f0 f i opcda.obj
 0001:00000110       ?Reallocate@CWin32Heap@ATL@@UEAAPEAXPEAX_K@Z 0000000180001110 f i opcda.obj
 0001:00000150       ?GetSize@CWin32Heap@ATL@@UEAA_KPEAX@Z 0000000180001150 f i opcda.obj
 0001:00000160       ??_GCWin32Heap@ATL@@UEAAPEAXI@Z 0000000180001160 f i opcda.obj
 0001:00000160       ??_ECWin32Heap@ATL@@UEAAPEAXI@Z 0000000180001160 f i * CIL library *:* CIL module *
 0001:000001b0       ?GetInstance@CAtlStringMgr@ATL@@SAPEAUIAtlStringMgr@2@XZ 00000001800011b0 f i opcda.obj
 0001:00000280       ?Allocate@CAtlStringMgr@ATL@@UEAAPEAUCStringData@2@HH@Z 0000000180001280 f i opcda.obj
 0001:00000320       ?Free@CAtlStringMgr@ATL@@UEAAXPEAUCStringData@2@@Z 0000000180001320 f i opcda.obj
 0001:00000330       ?Reallocate@CAtlStringMgr@ATL@@UEAAPEAUCStringData@2@PEAU32@HH@Z 0000000180001330 f i opcda.obj
 0001:000003c0       ?GetNilString@CAtlStringMgr@ATL@@UEAAPEAUCStringData@2@XZ 00000001800013c0 f i opcda.obj
 0001:000003d0       ?Clone@CAtlStringMgr@ATL@@UEAAPEAUIAtlStringMgr@2@XZ 00000001800013d0 f i opcda.obj
 0001:000003d0       ??0?$_Wrap_alloc@V?$allocator@PEAVCOPCItem@@@std@@@std@@QEAA@XZ 00000001800013d0 f i opcda.obj
 0001:000003e0       ??_ECAtlStringMgr@ATL@@UEAAPEAXI@Z 00000001800013e0 f i * CIL library *:* CIL module *
 0001:000003e0       ??_GCAtlStringMgr@ATL@@UEAAPEAXI@Z 00000001800013e0 f i opcda.obj
 0001:000004c0       ?New@?$Factory@VFunctionTemplate@v8@@@imp@Nan@@SA?AV?$Local@VFunctionTemplate@v8@@@v8@@P6AXAEBV?$FunctionCallbackInfo@VValue@v8@@@3@@ZV?$Local@VValue@v8@@@5@V?$Local@VSignature@v8@@@5@@Z 00000001800014c0 f i opcda.obj
 0001:00000650       ??1EscapableHandleScope@Nan@@QEAA@XZ 0000000180001650 f i opcda.obj
 0001:00000680       ??1HandleScope@Nan@@QEAA@XZ 0000000180001680 f i opcda.obj
 0001:000006a0       ?ThrowTypeError@Nan@@YAXPEBD@Z 00000001800016a0 f i opcda.obj
 0001:00000740       ??1Callback@Nan@@QEAA@XZ   0000000180001740 f i opcda.obj
 0001:00000780       ?Call_@Callback@Nan@@AEBA?AV?$Local@VValue@v8@@@v8@@PEAVIsolate@4@V?$Local@VObject@v8@@@4@HQEAV34@@Z 0000000180001780 f i opcda.obj
 0001:00000840       ??1?$Persistent@VFunction@v8@@V?$NonCopyablePersistentTraits@VFunction@v8@@@2@@Nan@@QEAA@XZ 0000000180001840 f i opcda.obj
 0001:00000860       ??1_variant_t@@QEAA@XZ     0000000180001860 f i opcda.obj
 0001:00000870       ?GetStr@@YA?AV?$basic_string@DU?$char_traits@D@std@@V?$allocator@D@2@@std@@UtagVARIANT@@@Z 0000000180001870 f   opcda.obj
 0001:000009b0       ?getValueFromObject@@YA?AV?$Local@VValue@v8@@@v8@@V?$Local@VObject@v8@@@2@V?$basic_string@DU?$char_traits@D@std@@V?$allocator@D@2@@std@@@Z 00000001800019b0 f   opcda.obj
 0001:00000ad0       ?getStringFromObj@@YA?AV?$Local@VString@v8@@@v8@@V?$Local@VObject@v8@@@2@V?$basic_string@DU?$char_traits@D@std@@V?$allocator@D@2@@std@@@Z 0000000180001ad0 f   opcda.obj
 0001:00000ba0       ?OnDataChange@dataChangeCallback@@UEAAXAEAVCOPCGroup@@AEAV?$CAtlMap@PEAVCOPCItem@@PEAUOPCItemData@@V?$CElementTraits@PEAVCOPCItem@@@ATL@@V?$CElementTraits@PEAUOPCItemData@@@4@@ATL@@@Z 0000000180001ba0 f i opcda.obj
 0001:00000f20       ??1?$pair@$$CBV?$basic_string@DU?$char_traits@D@std@@V?$allocator@D@2@@std@@V12@@std@@QEAA@XZ 0000000180001f20 f i opcda.obj
 0001:00000f90       ?async_dataCallback@@YAXPEAUuv_async_s@@@Z 0000000180001f90 f   opcda.obj
 0001:00001260       ?gather_thread@@YAXPEAX@Z  0000000180002260 f   opcda.obj
 0001:000015b0       ??1?$map@V?$basic_string@DU?$char_traits@D@std@@V?$allocator@D@2@@std@@V12@U?$less@V?$basic_string@DU?$char_traits@D@std@@V?$allocator@D@2@@std@@@2@V?$allocator@U?$pair@$$CBV?$basic_string@DU?$char_traits@D@std@@V?$allocator@D@2@@std@@V12@@std@@@2@@std@@QEAA@XZ 00000001800025b0 f i opcda.obj
 0001:000015f0       ?Init@@YAXAEBV?$FunctionCallbackInfo@VValue@v8@@@Nan@@@Z 00000001800025f0 f   opcda.obj
 0001:00001ba0       ?InterfaceInit@@YAXV?$Local@VObject@v8@@@v8@@@Z 0000000180002ba0 f   opcda.obj
 0001:00001c00       ??1?$CStringT@DV?$StrTraitATL@DV?$ChTraitsCRT@D@ATL@@@ATL@@@ATL@@QEAA@XZ 0000000180002c00 f i opcda.obj
 0001:00001c40       ??4?$CStringT@DV?$StrTraitATL@DV?$ChTraitsCRT@D@ATL@@@ATL@@@ATL@@QEAAAEAV01@PEB_W@Z 0000000180002c40 f i opcda.obj
 0001:00001d70       ??1?$basic_string@DU?$char_traits@D@std@@V?$allocator@D@2@@std@@QEAA@XZ 0000000180002d70 f i opcda.obj
 0001:00001db0       ?_Tidy@?$vector@JV?$allocator@J@std@@@std@@IEAAXXZ 0000000180002db0 f i opcda.obj
 0001:00001db0       ??1?$vector@PEAVCOPCItem@@V?$allocator@PEAVCOPCItem@@@std@@@std@@QEAA@XZ 0000000180002db0 f i opcda.obj
 0001:00001db0       ?_Tidy@?$vector@PEAVCOPCItem@@V?$allocator@PEAVCOPCItem@@@std@@@std@@IEAAXXZ 0000000180002db0 f i opcda.obj
 0001:00001db0       ??1?$vector@JV?$allocator@J@std@@@std@@QEAA@XZ 0000000180002db0 f i opcda.obj
 0001:00001de0       ??4?$vector@PEAVCOPCItem@@V?$allocator@PEAVCOPCItem@@@std@@@std@@QEAAAEAV01@AEBV01@@Z 0000000180002de0 f i opcda.obj
 0001:00001f60       ?push_back@?$vector@V?$basic_string@DU?$char_traits@D@std@@V?$allocator@D@2@@std@@V?$allocator@V?$basic_string@DU?$char_traits@D@std@@V?$allocator@D@2@@std@@@2@@std@@QEAAX$$QEAV?$basic_string@DU?$char_traits@D@std@@V?$allocator@D@2@@2@@Z 0000000180002f60 f i opcda.obj
 0001:000020c0       ??1?$vector@V?$basic_string@DU?$char_traits@D@std@@V?$allocator@D@2@@std@@V?$allocator@V?$basic_string@DU?$char_traits@D@std@@V?$allocator@D@2@@std@@@2@@std@@QEAA@XZ 00000001800030c0 f i opcda.obj
 0001:000020d0       ??0?$map@V?$basic_string@DU?$char_traits@D@std@@V?$allocator@D@2@@std@@V12@U?$less@V?$basic_string@DU?$char_traits@D@std@@V?$allocator@D@2@@std@@@2@V?$allocator@U?$pair@$$CBV?$basic_string@DU?$char_traits@D@std@@V?$allocator@D@2@@std@@V12@@std@@@2@@std@@QEAA@XZ 00000001800030d0 f i opcda.obj
 0001:00002150       ??1?$_Tree@V?$_Tmap_traits@V?$basic_string@DU?$char_traits@D@std@@V?$allocator@D@2@@std@@V12@U?$less@V?$basic_string@DU?$char_traits@D@std@@V?$allocator@D@2@@std@@@2@V?$allocator@U?$pair@$$CBV?$basic_string@DU?$char_traits@D@std@@V?$allocator@D@2@@std@@V12@@std@@@2@$0A@@std@@@std@@QEAA@XZ 0000000180003150 f i opcda.obj
 0001:00002190       ??1?$_Tree_comp@$0A@V?$_Tmap_traits@V?$basic_string@DU?$char_traits@D@std@@V?$allocator@D@2@@std@@V12@U?$less@V?$basic_string@DU?$char_traits@D@std@@V?$allocator@D@2@@std@@@2@V?$allocator@U?$pair@$$CBV?$basic_string@DU?$char_traits@D@std@@V?$allocator@D@2@@std@@V12@@std@@@2@$0A@@std@@@std@@QEAA@XZ 0000000180003190 f i opcda.obj
 0001:000021b0       ??1?$_Tree_buy@U?$pair@$$CBV?$basic_string@DU?$char_traits@D@std@@V?$allocator@D@2@@std@@V12@@std@@V?$allocator@U?$pair@$$CBV?$basic_string@DU?$char_traits@D@std@@V?$allocator@D@2@@std@@V12@@std@@@2@@std@@QEAA@XZ 00000001800031b0 f i opcda.obj
 0001:000021d0       ??1?$CSimpleStringT@D$0A@@ATL@@QEAA@XZ 00000001800031d0 f i opcda.obj
 0001:000021f0       ?_Assign_rv@?$basic_string@DU?$char_traits@D@std@@V?$allocator@D@2@@std@@QEAAX$$QEAV12@@Z 00000001800031f0 f i opcda.obj
 0001:00002270       ?assign@?$basic_string@DU?$char_traits@D@std@@V?$allocator@D@2@@std@@QEAAAEAV12@AEBV12@_K1@Z 0000000180003270 f i opcda.obj
 0001:000023a0       ?_Reserve@?$vector@V?$basic_string@DU?$char_traits@D@std@@V?$allocator@D@2@@std@@V?$allocator@V?$basic_string@DU?$char_traits@D@std@@V?$allocator@D@2@@std@@@2@@std@@IEAAX_K@Z 00000001800033a0 f i opcda.obj
 0001:00002430       ?_Tidy@?$vector@V?$basic_string@DU?$char_traits@D@std@@V?$allocator@D@2@@std@@V?$allocator@V?$basic_string@DU?$char_traits@D@std@@V?$allocator@D@2@@std@@@2@@std@@IEAAXXZ 0000000180003430 f i opcda.obj
 0001:000024b0       ?_Erase@?$_Tree@V?$_Tmap_traits@V?$basic_string@DU?$char_traits@D@std@@V?$allocator@D@2@@std@@V12@U?$less@V?$basic_string@DU?$char_traits@D@std@@V?$allocator@D@2@@std@@@2@V?$allocator@U?$pair@$$CBV?$basic_string@DU?$char_traits@D@std@@V?$allocator@D@2@@std@@V12@@std@@@2@$0A@@std@@@std@@IEAAXPEAU?$_Tree_node@U?$pair@$$CBV?$basic_string@DU?$char_traits@D@std@@V?$allocator@D@2@@std@@V12@@std@@PEAX@2@@Z 00000001800034b0 f i opcda.obj
 0001:00002570       ??1?$_Tree_alloc@$0A@U?$_Tree_base_types@U?$pair@$$CBV?$basic_string@DU?$char_traits@D@std@@V?$allocator@D@2@@std@@V12@@std@@V?$allocator@U?$pair@$$CBV?$basic_string@DU?$char_traits@D@std@@V?$allocator@D@2@@std@@V12@@std@@@2@@std@@@std@@QEAA@XZ 0000000180003570 f i opcda.obj
 0001:00002580       ?assign@?$basic_string@DU?$char_traits@D@std@@V?$allocator@D@2@@std@@QEAAAEAV12@PEBD_K@Z 0000000180003580 f i opcda.obj
 0001:000026c0       ?erase@?$basic_string@DU?$char_traits@D@std@@V?$allocator@D@2@@std@@QEAAAEAV12@_K0@Z 00000001800036c0 f i opcda.obj
 0001:00002790       ?_Reallocate@?$vector@V?$basic_string@DU?$char_traits@D@std@@V?$allocator@D@2@@std@@V?$allocator@V?$basic_string@DU?$char_traits@D@std@@V?$allocator@D@2@@std@@@2@@std@@IEAAX_K@Z 0000000180003790 f i opcda.obj
 0001:00002880       ?erase@?$_Tree@V?$_Tmap_traits@V?$basic_string@DU?$char_traits@D@std@@V?$allocator@D@2@@std@@V12@U?$less@V?$basic_string@DU?$char_traits@D@std@@V?$allocator@D@2@@std@@@2@V?$allocator@U?$pair@$$CBV?$basic_string@DU?$char_traits@D@std@@V?$allocator@D@2@@std@@V12@@std@@@2@$0A@@std@@@std@@QEAA?AV?$_Tree_iterator@V?$_Tree_val@U?$_Tree_simple_types@U?$pair@$$CBV?$basic_string@DU?$char_traits@D@std@@V?$allocator@D@2@@std@@V12@@std@@@std@@@std@@@2@V?$_Tree_const_iterator@V?$_Tree_val@U?$_Tree_simple_types@U?$pair@$$CBV?$basic_string@DU?$char_traits@D@std@@V?$allocator@D@2@@std@@V12@@std@@@std@@@std@@@2@0@Z 0000000180003880 f i opcda.obj
 0001:00002980       ?PrepareWrite2@?$CSimpleStringT@D$0A@@ATL@@AEAAXH@Z 0000000180003980 f i opcda.obj
 0001:000029e0       ?_Copy@?$basic_string@DU?$char_traits@D@std@@V?$allocator@D@2@@std@@QEAAX_K0@Z 00000001800039e0 f i opcda.obj
 0001:00002ae0       ?erase@?$_Tree@V?$_Tmap_traits@V?$basic_string@DU?$char_traits@D@std@@V?$allocator@D@2@@std@@V12@U?$less@V?$basic_string@DU?$char_traits@D@std@@V?$allocator@D@2@@std@@@2@V?$allocator@U?$pair@$$CBV?$basic_string@DU?$char_traits@D@std@@V?$allocator@D@2@@std@@V12@@std@@@2@$0A@@std@@@std@@QEAA?AV?$_Tree_iterator@V?$_Tree_val@U?$_Tree_simple_types@U?$pair@$$CBV?$basic_string@DU?$char_traits@D@std@@V?$allocator@D@2@@std@@V12@@std@@@std@@@std@@@2@V?$_Tree_const_iterator@V?$_Tree_val@U?$_Tree_simple_types@U?$pair@$$CBV?$basic_string@DU?$char_traits@D@std@@V?$allocator@D@2@@std@@V12@@std@@@std@@@std@@@2@@Z 0000000180003ae0 f i opcda.obj
 0001:00002f70       ?Fork@?$CSimpleStringT@D$0A@@ATL@@AEAAXH@Z 0000000180003f70 f i opcda.obj
 0001:00003020       ?Reallocate@?$CSimpleStringT@D$0A@@ATL@@AEAAXH@Z 0000000180004020 f i opcda.obj
 0001:00003070       ?_Lrotate@?$_Tree@V?$_Tmap_traits@V?$basic_string@DU?$char_traits@D@std@@V?$allocator@D@2@@std@@V12@U?$less@V?$basic_string@DU?$char_traits@D@std@@V?$allocator@D@2@@std@@@2@V?$allocator@U?$pair@$$CBV?$basic_string@DU?$char_traits@D@std@@V?$allocator@D@2@@std@@V12@@std@@@2@$0A@@std@@@std@@IEAAXPEAU?$_Tree_node@U?$pair@$$CBV?$basic_string@DU?$char_traits@D@std@@V?$allocator@D@2@@std@@V12@@std@@PEAX@2@@Z 0000000180004070 f i opcda.obj
 0001:000030d0       ?_Rrotate@?$_Tree@V?$_Tmap_traits@V?$basic_string@DU?$char_traits@D@std@@V?$allocator@D@2@@std@@V12@U?$less@V?$basic_string@DU?$char_traits@D@std@@V?$allocator@D@2@@std@@@2@V?$allocator@U?$pair@$$CBV?$basic_string@DU?$char_traits@D@std@@V?$allocator@D@2@@std@@V12@@std@@@2@$0A@@std@@@std@@IEAAXPEAU?$_Tree_node@U?$pair@$$CBV?$basic_string@DU?$char_traits@D@std@@V?$allocator@D@2@@std@@V12@@std@@PEAX@2@@Z 00000001800040d0 f i opcda.obj
 0001:00003130       ?ThrowMemoryException@?$CSimpleStringT@D$0A@@ATL@@KAXXZ 0000000180004130 f i opcda.obj
 0001:00003140       ??$New@VString@v8@@V?$basic_string@DU?$char_traits@D@std@@V?$allocator@D@2@@std@@@Nan@@YA?AV?$MaybeLocal@VString@v8@@@v8@@V?$basic_string@DU?$char_traits@D@std@@V?$allocator@D@2@@std@@@Z 0000000180004140 f i opcda.obj
 0001:00003210       ??$SetMethod@VObject@v8@@VLocal@2@@Nan@@YAXV?$Local@VObject@v8@@@v8@@PEBDP6AXAEBV?$FunctionCallbackInfo@VValue@v8@@@0@@Z@Z 0000000180004210 f i opcda.obj
 0001:000032d0       ??$_Insert_nohint@U?$pair@$$CBV?$basic_string@DU?$char_traits@D@std@@V?$allocator@D@2@@std@@V12@@std@@U_Nil@2@@?$_Tree@V?$_Tmap_traits@V?$basic_string@DU?$char_traits@D@std@@V?$allocator@D@2@@std@@V12@U?$less@V?$basic_string@DU?$char_traits@D@std@@V?$allocator@D@2@@std@@@2@V?$allocator@U?$pair@$$CBV?$basic_string@DU?$char_traits@D@std@@V?$allocator@D@2@@std@@V12@@std@@@2@$0A@@std@@@std@@IEAA?AU?$pair@V?$_Tree_iterator@V?$_Tree_val@U?$_Tree_simple_types@U?$pair@$$CBV?$basic_string@DU?$char_traits@D@std@@V?$allocator@D@2@@std@@V12@@std@@@std@@@std@@@std@@_N@1@_N$$QEAU?$pair@$$CBV?$basic_string@DU?$char_traits@D@std@@V?$allocator@D@2@@std@@V12@@1@U_Nil@1@@Z 00000001800042d0 f i opcda.obj
 0001:000034d0       ??$_Umove@PEAV?$basic_string@DU?$char_traits@D@std@@V?$allocator@D@2@@std@@@?$vector@V?$basic_string@DU?$char_traits@D@std@@V?$allocator@D@2@@std@@V?$allocator@V?$basic_string@DU?$char_traits@D@std@@V?$allocator@D@2@@std@@@2@@std@@IEAAPEAV?$basic_string@DU?$char_traits@D@std@@V?$allocator@D@2@@1@PEAV21@00@Z 00000001800044d0 f i opcda.obj
 0001:00003590       ??$SetMethodAux@V?$Local@VObject@v8@@@v8@@@imp@Nan@@YAXV?$Local@VObject@v8@@@v8@@V?$Local@VString@v8@@@3@V?$Local@VFunctionTemplate@v8@@@3@ZZ 0000000180004590 f i opcda.obj
 0001:00003600       ??$_Insert_at@U?$pair@$$CBV?$basic_string@DU?$char_traits@D@std@@V?$allocator@D@2@@std@@V12@@std@@U_Nil@2@@?$_Tree@V?$_Tmap_traits@V?$basic_string@DU?$char_traits@D@std@@V?$allocator@D@2@@std@@V12@U?$less@V?$basic_string@DU?$char_traits@D@std@@V?$allocator@D@2@@std@@@2@V?$allocator@U?$pair@$$CBV?$basic_string@DU?$char_traits@D@std@@V?$allocator@D@2@@std@@V12@@std@@@2@$0A@@std@@@std@@IEAA?AV?$_Tree_iterator@V?$_Tree_val@U?$_Tree_simple_types@U?$pair@$$CBV?$basic_string@DU?$char_traits@D@std@@V?$allocator@D@2@@std@@V12@@std@@@std@@@std@@@1@_NPEAU?$_Tree_node@U?$pair@$$CBV?$basic_string@DU?$char_traits@D@std@@V?$allocator@D@2@@std@@V12@@std@@PEAX@1@$$QEAU?$pair@$$CBV?$basic_string@DU?$char_traits@D@std@@V?$allocator@D@2@@std@@V12@@1@U_Nil@1@@Z 0000000180004600 f i opcda.obj
 0001:00003930       ??$?0$$CBV?$basic_string@DU?$char_traits@D@std@@V?$allocator@D@2@@std@@V01@X@?$pair@$$CBV?$basic_string@DU?$char_traits@D@std@@V?$allocator@D@2@@std@@V12@@std@@QEAA@$$QEAU01@@Z 0000000180004930 f i opcda.obj
 0001:00003a40       ??0COPCServer@@QEAA@AEAV?$CComPtr@UIOPCServer@@@ATL@@@Z 0000000180004a40 f   OPCClientToolKit64:OPCServer.obj
 0001:00003bf0       ??0OPCException@@QEAA@AEBV0@@Z 0000000180004bf0 f i OPCClientToolKit64:OPCServer.obj
 0001:00003c30       ??1?$CComPtr@UIOPCAsyncIO2@@@ATL@@QEAA@XZ 0000000180004c30 f i OPCClientToolKit64:OPCGroup.obj
 0001:00003c30       ??1?$CComPtr@UIConnectionPointContainer@@@ATL@@QEAA@XZ 0000000180004c30 f i OPCClientToolKit64:OPCGroup.obj
 0001:00003c30       ??1?$CComPtr@UIEnumGUID@@@ATL@@QEAA@XZ 0000000180004c30 f i OPCClientToolKit64:OPCHost.obj
 0001:00003c30       ??1?$CComPtr@UIOPCGroupStateMgt@@@ATL@@QEAA@XZ 0000000180004c30 f i OPCClientToolKit64:OPCGroup.obj
 0001:00003c30       ??1?$CComPtr@VCAsynchDataCallback@@@ATL@@QEAA@XZ 0000000180004c30 f i OPCClientToolKit64:OPCGroup.obj
 0001:00003c30       ??1?$CComPtr@UIOPCBrowseServerAddressSpace@@@ATL@@QEAA@XZ 0000000180004c30 f i OPCClientToolKit64:OPCServer.obj
 0001:00003c30       ??1?$CComPtr@UIUnknown@@@ATL@@QEAA@XZ 0000000180004c30 f i OPCClientToolKit64:OPCHost.obj
 0001:00003c30       ??1?$CComPtr@UIOPCServer@@@ATL@@QEAA@XZ 0000000180004c30 f i OPCClientToolKit64:OPCServer.obj
 0001:00003c30       ??1?$CComPtr@UIConnectionPoint@@@ATL@@QEAA@XZ 0000000180004c30 f i OPCClientToolKit64:OPCGroup.obj
 0001:00003c30       ??1?$CComPtr@UIOPCSyncIO@@@ATL@@QEAA@XZ 0000000180004c30 f i OPCClientToolKit64:OPCGroup.obj
 0001:00003c30       ??1?$CComPtr@UIOPCItemProperties@@@ATL@@QEAA@XZ 0000000180004c30 f i OPCClientToolKit64:OPCServer.obj
 0001:00003c30       ??1?$CComPtr@UIOPCServerList@@@ATL@@QEAA@XZ 0000000180004c30 f i OPCClientToolKit64:OPCHost.obj
 0001:00003c30       ??1?$CComPtr@UIOPCItemMgt@@@ATL@@QEAA@XZ 0000000180004c30 f i OPCClientToolKit64:OPCGroup.obj
 0001:00003c30       ??1?$CComPtr@UICatInformation@@@ATL@@QEAA@XZ 0000000180004c30 f i OPCClientToolKit64:OPCHost.obj
 0001:00003c30       ??1?$CComPtr@UIClassFactory@@@ATL@@QEAA@XZ 0000000180004c30 f i OPCClientToolKit64:OPCHost.obj
 0001:00003c40       ??1OPCException@@QEAA@XZ   0000000180004c40 f i OPCClientToolKit64:OPCServer.obj
 0001:00003c80       ??_ECOPCServer@@UEAAPEAXI@Z 0000000180004c80 f i OPCClientToolKit64:OPCServer.obj
 0001:00003c80       ??_GCOPCServer@@UEAAPEAXI@Z 0000000180004c80 f i OPCClientToolKit64:OPCServer.obj
 0001:00003d00       ?makeGroup@COPCServer@@QEAAPEAVCOPCGroup@@AEBV?$basic_string@DU?$char_traits@D@std@@V?$allocator@D@2@@std@@_NKAEAKM@Z 0000000180004d00 f   OPCClientToolKit64:OPCServer.obj
 0001:00003d90       ??0COPCGroup@@QEAA@AEBV?$basic_string@DU?$char_traits@D@std@@V?$allocator@D@2@@std@@_NKAEAKMAEAVCOPCServer@@@Z 0000000180004d90 f   OPCClientToolKit64:OPCGroup.obj
 0001:00004120       ??1?$CAtlMap@PEAVCOPCItem@@PEAUOPCItemData@@V?$CElementTraits@PEAVCOPCItem@@@ATL@@V?$CElementTraits@PEAUOPCItemData@@@4@@ATL@@QEAA@XZ 0000000180005120 f i OPCClientToolKit64:OPCGroup.obj
 0001:00004140       ??1COPCGroup@@UEAA@XZ      0000000180005140 f   OPCClientToolKit64:OPCGroup.obj
 0001:00004220       ??4?$CComPtr@VCAsynchDataCallback@@@ATL@@QEAAPEAVCAsynchDataCallback@@PEAV2@@Z 0000000180005220 f i OPCClientToolKit64:OPCGroup.obj
 0001:00004280       ??_ECOPCGroup@@UEAAPEAXI@Z 0000000180005280 f i OPCClientToolKit64:OPCGroup.obj
 0001:00004280       ??_GCOPCGroup@@UEAAPEAXI@Z 0000000180005280 f i OPCClientToolKit64:OPCGroup.obj
 0001:000042b0       ?AddRef@CAsynchDataCallback@@UEAAKXZ 00000001800052b0 f i OPCClientToolKit64:OPCGroup.obj
 0001:000042c0       ?AtlA2WHelper@@YAPEA_WPEA_WPEBDHI@Z 00000001800052c0 f i OPCClientToolKit64:OPCGroup.obj
 0001:00004320       ?FreeNode@?$CAtlMap@PEAVCOPCItem@@PEAUOPCItemData@@V?$CElementTraits@PEAVCOPCItem@@@ATL@@V?$CElementTraits@PEAUOPCItemData@@@4@@ATL@@AEAAXPEAVCNode@12@@Z 0000000180005320 f i OPCClientToolKit64:OPCGroup.obj
 0001:000043b0       ?InitHashTable@?$CAtlMap@PEAVCOPCItem@@PEAUOPCItemData@@V?$CElementTraits@PEAVCOPCItem@@@ATL@@V?$CElementTraits@PEAUOPCItemData@@@4@@ATL@@QEAA_NI_N@Z 00000001800053b0 f i OPCClientToolKit64:OPCGroup.obj
 0001:000044d0       ?NewNode@?$CAtlMap@PEAVCOPCItem@@PEAUOPCItemData@@V?$CElementTraits@PEAVCOPCItem@@@ATL@@V?$CElementTraits@PEAUOPCItemData@@@4@@ATL@@AEAAPEAVCNode@12@AEBQEAVCOPCItem@@II@Z 00000001800054d0 f i OPCClientToolKit64:OPCGroup.obj
 0001:00004640       ?OnCancelComplete@CAsynchDataCallback@@UEAAJKK@Z 0000000180005640 f i OPCClientToolKit64:OPCGroup.obj
 0001:00004660       ?OnDataChange@CAsynchDataCallback@@UEAAJKKJJKPEAKPEAUtagVARIANT@@PEAGPEAU_FILETIME@@PEAJ@Z 0000000180005660 f i OPCClientToolKit64:OPCGroup.obj
 0001:00004830       ?OnReadComplete@CAsynchDataCallback@@UEAAJKKJJKPEAKPEAUtagVARIANT@@PEAGPEAU_FILETIME@@PEAJ@Z 0000000180005830 f i OPCClientToolKit64:OPCGroup.obj
 0001:00004890       ?OnWriteComplete@CAsynchDataCallback@@UEAAJKKJKPEAKPEAJ@Z 0000000180005890 f i OPCClientToolKit64:OPCGroup.obj
 0001:00004900       ?PickSize@?$CAtlMap@PEAVCOPCItem@@PEAUOPCItemData@@V?$CElementTraits@PEAVCOPCItem@@@ATL@@V?$CElementTraits@PEAUOPCItemData@@@4@@ATL@@AEBAI_K@Z 0000000180005900 f i OPCClientToolKit64:OPCGroup.obj
 0001:00004980       ?QueryInterface@CAsynchDataCallback@@UEAAJAEBU_GUID@@PEAPEAX@Z 0000000180005980 f i OPCClientToolKit64:OPCGroup.obj
 0001:000049f0       ?Rehash@?$CAtlMap@PEAVCOPCItem@@PEAUOPCItemData@@V?$CElementTraits@PEAVCOPCItem@@@ATL@@V?$CElementTraits@PEAUOPCItemData@@@4@@ATL@@QEAAXI@Z 00000001800059f0 f i OPCClientToolKit64:OPCGroup.obj
 0001:00004c00       ?Release@CAsynchDataCallback@@UEAAKXZ 0000000180005c00 f i OPCClientToolKit64:OPCGroup.obj
 0001:00004c30       ?RemoveAll@?$CAtlMap@PEAVCOPCItem@@PEAUOPCItemData@@V?$CElementTraits@PEAVCOPCItem@@@ATL@@V?$CElementTraits@PEAUOPCItemData@@@4@@ATL@@QEAAXXZ 0000000180005c30 f i OPCClientToolKit64:OPCGroup.obj
 0001:00004e50       ?RemoveAtPos@?$CAtlMap@PEAVCOPCItem@@PEAUOPCItemData@@V?$CElementTraits@PEAVCOPCItem@@@ATL@@V?$CElementTraits@PEAUOPCItemData@@@4@@ATL@@QEAAXPEAU__POSITION@@@Z 0000000180005e50 f i OPCClientToolKit64:OPCGroup.obj
 0001:00004ed0       ?SetAt@?$CAtlMap@PEAVCOPCItem@@PEAUOPCItemData@@V?$CElementTraits@PEAVCOPCItem@@@ATL@@V?$CElementTraits@PEAUOPCItemData@@@4@@ATL@@QEAAPEAU__POSITION@@AEBQEAVCOPCItem@@AEBQEAUOPCItemData@@@Z 0000000180005ed0 f i OPCClientToolKit64:OPCGroup.obj
 0001:00004f90       ?_Reallocate@?$vector@JV?$allocator@J@std@@@std@@IEAAX_K@Z 0000000180005f90 f i OPCClientToolKit64:OPCGroup.obj
 0001:00005050       ?_Reallocate@?$vector@PEAVCOPCItem@@V?$allocator@PEAVCOPCItem@@@std@@@std@@IEAAX_K@Z 0000000180006050 f i OPCClientToolKit64:OPCGroup.obj
 0001:00005110       ?addItems@COPCGroup@@QEAAHAEAV?$vector@V?$basic_string@DU?$char_traits@D@std@@V?$allocator@D@2@@std@@V?$allocator@V?$basic_string@DU?$char_traits@D@std@@V?$allocator@D@2@@std@@@2@@std@@AEAV?$vector@PEAVCOPCItem@@V?$allocator@PEAVCOPCItem@@@std@@@3@AEAV?$vector@JV?$allocator@J@std@@@3@_N@Z 0000000180006110 f   OPCClientToolKit64:OPCGroup.obj
 0001:00005480       ?enableAsynch@COPCGroup@@QEAAXAEAVIAsynchDataCallback@@@Z 0000000180006480 f   OPCClientToolKit64:OPCGroup.obj
 0001:00005740       ?resize@?$vector@JV?$allocator@J@std@@@std@@QEAAX_K@Z 0000000180006740 f i OPCClientToolKit64:OPCGroup.obj
 0001:00005840       ?resize@?$vector@PEAVCOPCItem@@V?$allocator@PEAVCOPCItem@@@std@@@std@@QEAAX_K@Z 0000000180006840 f i OPCClientToolKit64:OPCGroup.obj
 0001:00005940       ?updateOPCData@CAsynchDataCallback@@SAXAEAVCOPCItem_DataMap@@KPEAKPEAUtagVARIANT@@PEAGPEAU_FILETIME@@PEAJ@Z 0000000180006940 f i OPCClientToolKit64:OPCGroup.obj
 0001:00005a90       ?comFree@COPCClient@@SAXPEAX@Z 0000000180006a90 f   OPCClientToolKit64:OPCClient.obj
 0001:00005ab0       ?init@COPCClient@@SAXXZ    0000000180006ab0 f   OPCClientToolKit64:OPCClient.obj
 0001:00005c50       ?makeHost@COPCClient@@SAPEAVCOPCHost@@AEBV?$basic_string@DU?$char_traits@D@std@@V?$allocator@D@2@@std@@@Z 0000000180006c50 f   OPCClientToolKit64:OPCClient.obj
 0001:00005cb0       ??0OPCItemData@@QEAA@J@Z   0000000180006cb0 f   OPCClientToolKit64:OPCItemData.obj
 0001:00005cc0       ??0OPCItemData@@QEAA@U_FILETIME@@GAEAUtagVARIANT@@J@Z 0000000180006cc0 f   OPCClientToolKit64:OPCItemData.obj
 0001:00005db0       ??1COPCItem_DataMap@@QEAA@XZ 0000000180006db0 f   OPCClientToolKit64:OPCItemData.obj
 0001:00005ea0       ?setCompleted@CTransaction@@QEAAXXZ 0000000180006ea0 f   OPCClientToolKit64:Transaction.obj
 0001:00005ec0       ?setItemError@CTransaction@@QEAAXPEAVCOPCItem@@J@Z 0000000180006ec0 f   OPCClientToolKit64:Transaction.obj
 0001:00005f50       ??0COPCItem@@IEAA@AEAV?$basic_string@DU?$char_traits@D@std@@V?$allocator@D@2@@std@@AEAVCOPCGroup@@@Z 0000000180006f50 f   OPCClientToolKit64:OPCItem.obj
 0001:00005fa0       ??1COPCItem@@UEAA@XZ       0000000180006fa0 f   OPCClientToolKit64:OPCItem.obj
 0001:00006020       ??_ECOPCItem@@UEAAPEAXI@Z  0000000180007020 f i OPCClientToolKit64:OPCItem.obj
 0001:00006020       ??_GCOPCItem@@UEAAPEAXI@Z  0000000180007020 f i OPCClientToolKit64:OPCItem.obj
 0001:00006050       ?setOPCParams@COPCItem@@IEAAXKGK@Z 0000000180007050 f   OPCClientToolKit64:OPCItem.obj
 0001:00006060       ??0CLocalHost@@QEAA@XZ     0000000180007060 f   OPCClientToolKit64:OPCHost.obj
 0001:00006070       ??0CRemoteHost@@QEAA@AEBV?$basic_string@DU?$char_traits@D@std@@V?$allocator@D@2@@std@@@Z 0000000180007070 f   OPCClientToolKit64:OPCHost.obj
 0001:000060c0       ??1COPCHost@@UEAA@XZ       00000001800070c0 f   OPCClientToolKit64:OPCHost.obj
 0001:000060d0       ??_ECLocalHost@@UEAAPEAXI@Z 00000001800070d0 f i OPCClientToolKit64:OPCHost.obj
 0001:000060d0       ??_ECOPCHost@@UEAAPEAXI@Z  00000001800070d0 f i OPCClientToolKit64:OPCHost.obj
 0001:000060d0       ??_GCOPCHost@@UEAAPEAXI@Z  00000001800070d0 f i OPCClientToolKit64:OPCHost.obj
 0001:000060d0       ??_GCLocalHost@@UEAAPEAXI@Z 00000001800070d0 f i OPCClientToolKit64:OPCHost.obj
 0001:00006100       ??_ECRemoteHost@@UEAAPEAXI@Z 0000000180007100 f i OPCClientToolKit64:OPCHost.obj
 0001:00006100       ??_GCRemoteHost@@UEAAPEAXI@Z 0000000180007100 f i OPCClientToolKit64:OPCHost.obj
 0001:00006160       ?GetCLSIDFromRemoteRegistry@CRemoteHost@@AEAA?AU_GUID@@AEBV?$basic_string@DU?$char_traits@D@std@@V?$allocator@D@2@@std@@0@Z 0000000180007160 f   OPCClientToolKit64:OPCHost.obj
 0001:00006350       ?append@?$basic_string@DU?$char_traits@D@std@@V?$allocator@D@2@@std@@QEAAAEAV12@AEBV12@_K1@Z 0000000180007350 f i OPCClientToolKit64:OPCHost.obj
 0001:00006480       ?append@?$basic_string@DU?$char_traits@D@std@@V?$allocator@D@2@@std@@QEAAAEAV12@PEBD_K@Z 0000000180007480 f i OPCClientToolKit64:OPCHost.obj
 0001:000065d0       ?connectDAServer@CLocalHost@@UEAAPEAVCOPCServer@@AEBV?$basic_string@DU?$char_traits@D@std@@V?$allocator@D@2@@std@@@Z 00000001800075d0 f   OPCClientToolKit64:OPCHost.obj
 0001:00006910       ?connectDAServer@CRemoteHost@@QEAAPEAVCOPCServer@@AEBU_GUID@@@Z 0000000180007910 f   OPCClientToolKit64:OPCHost.obj
 0001:00006a50       ?connectDAServer@CRemoteHost@@UEAAPEAVCOPCServer@@AEBV?$basic_string@DU?$char_traits@D@std@@V?$allocator@D@2@@std@@@Z 0000000180007a50 f   OPCClientToolKit64:OPCHost.obj
 0001:00006aa0       ?getListOfDAServers@CLocalHost@@UEAAXU_GUID@@AEAV?$vector@V?$basic_string@DU?$char_traits@D@std@@V?$allocator@D@2@@std@@V?$allocator@V?$basic_string@DU?$char_traits@D@std@@V?$allocator@D@2@@std@@@2@@std@@@Z 0000000180007aa0 f   OPCClientToolKit64:OPCHost.obj
 0001:00006df0       ?getListOfDAServers@CRemoteHost@@UEAAXU_GUID@@AEAV?$vector@V?$basic_string@DU?$char_traits@D@std@@V?$allocator@D@2@@std@@V?$allocator@V?$basic_string@DU?$char_traits@D@std@@V?$allocator@D@2@@std@@@2@@std@@@Z 0000000180007df0 f   OPCClientToolKit64:OPCHost.obj
 0001:00007180       ?makeRemoteObject@CRemoteHost@@AEAAXU_GUID@@0PEAPEAX@Z 0000000180008180 f   OPCClientToolKit64:OPCHost.obj
 0001:0000737b       __imp_load_node_module_register 000000018000837b f   node:node.exe
 0001:00007387       __tailMerge_node_exe       0000000180008387 f i node:node.exe
 0001:00007400       __imp_load_?MakeCallback@node@@YA?AV?$Local@VValue@v8@@@v8@@PEAVIsolate@3@V?$Local@VObject@v8@@@3@V?$Local@VFunction@v8@@@3@HPEAV23@@Z 0000000180008400 f   node:node.exe
 0001:0000740c       __imp_load_uv_default_loop 000000018000840c f   node:node.exe
 0001:00007418       __imp_load_?Global@Context@v8@@QEAA?AV?$Local@VObject@v8@@@2@XZ 0000000180008418 f   node:node.exe
 0001:00007424       __imp_load_?ToLocalEmpty@V8@v8@@CAXXZ 0000000180008424 f   node:node.exe
 0001:00007430       __imp_load_?DisposeGlobal@V8@v8@@CAXPEAPEAVObject@internal@2@@Z 0000000180008430 f   node:node.exe
 0001:0000743c       __imp_load_?GlobalizeReference@V8@v8@@CAPEAPEAVObject@internal@2@PEAVIsolate@42@PEAPEAV342@@Z 000000018000843c f   node:node.exe
 0001:00007448       __imp_load_?Escape@EscapableHandleScope@v8@@AEAAPEAPEAVObject@internal@2@PEAPEAV342@@Z 0000000180008448 f   node:node.exe
 0001:00007454       __imp_load_??0EscapableHandleScope@v8@@QEAA@PEAVIsolate@1@@Z 0000000180008454 f   node:node.exe
 0001:00007460       __imp_load_?IsObject@Value@v8@@QEBA_NXZ 0000000180008460 f   node:node.exe
 0001:0000746c       __imp_load_?IsFunction@Value@v8@@QEBA_NXZ 000000018000846c f   node:node.exe
 0001:00007478       __imp_load_?SetClassName@FunctionTemplate@v8@@QEAAXV?$Local@VString@v8@@@2@@Z 0000000180008478 f   node:node.exe
 0001:00007484       __imp_load_?GetFunction@FunctionTemplate@v8@@QEAA?AV?$MaybeLocal@VFunction@v8@@@2@V?$Local@VContext@v8@@@2@@Z 0000000180008484 f   node:node.exe
 0001:00007490       __imp_load_?New@FunctionTemplate@v8@@SA?AV?$Local@VFunctionTemplate@v8@@@2@PEAVIsolate@2@P6AXAEBV?$FunctionCallbackInfo@VValue@v8@@@2@@ZV?$Local@VValue@v8@@@2@V?$Local@VSignature@v8@@@2@H@Z 0000000180008490 f   node:node.exe
 0001:0000749c       __imp_load_?TypeError@Exception@v8@@SA?AV?$Local@VValue@v8@@@2@V?$Local@VString@v8@@@2@@Z 000000018000849c f   node:node.exe
 0001:000074a8       __imp_load_??1Utf8Value@String@v8@@QEAA@XZ 00000001800084a8 f   node:node.exe
 0001:000074b4       __imp_load_??0Utf8Value@String@v8@@QEAA@V?$Local@VValue@v8@@@2@@Z 00000001800084b4 f   node:node.exe
 0001:000074c0       __imp_load_?NewFromUtf8@String@v8@@SA?AV?$MaybeLocal@VString@v8@@@2@PEAVIsolate@2@PEBDW4NewStringType@2@H@Z 00000001800084c0 f   node:node.exe
 0001:000074cc       __imp_load_?New@Array@v8@@SA?AV?$Local@VArray@v8@@@2@PEAVIsolate@2@H@Z 00000001800084cc f   node:node.exe
 0001:000074d8       __imp_load_?Length@Array@v8@@QEBAIXZ 00000001800084d8 f   node:node.exe
 0001:000074e4       __imp_load_?CreateHandle@HandleScope@v8@@KAPEAPEAVObject@internal@2@PEAVIsolate@42@PEAV342@@Z 00000001800084e4 f   node:node.exe
 0001:000074f0       __imp_load_?CreateHandle@HandleScope@v8@@CAPEAPEAVObject@internal@2@PEAVHeapObject@42@PEAV342@@Z 00000001800084f0 f   node:node.exe
 0001:000074fc       __imp_load_??1HandleScope@v8@@QEAA@XZ 00000001800084fc f   node:node.exe
 0001:00007508       __imp_load_??0HandleScope@v8@@QEAA@PEAVIsolate@1@@Z 0000000180008508 f   node:node.exe
 0001:00007514       __imp_load_?SlowGetInternalField@Object@v8@@AEAA?AV?$Local@VValue@v8@@@2@H@Z 0000000180008514 f   node:node.exe
 0001:00007520       __imp_load_?New@Object@v8@@SA?AV?$Local@VObject@v8@@@2@PEAVIsolate@2@@Z 0000000180008520 f   node:node.exe
 0001:0000752c       __imp_load_?SetInternalField@Object@v8@@QEAAXHV?$Local@VValue@v8@@@2@@Z 000000018000852c f   node:node.exe
 0001:00007538       __imp_load_?Get@Object@v8@@QEAA?AV?$MaybeLocal@VValue@v8@@@2@V?$Local@VContext@v8@@@2@V?$Local@VValue@v8@@@2@@Z 0000000180008538 f   node:node.exe
 0001:00007544       __imp_load_?Get@Object@v8@@QEAA?AV?$Local@VValue@v8@@@2@I@Z 0000000180008544 f   node:node.exe
 0001:00007550       __imp_load_?Set@Object@v8@@QEAA_NV?$Local@VValue@v8@@@2@0@Z 0000000180008550 f   node:node.exe
 0001:0000755c       __imp_load_?Set@Object@v8@@QEAA_NIV?$Local@VValue@v8@@@2@@Z 000000018000855c f   node:node.exe
 0001:00007568       __imp_load_?SetInternalFieldCount@ObjectTemplate@v8@@QEAAXH@Z 0000000180008568 f   node:node.exe
 0001:00007574       __imp_load_?NewInstance@ObjectTemplate@v8@@QEAA?AV?$MaybeLocal@VObject@v8@@@2@V?$Local@VContext@v8@@@2@@Z 0000000180008574 f   node:node.exe
 0001:00007580       __imp_load_?New@ObjectTemplate@v8@@SA?AV?$Local@VObjectTemplate@v8@@@2@PEAVIsolate@2@V?$Local@VFunctionTemplate@v8@@@2@@Z 0000000180008580 f   node:node.exe
 0001:0000758c       __imp_load_?ThrowException@Isolate@v8@@QEAA?AV?$Local@VValue@v8@@@2@V32@@Z 000000018000858c f   node:node.exe
 0001:00007598       __imp_load_?GetCurrentContext@Isolate@v8@@QEAA?AV?$Local@VContext@v8@@@2@XZ 0000000180008598 f   node:node.exe
 0001:000075a4       __imp_load_?GetCurrent@Isolate@v8@@SAPEAV12@XZ 00000001800085a4 f   node:node.exe
 0001:000075b0       __imp_load_?Value@External@v8@@QEBAPEAXXZ 00000001800085b0 f   node:node.exe
 0001:000075bc       __imp_load_?New@External@v8@@SA?AV?$Local@VExternal@v8@@@2@PEAVIsolate@2@PEAX@Z 00000001800085bc f   node:node.exe
 0001:000075c8       __imp_load_uv_async_send   00000001800085c8 f   node:node.exe
 0001:000075d4       __imp_load_uv_async_init   00000001800085d4 f   node:node.exe
 0001:000075e0       __imp_load_uv_thread_create 00000001800085e0 f   node:node.exe
 0001:000075ec       __imp_load_?ToString@Value@v8@@QEBA?AV?$Local@VString@v8@@@2@XZ 00000001800085ec f   node:node.exe
 0001:000075f8       __imp_load_??1EscapableHandleScope@v8@@QEAA@XZ 00000001800085f8 f   node:node.exe
 0001:00007604       ??0CAtlBaseModule@ATL@@QEAA@XZ 0000000180008604 f   atls:atlbase.obj
 0001:000076ac       ??1CAtlBaseModule@ATL@@QEAA@XZ 00000001800086ac f   atls:atlbase.obj
 0001:000076e0       ??0bad_alloc@std@@QEAA@AEBV01@@Z 00000001800086e0 f i libcpmt:xthrow.obj
 0001:00007704       ??0length_error@std@@QEAA@AEBV01@@Z 0000000180008704 f i libcpmt:xthrow.obj
 0001:00007728       ??0logic_error@std@@QEAA@AEBV01@@Z 0000000180008728 f i libcpmt:xthrow.obj
 0001:0000774c       ??0out_of_range@std@@QEAA@AEBV01@@Z 000000018000874c f i libcpmt:xthrow.obj
 0001:00007770       ??1bad_alloc@std@@UEAA@XZ  0000000180008770 f i libcpmt:xthrow.obj
 0001:00007780       ??1length_error@std@@UEAA@XZ 0000000180008780 f i libcpmt:xthrow.obj
 0001:00007780       ??1out_of_range@std@@UEAA@XZ 0000000180008780 f i libcpmt:xthrow.obj
 0001:00007788       ??_Ebad_alloc@std@@UEAAPEAXI@Z 0000000180008788 f i libcpmt:xthrow.obj
 0001:00007788       ??_Gbad_alloc@std@@UEAAPEAXI@Z 0000000180008788 f i libcpmt:xthrow.obj
 0001:000077c4       ??_Elength_error@std@@UEAAPEAXI@Z 00000001800087c4 f i libcpmt:xthrow.obj
 0001:000077c4       ??_Eout_of_range@std@@UEAAPEAXI@Z 00000001800087c4 f i libcpmt:xthrow.obj
 0001:000077c4       ??_Elogic_error@std@@UEAAPEAXI@Z 00000001800087c4 f i libcpmt:xthrow.obj
 0001:000077c4       ??_Glogic_error@std@@UEAAPEAXI@Z 00000001800087c4 f i libcpmt:xthrow.obj
 0001:000077c4       ??_Glength_error@std@@UEAAPEAXI@Z 00000001800087c4 f i libcpmt:xthrow.obj
 0001:000077c4       ??_Gout_of_range@std@@UEAAPEAXI@Z 00000001800087c4 f i libcpmt:xthrow.obj
 0001:000077f4       ?_Xbad_alloc@std@@YAXXZ    00000001800087f4 f   libcpmt:xthrow.obj
 0001:00007838       ?_Xlength_error@std@@YAXPEBD@Z 0000000180008838 f   libcpmt:xthrow.obj
 0001:00007870       ?_Xout_of_range@std@@YAXPEBD@Z 0000000180008870 f   libcpmt:xthrow.obj
 0001:000078a8       ??_U@YAPEAX_K@Z            00000001800088a8 f   libcpmt:newaop.obj
 0001:000078b0       ?_com_issue_error@@YAXJ@Z  00000001800088b0 f   comsupp:comsupp.obj
 0001:000078c0       ??0_com_error@@QEAA@AEBV0@@Z 00000001800088c0 f i comsupp:comraise.obj
 0001:00007900       ??1_com_error@@UEAA@XZ     0000000180008900 f i comsupp:comraise.obj
 0001:00007940       ??_E_com_error@@UEAAPEAXI@Z 0000000180008940 f i comsupp:comraise.obj
 0001:00007940       ??_G_com_error@@UEAAPEAXI@Z 0000000180008940 f i comsupp:comraise.obj
 0001:000079a0       ?_com_raise_error@@YAXJPEAUIErrorInfo@@@Z 00000001800089a0 f   comsupp:comraise.obj
 0001:000079d4       ??3@YAXPEAX@Z              00000001800089d4 f   LIBCMT:delete.obj
 0001:000079f0       __security_check_cookie    00000001800089f0 f   LIBCMT:amdsecgs.obj
 0001:00007a20       memcpy                     0000000180008a20 f   LIBCMT:memcpy.obj
 0001:00007a20       memmove                    0000000180008a20 f   LIBCMT:memcpy.obj
 0001:00007f88       free                       0000000180008f88 f   LIBCMT:free.obj
 0001:00007fc8       _wassert                   0000000180008fc8 f   LIBCMT:wassert.obj
 0001:0000892c       __onexitinit               000000018000992c f   LIBCMT:onexit.obj
 0001:00008970       _onexit                    0000000180009970 f   LIBCMT:onexit.obj
 0001:00008a7c       atexit                     0000000180009a7c f   LIBCMT:onexit.obj
 0001:00008a94       _get_printf_count_output   0000000180009a94 f   LIBCMT:printf.obj
 0001:00008aac       printf                     0000000180009aac f   LIBCMT:printf.obj
 0001:00008b58       _purecall                  0000000180009b58 f   LIBCMT:purevirt.obj
 0001:00008b84       memcpy_s                   0000000180009b84 f   LIBCMT:memcpy_s.obj
 0001:00008c0c       ??8type_info@@QEBA_NAEBV0@@Z 0000000180009c0c f   LIBCMT:typinfo.obj
 0001:00008c2c       ??_Gtype_info@@UEAAPEAXI@Z 0000000180009c2c f i LIBCMT:typinfo.obj
 0001:00008c2c       ??_Etype_info@@UEAAPEAXI@Z 0000000180009c2c f i LIBCMT:typinfo.obj
 0001:00008c68       ??2@YAPEAX_K@Z             0000000180009c68 f   LIBCMT:new.obj
 0001:00008cd4       ??0_LocaleUpdate@@QEAA@PEAUlocaleinfo_struct@@@Z 0000000180009cd4 f i LIBCMT:stricmp.obj
 0001:00008d7c       __ascii_stricmp            0000000180009d7c f   LIBCMT:stricmp.obj
 0001:00008db8       _stricmp                   0000000180009db8 f   LIBCMT:stricmp.obj
 0001:00008e00       _stricmp_l                 0000000180009e00 f   LIBCMT:stricmp.obj
 0001:00008eb4       _CRT_INIT                  0000000180009eb4 f   LIBCMT:dllcrt0.obj
 0001:00009014       _DllMainCRTStartup         000000018000a014 f   LIBCMT:dllcrt0.obj
 0001:00009174       _CxxThrowException         000000018000a174 f   LIBCMT:throw.obj
 0001:0000923c       ?_GetEstablisherFrame@@YAPEA_KPEA_KPEAU_xDISPATCHER_CONTEXT@@PEBU_s_FuncInfo@@0@Z 000000018000a23c f   LIBCMT:trnsctrl.obj
 0001:00009308       ?_GetRangeOfTrysToCheck@@YAPEBU_s_TryBlockMapEntry@@PEA_KPEBU_s_FuncInfo@@HHPEAI2PEAU_xDISPATCHER_CONTEXT@@@Z 000000018000a308 f   LIBCMT:trnsctrl.obj
 0001:00009434       ?__FrameUnwindToEmptyState@@YAXPEA_KPEAU_xDISPATCHER_CONTEXT@@PEBU_s_FuncInfo@@@Z 000000018000a434 f   LIBCMT:trnsctrl.obj
 0001:000094c8       ?__SehTransFilter@@YAHPEAU_EXCEPTION_POINTERS@@PEAUEHExceptionRecord@@PEA_KPEAU_CONTEXT@@PEAU_xDISPATCHER_CONTEXT@@PEBU_s_FuncInfo@@PEAH@Z 000000018000a4c8 f   LIBCMT:trnsctrl.obj
 0001:0000956c       _CallSETranslator          000000018000a56c f   LIBCMT:trnsctrl.obj
 0001:000095c0       _CreateFrameInfo           000000018000a5c0 f   LIBCMT:trnsctrl.obj
 0001:00009604       _FindAndUnlinkFrame        000000018000a604 f   LIBCMT:trnsctrl.obj
 0001:00009664       _GetImageBase              000000018000a664 f   LIBCMT:trnsctrl.obj
 0001:0000967c       _GetThrowImageBase         000000018000a67c f   LIBCMT:trnsctrl.obj
 0001:00009694       _IsExceptionObjectToBeDestroyed 000000018000a694 f   LIBCMT:trnsctrl.obj
 0001:000096c8       _SetImageBase              000000018000a6c8 f   LIBCMT:trnsctrl.obj
 0001:000096e4       _SetThrowImageBase         000000018000a6e4 f   LIBCMT:trnsctrl.obj
 0001:00009700       _UnwindNestedFrames        000000018000a700 f   LIBCMT:trnsctrl.obj
 0001:00009824       __CxxFrameHandler3         000000018000a824 f   LIBCMT:trnsctrl.obj
 0001:000098ac       __GSHandlerCheck_EH        000000018000a8ac f   LIBCMT:gshandlereh.obj
 0001:00009950       _alloca_probe              000000018000a950 f   LIBCMT:chkstk.obj
 0001:00009950       __chkstk                   000000018000a950 f   LIBCMT:chkstk.obj
 0001:000099a0       _fpmath                    000000018000a9a0 f   LIBCMT:fpinit.obj
 0001:000099a8       _cfltcvt_init              000000018000a9a8 f   LIBCMT:fpinit.obj
 0001:00009a30       malloc                     000000018000aa30 f   LIBCMT:malloc.obj
 0001:00009ae8       ??_U@YAPEAX_KAEBUnothrow_t@std@@@Z 000000018000aae8 f   LIBCMT:newaopnt.obj
 0001:00009af0       ??_V@YAXPEAX@Z             000000018000aaf0 f   LIBCMT:delete2.obj
 0001:00009b10       memset                     000000018000ab10 f   LIBCMT:memset.obj
 0001:00009d3c       __GSHandlerCheck           000000018000ad3c f   LIBCMT:gshandler.obj
 0001:00009d5c       __GSHandlerCheckCommon     000000018000ad5c f   LIBCMT:gshandler.obj
 0001:00009dd0       strlen                     000000018000add0 f   LIBCMT:strlen.obj
 0001:00009e78       ??0exception@std@@QEAA@AEBQEBD@Z 000000018000ae78 f   LIBCMT:stdexcpt.obj
 0001:00009ea8       ??0exception@std@@QEAA@AEBQEBDH@Z 000000018000aea8 f   LIBCMT:stdexcpt.obj
 0001:00009ec4       ??0exception@std@@QEAA@AEBV01@@Z 000000018000aec4 f   LIBCMT:stdexcpt.obj
 0001:00009ef0       ??1exception@std@@UEAA@XZ  000000018000aef0 f   LIBCMT:stdexcpt.obj
 0001:00009f00       ??4exception@std@@QEAAAEAV01@AEBV01@@Z 000000018000af00 f   LIBCMT:stdexcpt.obj
 0001:00009f44       ??_Eexception@std@@UEAAPEAXI@Z 000000018000af44 f i LIBCMT:stdexcpt.obj
 0001:00009f44       ??_Gexception@std@@UEAAPEAXI@Z 000000018000af44 f i LIBCMT:stdexcpt.obj
 0001:00009f80       ?_Copy_str@exception@std@@AEAAXPEBD@Z 000000018000af80 f   LIBCMT:stdexcpt.obj
 0001:00009fdc       ?_Tidy@exception@std@@AEAAXXZ 000000018000afdc f   LIBCMT:stdexcpt.obj
 0001:0000a004       ?what@exception@std@@UEBAPEBDXZ 000000018000b004 f   LIBCMT:stdexcpt.obj
 0001:0000a018       __raise_securityfailure    000000018000b018 f   LIBCMT:gs_report.obj
 0001:0000a064       __report_gsfailure         000000018000b064 f   LIBCMT:gs_report.obj
 0001:0000a138       __isa_available_init       000000018000b138 f   LIBCMT:cpu_disp.obj
 0001:0000a2dc       __doserrno                 000000018000b2dc f   LIBCMT:dosmap.obj
 0001:0000a2fc       _dosmaperr                 000000018000b2fc f   LIBCMT:dosmap.obj
 0001:0000a34c       _errno                     000000018000b34c f   LIBCMT:dosmap.obj
 0001:0000a36c       _get_errno_from_oserr      000000018000b36c f   LIBCMT:dosmap.obj
 0001:0000a3bc       _heap_init                 000000018000b3bc f   LIBCMT:heapinit.obj
 0001:0000a3dc       _heap_term                 000000018000b3dc f   LIBCMT:heapinit.obj
 0001:0000a3e8       _call_reportfault          000000018000b3e8 f   LIBCMT:invarg.obj
 0001:0000a4dc       _initp_misc_invarg         000000018000b4dc f   LIBCMT:invarg.obj
 0001:0000a4e4       _invalid_parameter         000000018000b4e4 f   LIBCMT:invarg.obj
 0001:0000a54c       _invalid_parameter_noinfo  000000018000b54c f   LIBCMT:invarg.obj
 0001:0000a56c       _invoke_watson             000000018000b56c f   LIBCMT:invarg.obj
 0001:0000a5a8       wcscat_s                   000000018000b5a8 f   LIBCMT:wcscat_s.obj
 0001:0000a630       wcscpy_s                   000000018000b630 f   LIBCMT:wcscpy_s.obj
 0001:0000a69c       wcslen                     000000018000b69c f   LIBCMT:wcslen.obj
 0001:0000a6b8       wcsncat_s                  000000018000b6b8 f   LIBCMT:wcsncat_s.obj
 0001:0000a7a0       __crtCorExitProcess        000000018000b7a0 f   LIBCMT:crt0dat.obj
 0001:0000a7e4       __crtExitProcess           000000018000b7e4 f   LIBCMT:crt0dat.obj
 0001:0000a7fc       __freeCrtMemory            000000018000b7fc f   LIBCMT:crt0dat.obj
 0001:0000a944       _amsg_exit                 000000018000b944 f   LIBCMT:crt0dat.obj
 0001:0000a96c       _cexit                     000000018000b96c f   LIBCMT:crt0dat.obj
 0001:0000a97c       _cinit                     000000018000b97c f   LIBCMT:crt0dat.obj
 0001:0000aa14       _exit                      000000018000ba14 f   LIBCMT:crt0dat.obj
 0001:0000aa20       _init_pointers             000000018000ba20 f   LIBCMT:crt0dat.obj
 0001:0000aacc       _initterm_e                000000018000bacc f   LIBCMT:crt0dat.obj
 0001:0000ab08       _lockexit                  000000018000bb08 f   LIBCMT:crt0dat.obj
 0001:0000ab14       _unlockexit                000000018000bb14 f   LIBCMT:crt0dat.obj
 0001:0000acb8       _set_abort_behavior        000000018000bcb8 f   LIBCMT:abort.obj
 0001:0000acd4       abort                      000000018000bcd4 f   LIBCMT:abort.obj
 0001:0000ad2c       _set_error_mode            000000018000bd2c f   LIBCMT:errmode.obj
 0001:0000ad6c       _itow_s                    000000018000bd6c f   LIBCMT:xtows.obj
 0001:0000aea4       __initstdio                000000018000bea4 f   LIBCMT:_file.obj
 0001:0000af3c       __endstdio                 000000018000bf3c f   LIBCMT:_file.obj
 0001:0000af6c       __iob_func                 000000018000bf6c f   LIBCMT:_file.obj
 0001:0000af74       _lock_file                 000000018000bf74 f   LIBCMT:_file.obj
 0001:0000afdc       _lock_file2                000000018000bfdc f   LIBCMT:_file.obj
 0001:0000b010       _unlock_file               000000018000c010 f   LIBCMT:_file.obj
 0001:0000b060       _unlock_file2              000000018000c060 f   LIBCMT:_file.obj
 0001:0000b080       _fflush_nolock             000000018000c080 f   LIBCMT:fflush.obj
 0001:0000b0cc       _flush                     000000018000c0cc f   LIBCMT:fflush.obj
 0001:0000b148       _flushall                  000000018000c148 f   LIBCMT:fflush.obj
 0001:0000b154       fflush                     000000018000c154 f   LIBCMT:fflush.obj
 0001:0000b280       setvbuf                    000000018000c280 f   LIBCMT:setvbuf.obj
 0001:0000b398       fwprintf                   000000018000c398 f   LIBCMT:fwprintf.obj
 0001:0000b42c       _vswprintf_c_l             000000018000c42c f   LIBCMT:vswprnc.obj
 0001:0000b464       _vswprintf_helper          000000018000c464 f   LIBCMT:vswprnc.obj
 0001:0000b580       __get_sigabrt              000000018000c580 f   LIBCMT:winsig.obj
 0001:0000b590       _initp_misc_winsig         000000018000c590 f   LIBCMT:winsig.obj
 0001:0000b5b0       raise                      000000018000c5b0 f   LIBCMT:winsig.obj
 0001:0000b7e4       __crtMessageBoxW           000000018000c7e4 f   LIBCMT:crtmboxw.obj
 0001:0000ba58       _FF_MSGBANNER              000000018000ca58 f   LIBCMT:crt0msg.obj
 0001:0000ba9c       _GET_RTERRMSG              000000018000ca9c f   LIBCMT:crt0msg.obj
 0001:0000bacc       _NMSG_WRITE                000000018000cacc f   LIBCMT:crt0msg.obj
 0001:0000bd3c       _msize                     000000018000cd3c f   LIBCMT:msize.obj
 0001:0000bd78       _calloc_crt                000000018000cd78 f   LIBCMT:crtheap.obj
 0001:0000bdf8       _malloc_crt                000000018000cdf8 f   LIBCMT:crtheap.obj
 0001:0000be74       _realloc_crt               000000018000ce74 f   LIBCMT:crtheap.obj
 0001:0000bef8       __C_specific_handler       000000018000cef8 f   LIBCMT:chandler.obj
 0001:0000c0dc       _ftbuf                     000000018000d0dc f   LIBCMT:_sftbuf.obj
 0001:0000c114       _stbuf                     000000018000d114 f   LIBCMT:_sftbuf.obj
 0001:0000c1e4       _output_l                  000000018000d1e4 f   LIBCMT:output.obj
 0001:0000cd24       _initp_misc_purevirt       000000018000dd24 f   LIBCMT:inithelp.obj
 0001:0000cd40       strcmp                     000000018000dd40 f   LIBCMT:strcmp.obj
 0001:0000cda8       ?_Type_info_dtor@type_info@@CAXPEAV1@@Z 000000018000dda8 f   LIBCMT:typname.obj
 0001:0000ce14       _callnewh                  000000018000de14 f   LIBCMT:handler.obj
 0001:0000ce48       _initp_heap_handler        000000018000de48 f   LIBCMT:handler.obj
 0001:0000ce50       __addlocaleref             000000018000de50 f   LIBCMT:localref.obj
 0001:0000cedc       __freetlocinfo             000000018000dedc f   LIBCMT:localref.obj
 0001:0000d074       __removelocaleref          000000018000e074 f   LIBCMT:localref.obj
 0001:0000d118       __updatetlocinfo           000000018000e118 f   LIBCMT:localref.obj
 0001:0000d190       _updatetlocinfoEx_nolock   000000018000e190 f   LIBCMT:localref.obj
 0001:0000d1f4       __initmbctable             000000018000e1f4 f   LIBCMT:mbctype.obj
 0001:0000d510       __updatetmbcinfo           000000018000e510 f   LIBCMT:mbctype.obj
 0001:0000d5cc       _setmbcp                   000000018000e5cc f   LIBCMT:mbctype.obj
 0001:0000d810       _setmbcp_nolock            000000018000e810 f   LIBCMT:mbctype.obj
 0001:0000dac0       _tolower_l                 000000018000eac0 f   LIBCMT:tolower.obj
 0001:0000dc14       tolower                    000000018000ec14 f   LIBCMT:tolower.obj
 0001:0000dc34       _freefls                   000000018000ec34 f   LIBCMT:tidtable.obj
 0001:0000dd68       _freeptd                   000000018000ed68 f   LIBCMT:tidtable.obj
 0001:0000dda4       _getptd                    000000018000eda4 f   LIBCMT:tidtable.obj
 0001:0000ddc8       _getptd_noexit             000000018000edc8 f   LIBCMT:tidtable.obj
 0001:0000de4c       _initptd                   000000018000ee4c f   LIBCMT:tidtable.obj
 0001:0000df10       _mtinit                    000000018000ef10 f   LIBCMT:tidtable.obj
 0001:0000df90       _mtterm                    000000018000ef90 f   LIBCMT:tidtable.obj
 0001:0000dfb4       _locterm                   000000018000efb4 f   LIBCMT:wsetloca.obj
 0001:0000dffc       _XcptFilter                000000018000effc f   LIBCMT:winxfltr.obj
 0001:0000e1c8       __CppXcptFilter            000000018000f1c8 f   LIBCMT:winxfltr.obj
 0001:0000e1dc       _ioinit                    000000018000f1dc f   LIBCMT:ioinit.obj
 0001:0000e50c       _ioterm                    000000018000f50c f   LIBCMT:ioinit.obj
 0001:0000e580       _setargv                   000000018000f580 f   LIBCMT:stdargv.obj
 0001:0000e83c       _setenvp                   000000018000f83c f   LIBCMT:stdenvp.obj
 0001:0000e970       __security_init_cookie     000000018000f970 f   LIBCMT:gs_support.obj
 0001:0000ea1c       DllMain                    000000018000fa1c f   LIBCMT:dllmain.obj
 0001:0000ea24       __crtGetEnvironmentStringsA 000000018000fa24 f   LIBCMT:a_env.obj
 0001:0000eb18       __crtCaptureCurrentContext 000000018000fb18 f   LIBCMT:winapisupp.obj
 0001:0000eb88       __crtCapturePreviousContext 000000018000fb88 f   LIBCMT:winapisupp.obj
 0001:0000ebfc       __crtFlsAlloc              000000018000fbfc f   LIBCMT:winapisupp.obj
 0001:0000ec18       __crtFlsFree               000000018000fc18 f   LIBCMT:winapisupp.obj
 0001:0000ec34       __crtFlsGetValue           000000018000fc34 f   LIBCMT:winapisupp.obj
 0001:0000ec50       __crtFlsSetValue           000000018000fc50 f   LIBCMT:winapisupp.obj
 0001:0000ec6c       __crtInitializeCriticalSectionEx 000000018000fc6c f   LIBCMT:winapisupp.obj
 0001:0000ec98       __crtIsPackagedApp         000000018000fc98 f   LIBCMT:winapisupp.obj
 0001:0000ece4       __crtLoadWinApiPointers    000000018000fce4 f   LIBCMT:winapisupp.obj
 0001:0000f0e0       __crtSleep                 00000001800100e0 f   LIBCMT:winapisupp.obj
 0001:0000f0e8       __crtTerminateProcess      00000001800100e8 f   LIBCMT:winapisupp.obj
 0001:0000f108       __crtUnhandledException    0000000180010108 f   LIBCMT:winapisupp.obj
 0001:0000f128       _RTC_Initialize            0000000180010128 f   LIBCMT:initsect.obj
 0001:0000f160       _RTC_Terminate             0000000180010160 f   LIBCMT:initsect.obj
 0001:0000f198       __DestructExceptionObject  0000000180010198 f   LIBCMT:frame.obj
 0001:0000f208       ??0bad_exception@std@@QEAA@AEBV01@@Z 0000000180010208 f i LIBCMT:frame.obj
 0001:0000f22c       ??1bad_exception@std@@UEAA@XZ 000000018001022c f i LIBCMT:frame.obj
 0001:0000f23c       ??_Gbad_exception@std@@UEAAPEAXI@Z 000000018001023c f i LIBCMT:frame.obj
 0001:0000f23c       ??_Ebad_exception@std@@UEAAPEAXI@Z 000000018001023c f i LIBCMT:frame.obj
 0001:0000fb30       __AdjustPointer            0000000180010b30 f   LIBCMT:frame.obj
 0001:0000fb54       __BuildCatchObject         0000000180010b54 f   LIBCMT:frame.obj
 0001:0000fc0c       __BuildCatchObjectHelper   0000000180010c0c f   LIBCMT:frame.obj
 0001:0000fe5c       __CxxCallCatchBlock        0000000180010e5c f   LIBCMT:frame.obj
 0001:00010060       __FrameUnwindFilter        0000000180011060 f   LIBCMT:frame.obj
 0001:000100b4       __FrameUnwindToState       00000001800110b4 f   LIBCMT:frame.obj
 0001:00010248       __InternalCxxFrameHandler  0000000180011248 f   LIBCMT:frame.obj
 0001:0001046c       __TypeMatch                000000018001146c f   LIBCMT:frame.obj
 0001:0001059c       ?__GetCurrentState@@YAHPEA_KPEAU_xDISPATCHER_CONTEXT@@PEBU_s_FuncInfo@@@Z 000000018001159c f   LIBCMT:ehstate.obj
 0001:000105c4       ?__GetUnwindTryBlock@@YAHPEA_KPEAU_xDISPATCHER_CONTEXT@@PEBU_s_FuncInfo@@@Z 00000001800115c4 f   LIBCMT:ehstate.obj
 0001:000105f0       ?__SetState@@YAXPEA_KPEAU_xDISPATCHER_CONTEXT@@PEBU_s_FuncInfo@@H@Z 00000001800115f0 f   LIBCMT:ehstate.obj
 0001:000105fc       ?__SetUnwindTryBlock@@YAXPEA_KPEAU_xDISPATCHER_CONTEXT@@PEBU_s_FuncInfo@@H@Z 00000001800115fc f   LIBCMT:ehstate.obj
 0001:00010638       ?__StateFromControlPc@@YAHPEBU_s_FuncInfo@@PEAU_xDISPATCHER_CONTEXT@@@Z 0000000180011638 f   LIBCMT:ehstate.obj
 0001:00010640       ?__StateFromIp@@YAHPEBU_s_FuncInfo@@PEAU_xDISPATCHER_CONTEXT@@_J@Z 0000000180011640 f   LIBCMT:ehstate.obj
 0001:000106cc       ?_inconsistency@@YAXXZ     00000001800116cc f   LIBCMT:hooks.obj
 0001:000106ec       ?terminate@@YAXXZ          00000001800116ec f   LIBCMT:hooks.obj
 0001:0001070c       _initp_eh_hooks            000000018001170c f   LIBCMT:hooks.obj
 0001:0001072c       _cfltcvt                   000000018001172c f   LIBCMT:cvt.obj
 0001:00010750       _cfltcvt_l                 0000000180011750 f   LIBCMT:cvt.obj
 0001:000107d0       _cftoa_l                   00000001800117d0 f   LIBCMT:cvt.obj
 0001:00010d7c       _cftoe_l                   0000000180011d7c f   LIBCMT:cvt.obj
 0001:00010fd8       _cftof_l                   0000000180011fd8 f   LIBCMT:cvt.obj
 0001:000110ac       _cftog_l                   00000001800120ac f   LIBCMT:cvt.obj
 0001:000111e0       _cropzeros                 00000001800121e0 f   LIBCMT:cvt.obj
 0001:000111e8       _cropzeros_l               00000001800121e8 f   LIBCMT:cvt.obj
 0001:00011280       _fassign                   0000000180012280 f   LIBCMT:cvt.obj
 0001:00011288       _fassign_l                 0000000180012288 f   LIBCMT:cvt.obj
 0001:000112c8       _forcdecpt                 00000001800122c8 f   LIBCMT:cvt.obj
 0001:000112d0       _forcdecpt_l               00000001800122d0 f   LIBCMT:cvt.obj
 0001:00011350       _positive                  0000000180012350 f   LIBCMT:cvt.obj
 0001:00011364       _initp_misc_cfltcvt_tab    0000000180012364 f   LIBCMT:cmiscdat.obj
 0001:000113a0       ??2@YAPEAX_KAEBUnothrow_t@std@@@Z 00000001800123a0 f   LIBCMT:newopnt.obj
 0001:000113c0       _calloc_impl               00000001800123c0 f   LIBCMT:calloc_impl.obj
 0001:0001145c       realloc                    000000018001245c f   LIBCMT:realloc.obj
 0001:00011530       strcpy_s                   0000000180012530 f   LIBCMT:strcpy_s.obj
 0001:00011594       __crt_debugger_hook        0000000180012594 f   LIBCMT:dbghook.obj
 0001:0001159c       _lock                      000000018001259c f   LIBCMT:mlock.obj
 0001:000115e0       _mtdeletelocks             00000001800125e0 f   LIBCMT:mlock.obj
 0001:00011668       _mtinitlocknum             0000000180012668 f   LIBCMT:mlock.obj
 0001:00011728       _mtinitlocks               0000000180012728 f   LIBCMT:mlock.obj
 0001:0001178c       _unlock                    000000018001278c f   LIBCMT:mlock.obj
 0001:000117b0       _FindPESection             00000001800127b0 f   LIBCMT:pesect.obj
 0001:00011800       _IsNonwritableInCurrentImage 0000000180012800 f   LIBCMT:pesect.obj
 0001:00011850       _ValidateImageBase         0000000180012850 f   LIBCMT:pesect.obj
 0001:00011880       _initp_misc_rand_s         0000000180012880 f   LIBCMT:rand_s.obj
 0001:00011888       _fcloseall                 0000000180012888 f   LIBCMT:closeall.obj
 0001:00011930       _fileno                    0000000180012930 f   LIBCMT:fileno.obj
 0001:00011958       _commit                    0000000180012958 f   LIBCMT:commit.obj
 0001:00011a30       _write                     0000000180012a30 f   LIBCMT:write.obj
 0001:00011b14       _write_nolock              0000000180012b14 f   LIBCMT:write.obj
 0001:00012308       _freebuf                   0000000180013308 f   LIBCMT:_freebuf.obj
 0001:00012340       _woutput_l                 0000000180013340 f   LIBCMT:woutput.obj
 0001:00012f00       _flsbuf                    0000000180013f00 f   LIBCMT:_flsbuf.obj
 0001:0001308c       wcsncpy_s                  000000018001408c f   LIBCMT:wcsncpy_s.obj
 0001:00013170       _local_unwind              0000000180014170 f   LIBCMT:jmpuwind.obj
 0001:000131a0       _NLG_Notify                00000001800141a0 f   LIBCMT:jmpuwind.obj
 0001:000131c0       __NLG_Dispatch2            00000001800141c0 f   LIBCMT:jmpuwind.obj
 0001:000131d0       __NLG_Return2              00000001800141d0 f   LIBCMT:jmpuwind.obj
 0001:000131d4       _isatty                    00000001800141d4 f   LIBCMT:isatty.obj
 0001:00013234       _isleadbyte_l              0000000180014234 f i LIBCMT:_wctype.obj
 0001:00013278       isleadbyte                 0000000180014278 f i LIBCMT:_wctype.obj
 0001:000132c0       _wctomb_s_l                00000001800142c0 f   LIBCMT:wctomb.obj
 0001:0001344c       wctomb_s                   000000018001444c f   LIBCMT:wctomb.obj
 0001:00013460       GetTableIndexFromLocaleName 0000000180014460 f   LIBCMT:winapinls.obj
 0001:000134ec       __crtDownlevelLocaleNameToLCID 00000001800144ec f   LIBCMT:winapinls.obj
 0001:00013520       __crtLCMapStringEx         0000000180014520 f   LIBCMT:winapinls.obj
 0001:000135b0       __wcsnicmp_ascii           00000001800145b0 f   LIBCMT:winapinls.obj
 0001:00013620       _get_fpsr                  0000000180014620 f   LIBCMT:fpsr.obj
 0001:00013630       _set_fpsr                  0000000180014630 f   LIBCMT:fpsr.obj
 0001:0001363a       _fclrf                     000000018001463a f   LIBCMT:fpsr.obj
 0001:0001364e       _frnd                      000000018001464e f   LIBCMT:fpsr.obj
 0001:00013670       __free_lconv_mon           0000000180014670 f   LIBCMT:initmon.obj
 0001:0001377c       __free_lconv_num           000000018001477c f   LIBCMT:initnum.obj
 0001:000137e8       __free_lc_time             00000001800147e8 f   LIBCMT:inittime.obj
 0001:00013ed0       __crtLCMapStringA          0000000180014ed0 f   LIBCMT:a_map.obj
 0001:000140e0       __crtGetStringTypeA        00000001800150e0 f   LIBCMT:a_str.obj
 0001:0001415c       _isctype_l                 000000018001515c f   LIBCMT:isctype.obj
 0001:00014250       memcmp                     0000000180015250 f   LIBCMT:memcmp.obj
 0001:00014394       _ismbblead                 0000000180015394 f   LIBCMT:ismbbyte.obj
 0001:000143a8       ?_ValidateWrite@@YAHPEAXI@Z 00000001800153a8 f   LIBCMT:validate.obj
 0001:000143a8       ?_ValidateExecute@@YAHP6A_JXZ@Z 00000001800153a8 f   LIBCMT:validate.obj
 0001:000143a8       ?_ValidateRead@@YAHPEBXI@Z 00000001800153a8 f   LIBCMT:validate.obj
 0001:000143d0       _CallSettingFrame          00000001800153d0 f   LIBCMT:handlers.obj
 0001:00014410       _GetNextInstrOffset        0000000180015410 f   LIBCMT:handlers.obj
 0001:00014418       isdigit                    0000000180015418 f i LIBCMT:_ctype.obj
 0001:00014494       strrchr                    0000000180015494 f   LIBCMT:strrchr.obj
 0001:000145d8       _fptostr                   00000001800155d8 f   LIBCMT:_fptostr.obj
 0001:000146a4       __crt_atoflt_l             00000001800156a4 f   LIBCMT:atodbl.obj
 0001:00014774       _atodbl_l                  0000000180015774 f   LIBCMT:atodbl.obj
 0001:0001483c       _atoflt_l                  000000018001583c f   LIBCMT:atodbl.obj
 0001:00014844       __dtold                    0000000180015844 f   LIBCMT:cfout.obj
 0001:00014914       _fltout2                   0000000180015914 f   LIBCMT:cfout.obj
 0001:000149cc       _fptrap                    00000001800159cc f   LIBCMT:crt0fp.obj
 0001:000149d8       _fclose_nolock             00000001800159d8 f   LIBCMT:fclose.obj
 0001:00014a54       fclose                     0000000180015a54 f   LIBCMT:fclose.obj
 0001:00014abc       __lock_fhandle             0000000180015abc f   LIBCMT:osfinfo.obj
 0001:00014b54       _free_osfhnd               0000000180015b54 f   LIBCMT:osfinfo.obj
 0001:00014c00       _get_osfhandle             0000000180015c00 f   LIBCMT:osfinfo.obj
 0001:00014c74       _unlock_fhandle            0000000180015c74 f   LIBCMT:osfinfo.obj
 0001:00014ca0       _lseeki64                  0000000180015ca0 f   LIBCMT:lseeki64.obj
 0001:00014d88       _lseeki64_nolock           0000000180015d88 f   LIBCMT:lseeki64.obj
 0001:00014e1c       _mbtowc_l                  0000000180015e1c f   LIBCMT:mbtowc.obj
 0001:00014f70       mbtowc                     0000000180015f70 f   LIBCMT:mbtowc.obj
 0001:00014f78       _putwch_nolock             0000000180015f78 f   LIBCMT:putwch.obj
 0001:00014fd4       _fputwc_nolock             0000000180015fd4 f   LIBCMT:fputwc.obj
 0001:000151c8       _getbuf                    00000001800161c8 f   LIBCMT:_getbuf.obj
 0001:0001521c       _ld12tod                   000000018001621c f   LIBCMT:intrncvt.obj
 0001:000157d4       _ld12tof                   00000001800167d4 f   LIBCMT:intrncvt.obj
 0001:00015d8c       __strgtold12_l             0000000180016d8c f   LIBCMT:strgtold.obj
 0001:000165f0       $I10_OUTPUT                00000001800175f0 f   LIBCMT:x10fout.obj
 0001:000170c8       _close                     00000001800180c8 f   LIBCMT:close.obj
 0001:0001718c       _close_nolock              000000018001818c f   LIBCMT:close.obj
 0001:00017248       __termconout               0000000180018248 f   LIBCMT:initcon.obj
 0001:00017268       __initconout               0000000180018268 f   LIBCMT:initcon.obj
 0001:000172a4       _flswbuf                   00000001800182a4 f   LIBCMT:_flswbuf.obj
 0001:00017434       __mtold12                  0000000180018434 f   LIBCMT:mantold.obj
 0001:00017660       RtlUnwindEx                0000000180018660 f   kernel32:KERNEL32.dll
 0001:00017666       IsProcessorFeaturePresent  0000000180018666 f   kernel32:KERNEL32.dll
 0001:0001766c       __delayLoadHelper2         000000018001866c f   DelayImp:delayhlp.obj
 0001:00018af0       ??__FstrMgr@?1??GetInstance@CAtlStringMgr@ATL@@SAPEAUIAtlStringMgr@2@XZ@YAXXZ 0000000180019af0 f i opcda.obj
 0001:00018b10       ??__FstrHeap@?1??GetInstance@CAtlStringMgr@ATL@@SAPEAUIAtlStringMgr@2@XZ@YAXXZ 0000000180019b10 f i opcda.obj
 0002:00000000       __imp_RegOpenKeyExA        000000018001a000     advapi32:ADVAPI32.dll
 0002:00000008       __imp_RegConnectRegistryA  000000018001a008     advapi32:ADVAPI32.dll
 0002:00000010       __imp_RegCloseKey          000000018001a010     advapi32:ADVAPI32.dll
 0002:00000018       __imp_RegQueryValueExA     000000018001a018     advapi32:ADVAPI32.dll
 0002:00000020       \177ADVAPI32_NULL_THUNK_DATA 000000018001a020     advapi32:ADVAPI32.dll
 0002:00000028       __imp_Sleep                000000018001a028     kernel32:KERNEL32.dll
 0002:00000030       __imp_HeapDestroy          000000018001a030     kernel32:KERNEL32.dll
 0002:00000038       __imp_InitializeCriticalSectionEx 000000018001a038     kernel32:KERNEL32.dll
 0002:00000040       __imp_RaiseException       000000018001a040     kernel32:KERNEL32.dll
 0002:00000048       __imp_GetLastError         000000018001a048     kernel32:KERNEL32.dll
 0002:00000050       __imp_HeapSize             000000018001a050     kernel32:KERNEL32.dll
 0002:00000058       __imp_DecodePointer        000000018001a058     kernel32:KERNEL32.dll
 0002:00000060       __imp_WideCharToMultiByte  000000018001a060     kernel32:KERNEL32.dll
 0002:00000068       __imp_GetModuleHandleA     000000018001a068     kernel32:KERNEL32.dll
 0002:00000070       __imp_MultiByteToWideChar  000000018001a070     kernel32:KERNEL32.dll
 0002:00000078       __imp_CreateFileW          000000018001a078     kernel32:KERNEL32.dll
 0002:00000080       __imp_CloseHandle          000000018001a080     kernel32:KERNEL32.dll
 0002:00000088       __imp_SetFilePointerEx     000000018001a088     kernel32:KERNEL32.dll
 0002:00000090       __imp_SetStdHandle         000000018001a090     kernel32:KERNEL32.dll
 0002:00000098       __imp_GetStringTypeW       000000018001a098     kernel32:KERNEL32.dll
 0002:000000a0       __imp_GetProcessHeap       000000018001a0a0     kernel32:KERNEL32.dll
 0002:000000a8       __imp_HeapFree             000000018001a0a8     kernel32:KERNEL32.dll
 0002:000000b0       __imp_HeapAlloc            000000018001a0b0     kernel32:KERNEL32.dll
 0002:000000b8       __imp_DeleteCriticalSection 000000018001a0b8     kernel32:KERNEL32.dll
 0002:000000c0       __imp_HeapReAlloc          000000018001a0c0     kernel32:KERNEL32.dll
 0002:000000c8       __imp_LCMapStringW         000000018001a0c8     kernel32:KERNEL32.dll
 0002:000000d0       __imp_GetConsoleMode       000000018001a0d0     kernel32:KERNEL32.dll
 0002:000000d8       __imp_GetConsoleCP         000000018001a0d8     kernel32:KERNEL32.dll
 0002:000000e0       __imp_FlushFileBuffers     000000018001a0e0     kernel32:KERNEL32.dll
 0002:000000e8       __imp_FreeLibrary          000000018001a0e8     kernel32:KERNEL32.dll
 0002:000000f0       __imp_GetModuleHandleW     000000018001a0f0     kernel32:KERNEL32.dll
 0002:000000f8       __imp_IsDebuggerPresent    000000018001a0f8     kernel32:KERNEL32.dll
 0002:00000100       __imp_OutputDebugStringW   000000018001a100     kernel32:KERNEL32.dll
 0002:00000108       __imp_EnterCriticalSection 000000018001a108     kernel32:KERNEL32.dll
 0002:00000110       __imp_LeaveCriticalSection 000000018001a110     kernel32:KERNEL32.dll
 0002:00000118       __imp_LocalFree            000000018001a118     kernel32:KERNEL32.dll
 0002:00000120       __imp_GetStdHandle         000000018001a120     kernel32:KERNEL32.dll
 0002:00000128       __imp_GetFileType          000000018001a128     kernel32:KERNEL32.dll
 0002:00000130       __imp_GetModuleFileNameW   000000018001a130     kernel32:KERNEL32.dll
 0002:00000138       __imp_GetModuleHandleExW   000000018001a138     kernel32:KERNEL32.dll
 0002:00000140       __imp_WriteConsoleW        000000018001a140     kernel32:KERNEL32.dll
 0002:00000148       __imp_EncodePointer        000000018001a148     kernel32:KERNEL32.dll
 0002:00000150       __imp_GetCommandLineA      000000018001a150     kernel32:KERNEL32.dll
 0002:00000158       __imp_GetCurrentThreadId   000000018001a158     kernel32:KERNEL32.dll
 0002:00000160       __imp_RtlPcToFileHeader    000000018001a160     kernel32:KERNEL32.dll
 0002:00000168       __imp_RtlLookupFunctionEntry 000000018001a168     kernel32:KERNEL32.dll
 0002:00000170       __imp_RtlUnwindEx          000000018001a170     kernel32:KERNEL32.dll
 0002:00000178       __imp_IsProcessorFeaturePresent 000000018001a178     kernel32:KERNEL32.dll
 0002:00000180       __imp_ExitProcess          000000018001a180     kernel32:KERNEL32.dll
 0002:00000188       __imp_GetProcAddress       000000018001a188     kernel32:KERNEL32.dll
 0002:00000190       __imp_LoadLibraryExW       000000018001a190     kernel32:KERNEL32.dll
 0002:00000198       __imp_WriteFile            000000018001a198     kernel32:KERNEL32.dll
 0002:000001a0       __imp_IsValidCodePage      000000018001a1a0     kernel32:KERNEL32.dll
 0002:000001a8       __imp_GetACP               000000018001a1a8     kernel32:KERNEL32.dll
 0002:000001b0       __imp_GetOEMCP             000000018001a1b0     kernel32:KERNEL32.dll
 0002:000001b8       __imp_GetCPInfo            000000018001a1b8     kernel32:KERNEL32.dll
 0002:000001c0       __imp_SetLastError         000000018001a1c0     kernel32:KERNEL32.dll
 0002:000001c8       __imp_GetStartupInfoW      000000018001a1c8     kernel32:KERNEL32.dll
 0002:000001d0       __imp_GetModuleFileNameA   000000018001a1d0     kernel32:KERNEL32.dll
 0002:000001d8       __imp_QueryPerformanceCounter 000000018001a1d8     kernel32:KERNEL32.dll
 0002:000001e0       __imp_GetCurrentProcessId  000000018001a1e0     kernel32:KERNEL32.dll
 0002:000001e8       __imp_GetSystemTimeAsFileTime 000000018001a1e8     kernel32:KERNEL32.dll
 0002:000001f0       __imp_GetEnvironmentStringsW 000000018001a1f0     kernel32:KERNEL32.dll
 0002:000001f8       __imp_FreeEnvironmentStringsW 000000018001a1f8     kernel32:KERNEL32.dll
 0002:00000200       __imp_RtlCaptureContext    000000018001a200     kernel32:KERNEL32.dll
 0002:00000208       __imp_RtlVirtualUnwind     000000018001a208     kernel32:KERNEL32.dll
 0002:00000210       __imp_UnhandledExceptionFilter 000000018001a210     kernel32:KERNEL32.dll
 0002:00000218       __imp_SetUnhandledExceptionFilter 000000018001a218     kernel32:KERNEL32.dll
 0002:00000220       __imp_InitializeCriticalSectionAndSpinCount 000000018001a220     kernel32:KERNEL32.dll
 0002:00000228       __imp_GetCurrentProcess    000000018001a228     kernel32:KERNEL32.dll
 0002:00000230       __imp_TerminateProcess     000000018001a230     kernel32:KERNEL32.dll
 0002:00000238       __imp_TlsAlloc             000000018001a238     kernel32:KERNEL32.dll
 0002:00000240       __imp_TlsGetValue          000000018001a240     kernel32:KERNEL32.dll
 0002:00000248       __imp_TlsSetValue          000000018001a248     kernel32:KERNEL32.dll
 0002:00000250       __imp_TlsFree              000000018001a250     kernel32:KERNEL32.dll
 0002:00000258       __imp_LoadLibraryExA       000000018001a258     kernel32:KERNEL32.dll
 0002:00000260       \177KERNEL32_NULL_THUNK_DATA 000000018001a260     kernel32:KERNEL32.dll
 0002:00000268       __imp_VariantChangeType    000000018001a268     oleaut32:OLEAUT32.dll
 0002:00000270       __imp_VariantInit          000000018001a270     oleaut32:OLEAUT32.dll
 0002:00000278       __imp_VariantCopy          000000018001a278     oleaut32:OLEAUT32.dll
 0002:00000280       __imp_VariantClear         000000018001a280     oleaut32:OLEAUT32.dll
 0002:00000288       \177OLEAUT32_NULL_THUNK_DATA 000000018001a288     oleaut32:OLEAUT32.dll
 0002:00000290       __imp_PeekMessageA         000000018001a290     user32:USER32.dll
 0002:00000298       __imp_TranslateMessage     000000018001a298     user32:USER32.dll
 0002:000002a0       __imp_DispatchMessageA     000000018001a2a0     user32:USER32.dll
 0002:000002a8       \177USER32_NULL_THUNK_DATA 000000018001a2a8     user32:USER32.dll
 0002:000002b0       __imp_CoCreateInstanceEx   000000018001a2b0     ole32:ole32.dll
 0002:000002b8       __imp_CoInitializeSecurity 000000018001a2b8     ole32:ole32.dll
 0002:000002c0       __imp_CoCreateInstance     000000018001a2c0     ole32:ole32.dll
 0002:000002c8       __imp_CoGetClassObject     000000018001a2c8     ole32:ole32.dll
 0002:000002d0       __imp_CoGetMalloc          000000018001a2d0     ole32:ole32.dll
 0002:000002d8       __imp_CLSIDFromString      000000018001a2d8     ole32:ole32.dll
 0002:000002e0       __imp_ProgIDFromCLSID      000000018001a2e0     ole32:ole32.dll
 0002:000002e8       __imp_CLSIDFromProgID      000000018001a2e8     ole32:ole32.dll
 0002:000002f0       __imp_CoInitializeEx       000000018001a2f0     ole32:ole32.dll
 0002:000002f8       \177ole32_NULL_THUNK_DATA  000000018001a2f8     ole32:ole32.dll
 0002:00000300       __xc_a                     000000018001a300     LIBCMT:crt0init.obj
 0002:00000340       _register_opcda_           000000018001a340     opcda.obj
 0002:00000348       __xc_z                     000000018001a348     LIBCMT:crt0init.obj
 0002:00000350       __xi_a                     000000018001a350     LIBCMT:crt0init.obj
 0002:00000378       __xi_z                     000000018001a378     LIBCMT:crt0init.obj
 0002:00000380       __xp_a                     000000018001a380     LIBCMT:crt0init.obj
 0002:000003a0       __xp_z                     000000018001a3a0     LIBCMT:crt0init.obj
 0002:000003a8       __xt_a                     000000018001a3a8     LIBCMT:crt0init.obj
 0002:000003b0       __xt_z                     000000018001a3b0     LIBCMT:crt0init.obj
 0002:00000478       ??_7CWin32Heap@ATL@@6B@    000000018001a478     OPCClientToolKit64:OPCServer.obj
 0002:000004a8       ??_7CAtlStringMgr@ATL@@6B@ 000000018001a4a8     OPCClientToolKit64:OPCServer.obj
 0002:000004e0       ??_7COPCServer@@6B@        000000018001a4e0     OPCClientToolKit64:OPCServer.obj
 0002:000004e8       ??_C@_0DM@BAJDKAFO@Failed?5to?5obtain?5IID_IOPCBrowseS@ 000000018001a4e8     OPCClientToolKit64:OPCServer.obj
 0002:00000528       ??_C@_0DC@MIODKCJB@Failed?5to?5obtain?5IID_IOPCItemPro@ 000000018001a528     OPCClientToolKit64:OPCServer.obj
 0002:00000770       ??_7COPCGroup@@6B@         000000018001a770     OPCClientToolKit64:OPCGroup.obj
 0002:00000780       ??_7CAsynchDataCallback@@6B@ 000000018001a780     OPCClientToolKit64:OPCGroup.obj
 0002:000007b8       ??_C@_0CN@GECCCJKO@OnCancelComplete?3?5Transid?$DN?$CFld?5Gr@ 000000018001a7b8     OPCClientToolKit64:OPCGroup.obj
 0002:000007e8       ??_C@_0BE@IHMLFNPM@Failed?5to?5Add?5group?$AA@ 000000018001a7e8     OPCClientToolKit64:OPCGroup.obj
 0002:00000800       ??_C@_0BN@MHABIDMF@Failed?5to?5get?5IID_IOPCSyncIO?$AA@ 000000018001a800     OPCClientToolKit64:OPCGroup.obj
 0002:00000820       ??_C@_0BP@PHIBAHME@Failed?5to?5get?5IID_IOPCAsyncIO2?$AA@ 000000018001a820     OPCClientToolKit64:OPCGroup.obj
 0002:00000840       ??_C@_0BO@EAPNAJMA@Failed?5to?5get?5IID_IOPCItemMgt?$AA@ 000000018001a840     OPCClientToolKit64:OPCGroup.obj
 0002:00000860       ??_C@_0BE@CLHJILJD@Failed?5to?5add?5items?$AA@ 000000018001a860     OPCClientToolKit64:OPCGroup.obj
 0002:00000878       ??_C@_0BH@HNIPPEMA@Asynch?5already?5enabled?$AA@ 000000018001a878     OPCClientToolKit64:OPCGroup.obj
 0002:00000890       ??_C@_0CM@HKKMCCNJ@Could?5not?5get?5IID_IConnectionPoi@ 000000018001a890     OPCClientToolKit64:OPCGroup.obj
 0002:000008c0       ??_C@_0CD@GOJKIONM@Could?5not?5get?5IID_IOPCDataCallba@ 000000018001a8c0     OPCClientToolKit64:OPCGroup.obj
 0002:000008e8       ??_C@_0CK@IGIPIKGA@Failed?5to?5set?5DataCallbackConnec@ 000000018001a8e8     OPCClientToolKit64:OPCGroup.obj
 0002:00000914       __real@3e800000            000000018001a914     OPCClientToolKit64:OPCGroup.obj
 0002:00000918       __real@3f400000            000000018001a918     OPCClientToolKit64:OPCGroup.obj
 0002:0000091c       __real@40100000            000000018001a91c     OPCClientToolKit64:OPCGroup.obj
 0002:00000920       __real@40880000            000000018001a920     OPCClientToolKit64:OPCGroup.obj
 0002:00000924       __real@42190000            000000018001a924     OPCClientToolKit64:OPCGroup.obj
 0002:00000928       __real@5f000000            000000018001a928     OPCClientToolKit64:OPCGroup.obj
 0002:0000092c       __real@5f800000            000000018001a92c     OPCClientToolKit64:OPCGroup.obj
 0002:00000930       ?CATID_OPCDAv10@COPCClient@@2U_GUID@@B 000000018001a930     OPCClientToolKit64:OPCClient.obj
 0002:00000940       ?CATID_OPCDAv20@COPCClient@@2U_GUID@@B 000000018001a940     OPCClientToolKit64:OPCClient.obj
 0002:000009a0       ??_C@_0BE@CCGKGIHK@CoInitialize?5failed?$AA@ 000000018001a9a0     OPCClientToolKit64:OPCClient.obj
 0002:000009b8       ??_C@_0BD@HKELIMK@CoGetMalloc?5failed?$AA@ 000000018001a9b8     OPCClientToolKit64:OPCClient.obj
 0002:000009d0       IID_CATID_OPCDAServer10    000000018001a9d0     OPCClientToolKit64:opcda_i.obj
 0002:000009e0       IID_CATID_OPCDAServer20    000000018001a9e0     OPCClientToolKit64:opcda_i.obj
 0002:000009f0       IID_CATID_OPCDAServer30    000000018001a9f0     OPCClientToolKit64:opcda_i.obj
 0002:00000a00       IID_CATID_XMLDAServer10    000000018001aa00     OPCClientToolKit64:opcda_i.obj
 0002:00000a10       IID_IOPCServer             000000018001aa10     OPCClientToolKit64:opcda_i.obj
 0002:00000a20       IID_IOPCServerPublicGroups 000000018001aa20     OPCClientToolKit64:opcda_i.obj
 0002:00000a30       IID_IOPCBrowseServerAddressSpace 000000018001aa30     OPCClientToolKit64:opcda_i.obj
 0002:00000a40       IID_IOPCGroupStateMgt      000000018001aa40     OPCClientToolKit64:opcda_i.obj
 0002:00000a50       IID_IOPCPublicGroupStateMgt 000000018001aa50     OPCClientToolKit64:opcda_i.obj
 0002:00000a60       IID_IOPCSyncIO             000000018001aa60     OPCClientToolKit64:opcda_i.obj
 0002:00000a70       IID_IOPCAsyncIO            000000018001aa70     OPCClientToolKit64:opcda_i.obj
 0002:00000a80       IID_IOPCItemMgt            000000018001aa80     OPCClientToolKit64:opcda_i.obj
 0002:00000a90       IID_IEnumOPCItemAttributes 000000018001aa90     OPCClientToolKit64:opcda_i.obj
 0002:00000aa0       IID_IOPCDataCallback       000000018001aaa0     OPCClientToolKit64:opcda_i.obj
 0002:00000ab0       IID_IOPCAsyncIO2           000000018001aab0     OPCClientToolKit64:opcda_i.obj
 0002:00000ac0       IID_IOPCItemProperties     000000018001aac0     OPCClientToolKit64:opcda_i.obj
 0002:00000ad0       IID_IOPCItemDeadbandMgt    000000018001aad0     OPCClientToolKit64:opcda_i.obj
 0002:00000ae0       IID_IOPCItemSamplingMgt    000000018001aae0     OPCClientToolKit64:opcda_i.obj
 0002:00000af0       IID_IOPCBrowse             000000018001aaf0     OPCClientToolKit64:opcda_i.obj
 0002:00000b00       IID_IOPCItemIO             000000018001ab00     OPCClientToolKit64:opcda_i.obj
 0002:00000b10       IID_IOPCSyncIO2            000000018001ab10     OPCClientToolKit64:opcda_i.obj
 0002:00000b20       IID_IOPCAsyncIO3           000000018001ab20     OPCClientToolKit64:opcda_i.obj
 0002:00000b30       IID_IOPCGroupStateMgt2     000000018001ab30     OPCClientToolKit64:opcda_i.obj
[...]
 0004:00000eac       $pdata$?_inconsistency@@YAXXZ 000000018002deac     LIBCMT:hooks.obj
 0004:00000eb8       $pdata$?terminate@@YAXXZ   000000018002deb8     LIBCMT:hooks.obj
 0004:00000ec4       $pdata$_initp_eh_hooks     000000018002dec4     LIBCMT:hooks.obj
 0004:00000ed0       $pdata$_cfltcvt            000000018002ded0     LIBCMT:cvt.obj
 0004:00000edc       $pdata$_cfltcvt_l          000000018002dedc     LIBCMT:cvt.obj
 0004:00000ee8       $pdata$_cftoa_l            000000018002dee8     LIBCMT:cvt.obj
 0004:00000ef4       $pdata$_cftoe2_l           000000018002def4     LIBCMT:cvt.obj
 0004:00000f00       $pdata$_cftoe_l            000000018002df00     LIBCMT:cvt.obj
 0004:00000f0c       $pdata$_cftof2_l           000000018002df0c     LIBCMT:cvt.obj
 0004:00000f18       $pdata$_cftof_l            000000018002df18     LIBCMT:cvt.obj
 0004:00000f24       $pdata$_cftog_l            000000018002df24     LIBCMT:cvt.obj
 0004:00000f30       $pdata$_cropzeros_l        000000018002df30     LIBCMT:cvt.obj
 0004:00000f3c       $pdata$_fassign_l          000000018002df3c     LIBCMT:cvt.obj
 0004:00000f48       $pdata$_forcdecpt_l        000000018002df48     LIBCMT:cvt.obj
 0004:00000f54       $pdata$_initp_misc_cfltcvt_tab 000000018002df54     LIBCMT:cmiscdat.obj
 0004:00000f60       $pdata$??2@YAPEAX_KAEBUnothrow_t@std@@@Z 000000018002df60     LIBCMT:newopnt.obj
 0004:00000f6c       $pdata$_calloc_impl        000000018002df6c     LIBCMT:calloc_impl.obj
 0004:00000f78       $pdata$realloc             000000018002df78     LIBCMT:realloc.obj
 0004:00000f84       $pdata$strcpy_s            000000018002df84     LIBCMT:strcpy_s.obj
 0004:00000f90       $pdata$_lock               000000018002df90     LIBCMT:mlock.obj
 0004:00000f9c       $pdata$_mtdeletelocks      000000018002df9c     LIBCMT:mlock.obj
 0004:00000fa8       $pdata$_mtinitlocknum      000000018002dfa8     LIBCMT:mlock.obj
 0004:00000fb4       $pdata$_mtinitlocks        000000018002dfb4     LIBCMT:mlock.obj
 0004:00000fc0       $pdata$_IsNonwritableInCurrentImage 000000018002dfc0     LIBCMT:pesect.obj
 0004:00000fcc       $pdata$_fcloseall          000000018002dfcc     LIBCMT:closeall.obj
 0004:00000fd8       $pdata$_fileno             000000018002dfd8     LIBCMT:fileno.obj
 0004:00000fe4       $pdata$_commit             000000018002dfe4     LIBCMT:commit.obj
 0004:00000ff0       $pdata$_write              000000018002dff0     LIBCMT:write.obj
 0004:00000ffc       $pdata$_write_nolock       000000018002dffc     LIBCMT:write.obj
 0004:00001008       $pdata$_freebuf            000000018002e008     LIBCMT:_freebuf.obj
 0004:00001014       $pdata$_woutput_l          000000018002e014     LIBCMT:woutput.obj
 0004:00001020       $pdata$write_char          000000018002e020     LIBCMT:woutput.obj
 0004:0000102c       $pdata$write_multi_char    000000018002e02c     LIBCMT:woutput.obj
 0004:00001038       $pdata$write_string        000000018002e038     LIBCMT:woutput.obj
 0004:00001044       $pdata$_flsbuf             000000018002e044     LIBCMT:_flsbuf.obj
 0004:00001050       $pdata$wcsncpy_s           000000018002e050     LIBCMT:wcsncpy_s.obj
 0004:0000108c       $pdata$_isatty             000000018002e08c     LIBCMT:isatty.obj
 0004:00001098       $pdata$_isleadbyte_l       000000018002e098     LIBCMT:_wctype.obj
 0004:000010a4       $pdata$isleadbyte          000000018002e0a4     LIBCMT:_wctype.obj
 0004:000010b0       $pdata$_wctomb_s_l         000000018002e0b0     LIBCMT:wctomb.obj
 0004:000010bc       $pdata$wctomb_s            000000018002e0bc     LIBCMT:wctomb.obj
 0004:000010c8       $pdata$GetTableIndexFromLocaleName 000000018002e0c8     LIBCMT:winapinls.obj
 0004:000010d4       $pdata$__crtDownlevelLocaleNameToLCID 000000018002e0d4     LIBCMT:winapinls.obj
 0004:000010e0       $pdata$__crtLCMapStringEx  000000018002e0e0     LIBCMT:winapinls.obj
 0004:000010f8       $pdata$__free_lconv_mon    000000018002e0f8     LIBCMT:initmon.obj
 0004:00001104       $pdata$__free_lconv_num    000000018002e104     LIBCMT:initnum.obj
 0004:00001110       $pdata$__free_lc_time      000000018002e110     LIBCMT:inittime.obj
 0004:0000111c       $pdata$?__crtLCMapStringA_stat@@YAHPEAUlocaleinfo_struct@@PEB_WKPEBDHPEADHHH@Z 000000018002e11c     LIBCMT:a_map.obj
 0004:00001128       $pdata$__crtLCMapStringA   000000018002e128     LIBCMT:a_map.obj
 0004:00001134       $pdata$?__crtGetStringTypeA_stat@@YAHPEAUlocaleinfo_struct@@KPEBDHPEAGHH@Z 000000018002e134     LIBCMT:a_str.obj
 0004:00001140       $pdata$__crtGetStringTypeA 000000018002e140     LIBCMT:a_str.obj
 0004:0000114c       $pdata$_isctype_l          000000018002e14c     LIBCMT:isctype.obj
 0004:00001164       $pdata$?x_ismbbtype_l@@YAHPEAUlocaleinfo_struct@@IHH@Z 000000018002e164     LIBCMT:ismbbyte.obj
 0004:0000117c       $pdata$isdigit             000000018002e17c     LIBCMT:_ctype.obj
 0004:00001188       $pdata$strrchr             000000018002e188     LIBCMT:strrchr.obj
 0004:00001194       $pdata$_fptostr            000000018002e194     LIBCMT:_fptostr.obj
 0004:000011a0       $pdata$__crt_atoflt_l      000000018002e1a0     LIBCMT:atodbl.obj
 0004:000011ac       $pdata$_atodbl_l           000000018002e1ac     LIBCMT:atodbl.obj
 0004:000011b8       $pdata$__dtold             000000018002e1b8     LIBCMT:cfout.obj
 0004:000011c4       $pdata$_fltout2            000000018002e1c4     LIBCMT:cfout.obj
 0004:000011d0       $pdata$_fclose_nolock      000000018002e1d0     LIBCMT:fclose.obj
 0004:000011dc       $pdata$fclose              000000018002e1dc     LIBCMT:fclose.obj
 0004:000011e8       $pdata$__lock_fhandle      000000018002e1e8     LIBCMT:osfinfo.obj
 0004:000011f4       $pdata$_free_osfhnd        000000018002e1f4     LIBCMT:osfinfo.obj
 0004:00001200       $pdata$_get_osfhandle      000000018002e200     LIBCMT:osfinfo.obj
 0004:0000120c       $pdata$_lseeki64           000000018002e20c     LIBCMT:lseeki64.obj
 0004:00001218       $pdata$_lseeki64_nolock    000000018002e218     LIBCMT:lseeki64.obj
 0004:00001224       $pdata$_mbtowc_l           000000018002e224     LIBCMT:mbtowc.obj
 0004:00001230       $pdata$_putwch_nolock      000000018002e230     LIBCMT:putwch.obj
 0004:0000123c       $pdata$_fputwc_nolock      000000018002e23c     LIBCMT:fputwc.obj
 0004:00001248       $pdata$_getbuf             000000018002e248     LIBCMT:_getbuf.obj
 0004:00001254       $pdata$_ld12tod            000000018002e254     LIBCMT:intrncvt.obj
 0004:00001260       $pdata$_ld12tof            000000018002e260     LIBCMT:intrncvt.obj
 0004:0000126c       $pdata$__strgtold12_l      000000018002e26c     LIBCMT:strgtold.obj
 0004:00001278       $pdata$$I10_OUTPUT         000000018002e278     LIBCMT:x10fout.obj
 0004:00001284       $pdata$_close              000000018002e284     LIBCMT:close.obj
 0004:00001290       $pdata$_close_nolock       000000018002e290     LIBCMT:close.obj
 0004:0000129c       $pdata$__termconout        000000018002e29c     LIBCMT:initcon.obj
 0004:000012a8       $pdata$__initconout        000000018002e2a8     LIBCMT:initcon.obj
 0004:000012b4       $pdata$_flswbuf            000000018002e2b4     LIBCMT:_flswbuf.obj
 0004:000012c0       $pdata$__mtold12           000000018002e2c0     LIBCMT:mantold.obj
 0004:000012cc       $pdata$__delayLoadHelper2  000000018002e2cc     DelayImp:delayhlp.obj
 0004:000012d8       $pdata$?dtor$0@?0??GetInstance@CAtlStringMgr@ATL@@SAPEAUIAtlStringMgr@2@XZ@4HA 000000018002e2d8     opcda.obj
 0004:000012e4       $pdata$?dtor$1@?0??GetInstance@CAtlStringMgr@ATL@@SAPEAUIAtlStringMgr@2@XZ@4HA 000000018002e2e4     opcda.obj
 0004:000012f0       $pdata$?dtor$2@?0??GetStr@@YA?AV?$basic_string@DU?$char_traits@D@std@@V?$allocator@D@2@@std@@UtagVARIANT@@@Z@4HA 000000018002e2f0     opcda.obj
 0004:000012fc       $pdata$?dtor$4@?0??OnDataChange@dataChangeCallback@@UEAAXAEAVCOPCGroup@@AEAV?$CAtlMap@PEAVCOPCItem@@PEAUOPCItemData@@V?$CElementTraits@PEAVCOPCItem@@@ATL@@V?$CElementTraits@PEAUOPCItemData@@@4@@ATL@@@Z@4HA 000000018002e2fc     opcda.obj
 0004:00001308       $pdata$?dtor$0@?0??push_back@?$vector@V?$basic_string@DU?$char_traits@D@std@@V?$allocator@D@2@@std@@V?$allocator@V?$basic_string@DU?$char_traits@D@std@@V?$allocator@D@2@@std@@@2@@std@@QEAAX$$QEAV?$basic_string@DU?$char_traits@D@std@@V?$allocator@D@2@@2@@Z@4HA 000000018002e308     opcda.obj
 0004:00001314       $pdata$?dtor$1@?0??push_back@?$vector@V?$basic_string@DU?$char_traits@D@std@@V?$allocator@D@2@@std@@V?$allocator@V?$basic_string@DU?$char_traits@D@std@@V?$allocator@D@2@@std@@@2@@std@@QEAAX$$QEAV?$basic_string@DU?$char_traits@D@std@@V?$allocator@D@2@@2@@Z@4HA 000000018002e314     opcda.obj
 0004:00001320       $pdata$?dtor$2@?0??push_back@?$vector@V?$basic_string@DU?$char_traits@D@std@@V?$allocator@D@2@@std@@V?$allocator@V?$basic_string@DU?$char_traits@D@std@@V?$allocator@D@2@@std@@@2@@std@@QEAAX$$QEAV?$basic_string@DU?$char_traits@D@std@@V?$allocator@D@2@@2@@Z@4HA 000000018002e320     opcda.obj
 0004:0000132c       $pdata$?dtor$3@?0??push_back@?$vector@V?$basic_string@DU?$char_traits@D@std@@V?$allocator@D@2@@std@@V?$allocator@V?$basic_string@DU?$char_traits@D@std@@V?$allocator@D@2@@std@@@2@@std@@QEAAX$$QEAV?$basic_string@DU?$char_traits@D@std@@V?$allocator@D@2@@2@@Z@4HA 000000018002e32c     opcda.obj
 0004:00001338       $pdata$?dtor$4@?0???0?$map@V?$basic_string@DU?$char_traits@D@std@@V?$allocator@D@2@@std@@V12@U?$less@V?$basic_string@DU?$char_traits@D@std@@V?$allocator@D@2@@std@@@2@V?$allocator@U?$pair@$$CBV?$basic_string@DU?$char_traits@D@std@@V?$allocator@D@2@@std@@V12@@std@@@2@@std@@QEAA@XZ@4HA 000000018002e338     opcda.obj
 0004:00001344       $pdata$?dtor$5@?0???0?$map@V?$basic_string@DU?$char_traits@D@std@@V?$allocator@D@2@@std@@V12@U?$less@V?$basic_string@DU?$char_traits@D@std@@V?$allocator@D@2@@std@@@2@V?$allocator@U?$pair@$$CBV?$basic_string@DU?$char_traits@D@std@@V?$allocator@D@2@@std@@V12@@std@@@2@@std@@QEAA@XZ@4HA 000000018002e344     opcda.obj
 0004:00001350       $pdata$?dtor$6@?0???0?$map@V?$basic_string@DU?$char_traits@D@std@@V?$allocator@D@2@@std@@V12@U?$less@V?$basic_string@DU?$char_traits@D@std@@V?$allocator@D@2@@std@@@2@V?$allocator@U?$pair@$$CBV?$basic_string@DU?$char_traits@D@std@@V?$allocator@D@2@@std@@V12@@std@@@2@@std@@QEAA@XZ@4HA 000000018002e350     opcda.obj
 0004:0000135c       $pdata$?dtor$0@?0??_Assign_rv@?$basic_string@DU?$char_traits@D@std@@V?$allocator@D@2@@std@@QEAAX$$QEAV12@@Z@4HA 000000018002e35c     opcda.obj
 0004:00001368       $pdata$?dtor$0@?0??_Copy@?$basic_string@DU?$char_traits@D@std@@V?$allocator@D@2@@std@@QEAAX_K0@Z@4HA 000000018002e368     opcda.obj
 0004:00001374       $pdata$?dtor$0@?0???$_Umove@PEAV?$basic_string@DU?$char_traits@D@std@@V?$allocator@D@2@@std@@@?$vector@V?$basic_string@DU?$char_traits@D@std@@V?$allocator@D@2@@std@@V?$allocator@V?$basic_string@DU?$char_traits@D@std@@V?$allocator@D@2@@std@@@2@@std@@IEAAPEAV?$basic_string@DU?$char_traits@D@std@@V?$allocator@D@2@@1@PEAV21@00@Z@4HA 000000018002e374     opcda.obj
 0004:00001380       $pdata$?dtor$1@?0???$_Umove@PEAV?$basic_string@DU?$char_traits@D@std@@V?$allocator@D@2@@std@@@?$vector@V?$basic_string@DU?$char_traits@D@std@@V?$allocator@D@2@@std@@V?$allocator@V?$basic_string@DU?$char_traits@D@std@@V?$allocator@D@2@@std@@@2@@std@@IEAAPEAV?$basic_string@DU?$char_traits@D@std@@V?$allocator@D@2@@1@PEAV21@00@Z@4HA 000000018002e380     opcda.obj
 0004:0000138c       $pdata$?dtor$0@?0???$_Insert_at@U?$pair@$$CBV?$basic_string@DU?$char_traits@D@std@@V?$allocator@D@2@@std@@V12@@std@@U_Nil@2@@?$_Tree@V?$_Tmap_traits@V?$basic_string@DU?$char_traits@D@std@@V?$allocator@D@2@@std@@V12@U?$less@V?$basic_string@DU?$char_traits@D@std@@V?$allocator@D@2@@std@@@2@V?$allocator@U?$pair@$$CBV?$basic_string@DU?$char_traits@D@std@@V?$allocator@D@2@@std@@V12@@std@@@2@$0A@@std@@@std@@IEAA?AV?$_Tree_iterator@V?$_Tree_val@U?$_Tree_simple_types@U?$pair@$$CBV?$basic_string@DU?$char_traits@D@std@@V?$allocator@D@2@@std@@V12@@std@@@std@@@std@@@1@_NPEAU?$_Tree_node@U?$pair@$$CBV?$basic_string@DU?$char_traits@D@std@@V?$allocator@D@2@@std@@V12@@std@@PEAX@1@$$QEAU?$pair@$$CBV?$basic_string@DU?$char_traits@D@std@@V?$allocator@D@2@@std@@V12@@1@U_Nil@1@@Z@4HA 000000018002e38c     opcda.obj
 0004:00001398       $pdata$?dtor$1@?0???$_Insert_at@U?$pair@$$CBV?$basic_string@DU?$char_traits@D@std@@V?$allocator@D@2@@std@@V12@@std@@U_Nil@2@@?$_Tree@V?$_Tmap_traits@V?$basic_string@DU?$char_traits@D@std@@V?$allocator@D@2@@std@@V12@U?$less@V?$basic_string@DU?$char_traits@D@std@@V?$allocator@D@2@@std@@@2@V?$allocator@U?$pair@$$CBV?$basic_string@DU?$char_traits@D@std@@V?$allocator@D@2@@std@@V12@@std@@@2@$0A@@std@@@std@@IEAA?AV?$_Tree_iterator@V?$_Tree_val@U?$_Tree_simple_types@U?$pair@$$CBV?$basic_string@DU?$char_traits@D@std@@V?$allocator@D@2@@std@@V12@@std@@@std@@@std@@@1@_NPEAU?$_Tree_node@U?$pair@$$CBV?$basic_string@DU?$char_traits@D@std@@V?$allocator@D@2@@std@@V12@@std@@PEAX@1@$$QEAU?$pair@$$CBV?$basic_string@DU?$char_traits@D@std@@V?$allocator@D@2@@std@@V12@@1@U_Nil@1@@Z@4HA 000000018002e398     opcda.obj
 0004:000013a4       $pdata$?dtor$2@?0???$_Insert_at@U?$pair@$$CBV?$basic_string@DU?$char_traits@D@std@@V?$allocator@D@2@@std@@V12@@std@@U_Nil@2@@?$_Tree@V?$_Tmap_traits@V?$basic_string@DU?$char_traits@D@std@@V?$allocator@D@2@@std@@V12@U?$less@V?$basic_string@DU?$char_traits@D@std@@V?$allocator@D@2@@std@@@2@V?$allocator@U?$pair@$$CBV?$basic_string@DU?$char_traits@D@std@@V?$allocator@D@2@@std@@V12@@std@@@2@$0A@@std@@@std@@IEAA?AV?$_Tree_iterator@V?$_Tree_val@U?$_Tree_simple_types@U?$pair@$$CBV?$basic_string@DU?$char_traits@D@std@@V?$allocator@D@2@@std@@V12@@std@@@std@@@std@@@1@_NPEAU?$_Tree_node@U?$pair@$$CBV?$basic_string@DU?$char_traits@D@std@@V?$allocator@D@2@@std@@V12@@std@@PEAX@1@$$QEAU?$pair@$$CBV?$basic_string@DU?$char_traits@D@std@@V?$allocator@D@2@@std@@V12@@1@U_Nil@1@@Z@4HA 000000018002e3a4     opcda.obj
 0004:000013b0       $pdata$?dtor$3@?0???$_Insert_at@U?$pair@$$CBV?$basic_string@DU?$char_traits@D@std@@V?$allocator@D@2@@std@@V12@@std@@U_Nil@2@@?$_Tree@V?$_Tmap_traits@V?$basic_string@DU?$char_traits@D@std@@V?$allocator@D@2@@std@@V12@U?$less@V?$basic_string@DU?$char_traits@D@std@@V?$allocator@D@2@@std@@@2@V?$allocator@U?$pair@$$CBV?$basic_string@DU?$char_traits@D@std@@V?$allocator@D@2@@std@@V12@@std@@@2@$0A@@std@@@std@@IEAA?AV?$_Tree_iterator@V?$_Tree_val@U?$_Tree_simple_types@U?$pair@$$CBV?$basic_string@DU?$char_traits@D@std@@V?$allocator@D@2@@std@@V12@@std@@@std@@@std@@@1@_NPEAU?$_Tree_node@U?$pair@$$CBV?$basic_string@DU?$char_traits@D@std@@V?$allocator@D@2@@std@@V12@@std@@PEAX@1@$$QEAU?$pair@$$CBV?$basic_string@DU?$char_traits@D@std@@V?$allocator@D@2@@std@@V12@@1@U_Nil@1@@Z@4HA 000000018002e3b0     opcda.obj
 0004:000013bc       $pdata$?dtor$2@?0???$?0$$CBV?$basic_string@DU?$char_traits@D@std@@V?$allocator@D@2@@std@@V01@X@?$pair@$$CBV?$basic_string@DU?$char_traits@D@std@@V?$allocator@D@2@@std@@V12@@std@@QEAA@$$QEAU01@@Z@4HA 000000018002e3bc     opcda.obj
 0004:000013c8       $pdata$?catch$0@?0???1?$CAtlMap@PEAVCOPCItem@@PEAUOPCItemData@@V?$CElementTraits@PEAVCOPCItem@@@ATL@@V?$CElementTraits@PEAUOPCItemData@@@4@@ATL@@QEAA@XZ@4HA 000000018002e3c8     OPCClientToolKit64:OPCGroup.obj
 0004:000013d4       $pdata$?catch$0@?0??NewNode@?$CAtlMap@PEAVCOPCItem@@PEAUOPCItemData@@V?$CElementTraits@PEAVCOPCItem@@@ATL@@V?$CElementTraits@PEAUOPCItemData@@@4@@ATL@@AEAAPEAVCNode@12@AEBQEAVCOPCItem@@II@Z@4HA 000000018002e3d4     OPCClientToolKit64:OPCGroup.obj
 0004:000013e0       $pdata$?catch$0@?0??SetAt@?$CAtlMap@PEAVCOPCItem@@PEAUOPCItemData@@V?$CElementTraits@PEAVCOPCItem@@@ATL@@V?$CElementTraits@PEAUOPCItemData@@@4@@ATL@@QEAAPEAU__POSITION@@AEBQEAVCOPCItem@@AEBQEAUOPCItemData@@@Z@4HA 000000018002e3e0     OPCClientToolKit64:OPCGroup.obj
 0004:000013ec       $pdata$?catch$0@?0??_Reallocate@?$vector@JV?$allocator@J@std@@@std@@IEAAX_K@Z@4HA 000000018002e3ec     OPCClientToolKit64:OPCGroup.obj
 0004:000013f8       $pdata$?catch$0@?0??_Reallocate@?$vector@PEAVCOPCItem@@V?$allocator@PEAVCOPCItem@@@std@@@std@@IEAAX_K@Z@4HA 000000018002e3f8     OPCClientToolKit64:OPCGroup.obj
 0004:00001404       $pdata$?catch$0@?0??resize@?$vector@JV?$allocator@J@std@@@std@@QEAAX_K@Z@4HA 000000018002e404     OPCClientToolKit64:OPCGroup.obj
 0004:00001410       $pdata$?catch$0@?0??resize@?$vector@PEAVCOPCItem@@V?$allocator@PEAVCOPCItem@@@std@@@std@@QEAAX_K@Z@4HA 000000018002e410     OPCClientToolKit64:OPCGroup.obj
 0004:0000141c       $pdata$_onexit$fin$0       000000018002e41c     LIBCMT:onexit.obj
 0004:00001428       $pdata$printf$fin$0        000000018002e428     LIBCMT:printf.obj
 0004:00001434       $pdata$_CRT_INIT$fin$0     000000018002e434     LIBCMT:dllcrt0.obj
 0004:00001440       $pdata$__DllMainCRTStartup$filt$0 000000018002e440     LIBCMT:dllcrt0.obj
 0004:0000144c       $pdata$_CallSETranslator$filt$0 000000018002e44c     LIBCMT:trnsctrl.obj
 0004:00001458       $pdata$doexit$fin$0        000000018002e458     LIBCMT:crt0dat.obj
 0004:00001464       $pdata$fflush$fin$0        000000018002e464     LIBCMT:fflush.obj
 0004:00001464       $pdata$fclose$fin$0        000000018002e464     LIBCMT:fflush.obj
 0004:00001470       $pdata$flsall$fin$0        000000018002e470     LIBCMT:fflush.obj
 0004:0000147c       $pdata$flsall$fin$1        000000018002e47c     LIBCMT:fflush.obj
 0004:00001488       $pdata$setvbuf$fin$0       000000018002e488     LIBCMT:setvbuf.obj
 0004:00001494       $pdata$fwprintf$fin$0      000000018002e494     LIBCMT:fwprintf.obj
 0004:000014a0       $pdata$raise$fin$0         000000018002e4a0     LIBCMT:winsig.obj
 0004:000014ac       $pdata$?fin$0@?0??_Type_info_dtor@type_info@@CAXPEAV1@@Z@4HA 000000018002e4ac     LIBCMT:typname.obj
 0004:000014b8       $pdata$_locterm$fin$0      000000018002e4b8     LIBCMT:localref.obj
 0004:000014b8       $pdata$__updatetlocinfo$fin$0 000000018002e4b8     LIBCMT:localref.obj
 0004:000014c4       $pdata$__updatetmbcinfo$fin$0 000000018002e4c4     LIBCMT:mbctype.obj
 0004:000014c4       $pdata$_setmbcp$fin$0      000000018002e4c4     LIBCMT:mbctype.obj
 0004:000014d0       $pdata$_freefls$fin$1      000000018002e4d0     LIBCMT:tidtable.obj
 0004:000014d0       $pdata$_initptd$fin$1      000000018002e4d0     LIBCMT:tidtable.obj
 0004:000014dc       $pdata$_freefls$fin$0      000000018002e4dc     LIBCMT:tidtable.obj
 0004:000014dc       $pdata$_initptd$fin$0      000000018002e4dc     LIBCMT:tidtable.obj
 0004:000014e8       $pdata$_ioinit$fin$0       000000018002e4e8     LIBCMT:ioinit.obj
 0004:000014f4       $pdata$__CxxCallCatchBlock$filt$0 000000018002e4f4     LIBCMT:frame.obj
 0004:00001500       $pdata$__CxxCallCatchBlock$fin$1 000000018002e500     LIBCMT:frame.obj
 0004:0000150c       $pdata$__DestructExceptionObject$filt$0 000000018002e50c     LIBCMT:frame.obj
 0004:00001518       $pdata$__FrameUnwindToState$filt$0 000000018002e518     LIBCMT:frame.obj
 0004:00001524       $pdata$__FrameUnwindToState$fin$1 000000018002e524     LIBCMT:frame.obj
 0004:00001530       $pdata$?catch$0@?0???2@YAPEAX_KAEBUnothrow_t@std@@@Z@4HA 000000018002e530     LIBCMT:newopnt.obj
 0004:0000153c       $pdata$_mtinitlocknum$fin$0 000000018002e53c     LIBCMT:mlock.obj
 0004:00001548       $pdata$_IsNonwritableInCurrentImage$filt$0 000000018002e548     LIBCMT:pesect.obj
 0004:00001554       $pdata$_fcloseall$fin$0    000000018002e554     LIBCMT:closeall.obj
 0004:00001560       $pdata$_commit$fin$0       000000018002e560     LIBCMT:commit.obj
 0004:00001560       $pdata$_close$fin$0        000000018002e560     LIBCMT:commit.obj
 0004:0000156c       $pdata$_lseeki64$fin$0     000000018002e56c     LIBCMT:write.obj
 0004:0000156c       $pdata$_write$fin$0        000000018002e56c     LIBCMT:write.obj
 0004:00001578       $pdata$__lock_fhandle$fin$0 000000018002e578     LIBCMT:osfinfo.obj
 0004:00001584       $pdata$??__F_itemsCreated@@YAXXZ 000000018002e584     opcda.obj
 0005:00000060       $R000000                   000000018002f060     * linker generated manifest res *

 Exports

  ordinal    name

        1    _register_opcda_
