 opcda

 Timestamp is 58999083 (Tue Feb 07 17:16:51 2017)

 Preferred load address is 0000000180000000

 Start         Length     Name                   Class
 0001:00000000 0000006cH .text$di                CODE
 0001:00000070 000187f3H .text$mn                CODE
 0001:00018870 000011a0H .text$x                 CODE
 0001:00019a10 00000070H .text$yd                CODE
 0002:00000000 000002e8H .idata$5                DATA
 0002:000002e8 00000008H .CRT$XCA                DATA
 0002:000002f0 00000008H .CRT$XCL                DATA
 0002:000002f8 00000030H .CRT$XCU                DATA
 0002:00000328 00000008H .CRT$XCZ                DATA
 0002:00000330 00000008H .CRT$XIA                DATA
 0002:00000338 00000020H .CRT$XIC                DATA
 0002:00000358 00000008H .CRT$XIZ                DATA
 0002:00000360 00000008H .CRT$XPA                DATA
 0002:00000368 00000010H .CRT$XPX                DATA
 0002:00000378 00000008H .CRT$XPXA               DATA
 0002:00000380 00000008H .CRT$XPZ                DATA
 0002:00000388 00000008H .CRT$XTA                DATA
 0002:00000390 00000008H .CRT$XTZ                DATA
 0002:000003a0 00008810H .rdata                  DATA
 0002:00008bb0 00000064H .rdata$debug            DATA
 0002:00008c18 0000092cH .rdata$r                DATA
 0002:00009548 00000008H .rtc$IAA                DATA
 0002:00009550 00000008H .rtc$IZZ                DATA
 0002:00009558 00000008H .rtc$TAA                DATA
 0002:00009560 00000008H .rtc$TZZ                DATA
 0002:00009570 0000294cH .xdata                  DATA
 0002:0000bec0 00000294H .xdata$x                DATA
 0002:0000c158 00000000H ATL$__a                 DATA
 0002:0000c158 00000000H ATL$__z                 DATA
 0002:0000c158 00000020H .didat$2                DATA
 0002:0000c178 00000020H .didat$3                DATA
 0002:0000c198 00000168H .didat$4                DATA
 0002:0000c300 00000a90H .didat$6                DATA
 0002:0000cd90 00000168H .didat$7                DATA
 0002:0000cf00 0000004eH .edata                  DATA
 0002:0000cf50 00000064H .idata$2                DATA
 0002:0000cfb4 00000014H .idata$3                DATA
 0002:0000cfc8 000002e8H .idata$4                DATA
 0002:0000d2b0 0000068aH .idata$6                DATA
 0003:00000000 00001888H .data                   DATA
 0003:00001888 00000350H .data$r                 DATA
 0003:00001bd8 00000168H .didat$5                DATA
 0003:00001d40 00002668H .bss                    DATA
 0004:00000000 00001614H .pdata                  DATA
 0005:00000000 00000058H .rsrc$01                DATA
 0005:00000060 00000180H .rsrc$02                DATA

  Address         Publics by Value              Rva+Base               Lib:Object

 0000:00000000       ___safe_se_handler_table   0000000000000000     <absolute>
 0000:00000000       __guard_fids_count         0000000000000000     <absolute>
 0000:00000000       ___safe_se_handler_count   0000000000000000     <absolute>
 0000:00000000       __guard_fids_table         0000000000000000     <absolute>
 0000:00000000       __guard_flags              0000000000000000     <absolute>
 0000:00000000       __ImageBase                0000000180000000     <linker-defined>
 0001:00000070       ??1?$Persistent@VFunction@v8@@V?$NonCopyablePersistentTraits@VFunction@v8@@@2@@v8@@QEAA@XZ 0000000180001070 f i opcda.obj
 0001:00000070       ??3@YAXPEAX0@Z             0000000180001070 f i opcda.obj
 0001:00000080       ?AtlThrowImpl@ATL@@YAXJ@Z  0000000180001080 f i opcda.obj
 0001:000000a0       ?_AtlInitializeCriticalSectionEx@ATL@@YAHPEAU_RTL_CRITICAL_SECTION@@KK@Z 00000001800010a0 f i opcda.obj
 0001:000000b0       ?Allocate@CWin32Heap@ATL@@UEAAPEAX_K@Z 00000001800010b0 f i opcda.obj
 0001:000000c0       ?Free@CWin32Heap@ATL@@UEAAXPEAX@Z 00000001800010c0 f i opcda.obj
 0001:000000e0       ?Reallocate@CWin32Heap@ATL@@UEAAPEAXPEAX_K@Z 00000001800010e0 f i opcda.obj
 0001:00000120       ?GetSize@CWin32Heap@ATL@@UEAA_KPEAX@Z 0000000180001120 f i opcda.obj
 0001:00000130       ??_ECWin32Heap@ATL@@UEAAPEAXI@Z 0000000180001130 f i * CIL library *:* CIL module *
 0001:00000130       ??_GCWin32Heap@ATL@@UEAAPEAXI@Z 0000000180001130 f i opcda.obj
 0001:00000180       ?GetInstance@CAtlStringMgr@ATL@@SAPEAUIAtlStringMgr@2@XZ 0000000180001180 f i opcda.obj
 0001:00000250       ?Allocate@CAtlStringMgr@ATL@@UEAAPEAUCStringData@2@HH@Z 0000000180001250 f i opcda.obj
 0001:000002f0       ?Free@CAtlStringMgr@ATL@@UEAAXPEAUCStringData@2@@Z 00000001800012f0 f i opcda.obj
 0001:00000300       ?Reallocate@CAtlStringMgr@ATL@@UEAAPEAUCStringData@2@PEAU32@HH@Z 0000000180001300 f i opcda.obj
 0001:00000390       ?GetNilString@CAtlStringMgr@ATL@@UEAAPEAUCStringData@2@XZ 0000000180001390 f i opcda.obj
 0001:000003a0       ?Clone@CAtlStringMgr@ATL@@UEAAPEAUIAtlStringMgr@2@XZ 00000001800013a0 f i opcda.obj
 0001:000003b0       ??_ECAtlStringMgr@ATL@@UEAAPEAXI@Z 00000001800013b0 f i * CIL library *:* CIL module *
 0001:000003b0       ??_GCAtlStringMgr@ATL@@UEAAPEAXI@Z 00000001800013b0 f i opcda.obj
 0001:00000490       ?New@?$Factory@VFunctionTemplate@v8@@@imp@Nan@@SA?AV?$Local@VFunctionTemplate@v8@@@v8@@P6AXAEBV?$FunctionCallbackInfo@VValue@v8@@@3@@ZV?$Local@VValue@v8@@@5@V?$Local@VSignature@v8@@@5@@Z 0000000180001490 f i opcda.obj
 0001:00000620       ??1EscapableHandleScope@Nan@@QEAA@XZ 0000000180001620 f i opcda.obj
 0001:00000650       ??1HandleScope@Nan@@QEAA@XZ 0000000180001650 f i opcda.obj
 0001:00000670       ?ThrowTypeError@Nan@@YAXPEBD@Z 0000000180001670 f i opcda.obj
 0001:00000710       ??1Callback@Nan@@QEAA@XZ   0000000180001710 f i opcda.obj
 0001:00000750       ?Call_@Callback@Nan@@AEBA?AV?$Local@VValue@v8@@@v8@@PEAVIsolate@4@V?$Local@VObject@v8@@@4@HQEAV34@@Z 0000000180001750 f i opcda.obj
 0001:00000810       ??1?$Persistent@VFunction@v8@@V?$NonCopyablePersistentTraits@VFunction@v8@@@2@@Nan@@QEAA@XZ 0000000180001810 f i opcda.obj
 0001:00000830       ?OnDataChange@CMyCallback@@UEAAXAEAVCOPCGroup@@AEAV?$CAtlMap@PEAVCOPCItem@@PEAUOPCItemData@@V?$CElementTraits@PEAVCOPCItem@@@ATL@@V?$CElementTraits@PEAUOPCItemData@@@4@@ATL@@@Z 0000000180001830 f i opcda.obj
 0001:00000ca0       ??1?$pair@$$CBV?$basic_string@DU?$char_traits@D@std@@V?$allocator@D@2@@std@@V12@@std@@QEAA@XZ 0000000180001ca0 f i opcda.obj
 0001:00000d10       ?async_cb@@YAXPEAUuv_async_s@@@Z 0000000180001d10 f   opcda.obj
 0001:00000fe0       ?GetStr@@YA?AV?$basic_string@DU?$char_traits@D@std@@V?$allocator@D@2@@std@@UtagVARIANT@@@Z 0000000180001fe0 f   opcda.obj
 0001:000011b0       ?getValueFromObject@@YA?AV?$Local@VValue@v8@@@v8@@V?$Local@VObject@v8@@@2@V?$basic_string@DU?$char_traits@D@std@@V?$allocator@D@2@@std@@@Z 00000001800021b0 f   opcda.obj
 0001:000012d0       ?getStringFromObj@@YA?AV?$Local@VString@v8@@@v8@@V?$Local@VObject@v8@@@2@V?$basic_string@DU?$char_traits@D@std@@V?$allocator@D@2@@std@@@Z 00000001800022d0 f   opcda.obj
 0001:000013a0       ?sub_thread@@YAXPEAX@Z     00000001800023a0 f   opcda.obj
 0001:000016e0       ??1?$map@V?$basic_string@DU?$char_traits@D@std@@V?$allocator@D@2@@std@@V12@U?$less@V?$basic_string@DU?$char_traits@D@std@@V?$allocator@D@2@@std@@@2@V?$allocator@U?$pair@$$CBV?$basic_string@DU?$char_traits@D@std@@V?$allocator@D@2@@std@@V12@@std@@@2@@std@@QEAA@XZ 00000001800026e0 f i opcda.obj
 0001:00001720       ?Init@@YAXAEBV?$FunctionCallbackInfo@VValue@v8@@@Nan@@@Z 0000000180002720 f   opcda.obj
 0001:00001c80       ?InterfaceInit@@YAXV?$Local@VObject@v8@@@v8@@@Z 0000000180002c80 f   opcda.obj
 0001:00001ce0       ??1?$CStringT@DV?$StrTraitATL@DV?$ChTraitsCRT@D@ATL@@@ATL@@@ATL@@QEAA@XZ 0000000180002ce0 f i opcda.obj
 0001:00001d20       ??4?$CStringT@DV?$StrTraitATL@DV?$ChTraitsCRT@D@ATL@@@ATL@@@ATL@@QEAAAEAV01@PEB_W@Z 0000000180002d20 f i opcda.obj
 0001:00001e50       ??4?$basic_string@DU?$char_traits@D@std@@V?$allocator@D@2@@std@@QEAAAEAV01@$$QEAV01@@Z 0000000180002e50 f i opcda.obj
 0001:00001ea0       ??1?$basic_string@DU?$char_traits@D@std@@V?$allocator@D@2@@std@@QEAA@XZ 0000000180002ea0 f i opcda.obj
 0001:00001ee0       ??1?$vector@JV?$allocator@J@std@@@std@@QEAA@XZ 0000000180002ee0 f i opcda.obj
 0001:00001ee0       ??1?$vector@PEAVCOPCItem@@V?$allocator@PEAVCOPCItem@@@std@@@std@@QEAA@XZ 0000000180002ee0 f i opcda.obj
 0001:00001ee0       ?_Tidy@?$vector@JV?$allocator@J@std@@@std@@IEAAXXZ 0000000180002ee0 f i opcda.obj
 0001:00001ee0       ?_Tidy@?$vector@PEAVCOPCItem@@V?$allocator@PEAVCOPCItem@@@std@@@std@@IEAAXXZ 0000000180002ee0 f i opcda.obj
 0001:00001f10       ??4?$vector@PEAVCOPCItem@@V?$allocator@PEAVCOPCItem@@@std@@@std@@QEAAAEAV01@AEBV01@@Z 0000000180002f10 f i opcda.obj
 0001:00002090       ?push_back@?$vector@V?$basic_string@DU?$char_traits@D@std@@V?$allocator@D@2@@std@@V?$allocator@V?$basic_string@DU?$char_traits@D@std@@V?$allocator@D@2@@std@@@2@@std@@QEAAX$$QEAV?$basic_string@DU?$char_traits@D@std@@V?$allocator@D@2@@2@@Z 0000000180003090 f i opcda.obj
 0001:000021f0       ??1?$vector@V?$basic_string@DU?$char_traits@D@std@@V?$allocator@D@2@@std@@V?$allocator@V?$basic_string@DU?$char_traits@D@std@@V?$allocator@D@2@@std@@@2@@std@@QEAA@XZ 00000001800031f0 f i opcda.obj
 0001:00002200       ??0?$map@V?$basic_string@DU?$char_traits@D@std@@V?$allocator@D@2@@std@@V12@U?$less@V?$basic_string@DU?$char_traits@D@std@@V?$allocator@D@2@@std@@@2@V?$allocator@U?$pair@$$CBV?$basic_string@DU?$char_traits@D@std@@V?$allocator@D@2@@std@@V12@@std@@@2@@std@@QEAA@XZ 0000000180003200 f i opcda.obj
 0001:00002280       ??1?$_Tree@V?$_Tmap_traits@V?$basic_string@DU?$char_traits@D@std@@V?$allocator@D@2@@std@@V12@U?$less@V?$basic_string@DU?$char_traits@D@std@@V?$allocator@D@2@@std@@@2@V?$allocator@U?$pair@$$CBV?$basic_string@DU?$char_traits@D@std@@V?$allocator@D@2@@std@@V12@@std@@@2@$0A@@std@@@std@@QEAA@XZ 0000000180003280 f i opcda.obj
 0001:000022c0       ??1?$_Tree_comp@$0A@V?$_Tmap_traits@V?$basic_string@DU?$char_traits@D@std@@V?$allocator@D@2@@std@@V12@U?$less@V?$basic_string@DU?$char_traits@D@std@@V?$allocator@D@2@@std@@@2@V?$allocator@U?$pair@$$CBV?$basic_string@DU?$char_traits@D@std@@V?$allocator@D@2@@std@@V12@@std@@@2@$0A@@std@@@std@@QEAA@XZ 00000001800032c0 f i opcda.obj
 0001:000022e0       ??1?$_Tree_buy@U?$pair@$$CBV?$basic_string@DU?$char_traits@D@std@@V?$allocator@D@2@@std@@V12@@std@@V?$allocator@U?$pair@$$CBV?$basic_string@DU?$char_traits@D@std@@V?$allocator@D@2@@std@@V12@@std@@@2@@std@@QEAA@XZ 00000001800032e0 f i opcda.obj
 0001:00002300       ??1?$CSimpleStringT@D$0A@@ATL@@QEAA@XZ 0000000180003300 f i opcda.obj
 0001:00002320       ?Empty@?$CSimpleStringT@D$0A@@ATL@@QEAAXXZ 0000000180003320 f i opcda.obj
 0001:000023a0       ?_Assign_rv@?$basic_string@DU?$char_traits@D@std@@V?$allocator@D@2@@std@@QEAAX$$QEAV12@@Z 00000001800033a0 f i opcda.obj
 0001:00002420       ?assign@?$basic_string@DU?$char_traits@D@std@@V?$allocator@D@2@@std@@QEAAAEAV12@AEBV12@_K1@Z 0000000180003420 f i opcda.obj
 0001:00002550       ?_Reserve@?$vector@V?$basic_string@DU?$char_traits@D@std@@V?$allocator@D@2@@std@@V?$allocator@V?$basic_string@DU?$char_traits@D@std@@V?$allocator@D@2@@std@@@2@@std@@IEAAX_K@Z 0000000180003550 f i opcda.obj
 0001:000025e0       ?_Tidy@?$vector@V?$basic_string@DU?$char_traits@D@std@@V?$allocator@D@2@@std@@V?$allocator@V?$basic_string@DU?$char_traits@D@std@@V?$allocator@D@2@@std@@@2@@std@@IEAAXXZ 00000001800035e0 f i opcda.obj
 0001:00002660       ?_Erase@?$_Tree@V?$_Tmap_traits@V?$basic_string@DU?$char_traits@D@std@@V?$allocator@D@2@@std@@V12@U?$less@V?$basic_string@DU?$char_traits@D@std@@V?$allocator@D@2@@std@@@2@V?$allocator@U?$pair@$$CBV?$basic_string@DU?$char_traits@D@std@@V?$allocator@D@2@@std@@V12@@std@@@2@$0A@@std@@@std@@IEAAXPEAU?$_Tree_node@U?$pair@$$CBV?$basic_string@DU?$char_traits@D@std@@V?$allocator@D@2@@std@@V12@@std@@PEAX@2@@Z 0000000180003660 f i opcda.obj
 0001:00002720       ??1?$_Tree_alloc@$0A@U?$_Tree_base_types@U?$pair@$$CBV?$basic_string@DU?$char_traits@D@std@@V?$allocator@D@2@@std@@V12@@std@@V?$allocator@U?$pair@$$CBV?$basic_string@DU?$char_traits@D@std@@V?$allocator@D@2@@std@@V12@@std@@@2@@std@@@std@@QEAA@XZ 0000000180003720 f i opcda.obj
 0001:00002730       ?assign@?$basic_string@DU?$char_traits@D@std@@V?$allocator@D@2@@std@@QEAAAEAV12@PEBD_K@Z 0000000180003730 f i opcda.obj
 0001:00002870       ?erase@?$basic_string@DU?$char_traits@D@std@@V?$allocator@D@2@@std@@QEAAAEAV12@_K0@Z 0000000180003870 f i opcda.obj
 0001:00002940       ?_Reallocate@?$vector@V?$basic_string@DU?$char_traits@D@std@@V?$allocator@D@2@@std@@V?$allocator@V?$basic_string@DU?$char_traits@D@std@@V?$allocator@D@2@@std@@@2@@std@@IEAAX_K@Z 0000000180003940 f i opcda.obj
 0001:00002a30       ?erase@?$_Tree@V?$_Tmap_traits@V?$basic_string@DU?$char_traits@D@std@@V?$allocator@D@2@@std@@V12@U?$less@V?$basic_string@DU?$char_traits@D@std@@V?$allocator@D@2@@std@@@2@V?$allocator@U?$pair@$$CBV?$basic_string@DU?$char_traits@D@std@@V?$allocator@D@2@@std@@V12@@std@@@2@$0A@@std@@@std@@QEAA?AV?$_Tree_iterator@V?$_Tree_val@U?$_Tree_simple_types@U?$pair@$$CBV?$basic_string@DU?$char_traits@D@std@@V?$allocator@D@2@@std@@V12@@std@@@std@@@std@@@2@V?$_Tree_const_iterator@V?$_Tree_val@U?$_Tree_simple_types@U?$pair@$$CBV?$basic_string@DU?$char_traits@D@std@@V?$allocator@D@2@@std@@V12@@std@@@std@@@std@@@2@0@Z 0000000180003a30 f i opcda.obj
 0001:00002b30       ?SetString@?$CSimpleStringT@D$0A@@ATL@@QEAAXPEBDH@Z 0000000180003b30 f i opcda.obj
 0001:00002c20       ?PrepareWrite2@?$CSimpleStringT@D$0A@@ATL@@AEAAXH@Z 0000000180003c20 f i opcda.obj
 0001:00002c80       ?_Copy@?$basic_string@DU?$char_traits@D@std@@V?$allocator@D@2@@std@@QEAAX_K0@Z 0000000180003c80 f i opcda.obj
 0001:00002d80       ?erase@?$_Tree@V?$_Tmap_traits@V?$basic_string@DU?$char_traits@D@std@@V?$allocator@D@2@@std@@V12@U?$less@V?$basic_string@DU?$char_traits@D@std@@V?$allocator@D@2@@std@@@2@V?$allocator@U?$pair@$$CBV?$basic_string@DU?$char_traits@D@std@@V?$allocator@D@2@@std@@V12@@std@@@2@$0A@@std@@@std@@QEAA?AV?$_Tree_iterator@V?$_Tree_val@U?$_Tree_simple_types@U?$pair@$$CBV?$basic_string@DU?$char_traits@D@std@@V?$allocator@D@2@@std@@V12@@std@@@std@@@std@@@2@V?$_Tree_const_iterator@V?$_Tree_val@U?$_Tree_simple_types@U?$pair@$$CBV?$basic_string@DU?$char_traits@D@std@@V?$allocator@D@2@@std@@V12@@std@@@std@@@std@@@2@@Z 0000000180003d80 f i opcda.obj
 0001:00003210       ?Fork@?$CSimpleStringT@D$0A@@ATL@@AEAAXH@Z 0000000180004210 f i opcda.obj
 0001:000032c0       ?Reallocate@?$CSimpleStringT@D$0A@@ATL@@AEAAXH@Z 00000001800042c0 f i opcda.obj
 0001:00003310       ?_Lrotate@?$_Tree@V?$_Tmap_traits@V?$basic_string@DU?$char_traits@D@std@@V?$allocator@D@2@@std@@V12@U?$less@V?$basic_string@DU?$char_traits@D@std@@V?$allocator@D@2@@std@@@2@V?$allocator@U?$pair@$$CBV?$basic_string@DU?$char_traits@D@std@@V?$allocator@D@2@@std@@V12@@std@@@2@$0A@@std@@@std@@IEAAXPEAU?$_Tree_node@U?$pair@$$CBV?$basic_string@DU?$char_traits@D@std@@V?$allocator@D@2@@std@@V12@@std@@PEAX@2@@Z 0000000180004310 f i opcda.obj
 0001:00003370       ?_Rrotate@?$_Tree@V?$_Tmap_traits@V?$basic_string@DU?$char_traits@D@std@@V?$allocator@D@2@@std@@V12@U?$less@V?$basic_string@DU?$char_traits@D@std@@V?$allocator@D@2@@std@@@2@V?$allocator@U?$pair@$$CBV?$basic_string@DU?$char_traits@D@std@@V?$allocator@D@2@@std@@V12@@std@@@2@$0A@@std@@@std@@IEAAXPEAU?$_Tree_node@U?$pair@$$CBV?$basic_string@DU?$char_traits@D@std@@V?$allocator@D@2@@std@@V12@@std@@PEAX@2@@Z 0000000180004370 f i opcda.obj
 0001:000033d0       ?ThrowMemoryException@?$CSimpleStringT@D$0A@@ATL@@KAXXZ 00000001800043d0 f i opcda.obj
 0001:000033e0       ?Format@?$CStringT@DV?$StrTraitATL@DV?$ChTraitsCRT@D@ATL@@@ATL@@@ATL@@QEAAXPEBDZZ 00000001800043e0 f i opcda.obj
 0001:00003410       ??1?$CAtlMap@PEAVCOPCItem@@PEAUOPCItemData@@V?$CElementTraits@PEAVCOPCItem@@@ATL@@V?$CElementTraits@PEAUOPCItemData@@@4@@ATL@@QEAA@XZ 0000000180004410 f i opcda.obj
 0001:00003430       ??$New@VString@v8@@V?$basic_string@DU?$char_traits@D@std@@V?$allocator@D@2@@std@@@Nan@@YA?AV?$MaybeLocal@VString@v8@@@v8@@V?$basic_string@DU?$char_traits@D@std@@V?$allocator@D@2@@std@@@Z 0000000180004430 f i opcda.obj
 0001:00003500       ??$SetMethod@VObject@v8@@VLocal@2@@Nan@@YAXV?$Local@VObject@v8@@@v8@@PEBDP6AXAEBV?$FunctionCallbackInfo@VValue@v8@@@0@@Z@Z 0000000180004500 f i opcda.obj
 0001:000035c0       ??$_Insert_nohint@U?$pair@$$CBV?$basic_string@DU?$char_traits@D@std@@V?$allocator@D@2@@std@@V12@@std@@U_Nil@2@@?$_Tree@V?$_Tmap_traits@V?$basic_string@DU?$char_traits@D@std@@V?$allocator@D@2@@std@@V12@U?$less@V?$basic_string@DU?$char_traits@D@std@@V?$allocator@D@2@@std@@@2@V?$allocator@U?$pair@$$CBV?$basic_string@DU?$char_traits@D@std@@V?$allocator@D@2@@std@@V12@@std@@@2@$0A@@std@@@std@@IEAA?AU?$pair@V?$_Tree_iterator@V?$_Tree_val@U?$_Tree_simple_types@U?$pair@$$CBV?$basic_string@DU?$char_traits@D@std@@V?$allocator@D@2@@std@@V12@@std@@@std@@@std@@@std@@_N@1@_N$$QEAU?$pair@$$CBV?$basic_string@DU?$char_traits@D@std@@V?$allocator@D@2@@std@@V12@@1@U_Nil@1@@Z 00000001800045c0 f i opcda.obj
 0001:000037c0       ??$_Umove@PEAV?$basic_string@DU?$char_traits@D@std@@V?$allocator@D@2@@std@@@?$vector@V?$basic_string@DU?$char_traits@D@std@@V?$allocator@D@2@@std@@V?$allocator@V?$basic_string@DU?$char_traits@D@std@@V?$allocator@D@2@@std@@@2@@std@@IEAAPEAV?$basic_string@DU?$char_traits@D@std@@V?$allocator@D@2@@1@PEAV21@00@Z 00000001800047c0 f i opcda.obj
 0001:00003880       ?FormatV@?$CStringT@DV?$StrTraitATL@DV?$ChTraitsCRT@D@ATL@@@ATL@@@ATL@@QEAAXPEBDPEAD@Z 0000000180004880 f i opcda.obj
 0001:00003930       ?RemoveAll@?$CAtlMap@PEAVCOPCItem@@PEAUOPCItemData@@V?$CElementTraits@PEAVCOPCItem@@@ATL@@V?$CElementTraits@PEAUOPCItemData@@@4@@ATL@@QEAAXXZ 0000000180004930 f i opcda.obj
 0001:00003bb0       ??$SetMethodAux@V?$Local@VObject@v8@@@v8@@@imp@Nan@@YAXV?$Local@VObject@v8@@@v8@@V?$Local@VString@v8@@@3@V?$Local@VFunctionTemplate@v8@@@3@ZZ 0000000180004bb0 f i opcda.obj
 0001:00003c20       ??$_Insert_at@U?$pair@$$CBV?$basic_string@DU?$char_traits@D@std@@V?$allocator@D@2@@std@@V12@@std@@U_Nil@2@@?$_Tree@V?$_Tmap_traits@V?$basic_string@DU?$char_traits@D@std@@V?$allocator@D@2@@std@@V12@U?$less@V?$basic_string@DU?$char_traits@D@std@@V?$allocator@D@2@@std@@@2@V?$allocator@U?$pair@$$CBV?$basic_string@DU?$char_traits@D@std@@V?$allocator@D@2@@std@@V12@@std@@@2@$0A@@std@@@std@@IEAA?AV?$_Tree_iterator@V?$_Tree_val@U?$_Tree_simple_types@U?$pair@$$CBV?$basic_string@DU?$char_traits@D@std@@V?$allocator@D@2@@std@@V12@@std@@@std@@@std@@@1@_NPEAU?$_Tree_node@U?$pair@$$CBV?$basic_string@DU?$char_traits@D@std@@V?$allocator@D@2@@std@@V12@@std@@PEAX@1@$$QEAU?$pair@$$CBV?$basic_string@DU?$char_traits@D@std@@V?$allocator@D@2@@std@@V12@@1@U_Nil@1@@Z 0000000180004c20 f i opcda.obj
 0001:00003f50       ?InitHashTable@?$CAtlMap@PEAVCOPCItem@@PEAUOPCItemData@@V?$CElementTraits@PEAVCOPCItem@@@ATL@@V?$CElementTraits@PEAUOPCItemData@@@4@@ATL@@QEAA_NI_N@Z 0000000180004f50 f i opcda.obj
 0001:00004070       ?Rehash@?$CAtlMap@PEAVCOPCItem@@PEAUOPCItemData@@V?$CElementTraits@PEAVCOPCItem@@@ATL@@V?$CElementTraits@PEAUOPCItemData@@@4@@ATL@@QEAAXI@Z 0000000180005070 f i opcda.obj
 0001:00004280       ?PickSize@?$CAtlMap@PEAVCOPCItem@@PEAUOPCItemData@@V?$CElementTraits@PEAVCOPCItem@@@ATL@@V?$CElementTraits@PEAUOPCItemData@@@4@@ATL@@AEBAI_K@Z 0000000180005280 f i opcda.obj
 0001:00004300       ?FreeNode@?$CAtlMap@PEAVCOPCItem@@PEAUOPCItemData@@V?$CElementTraits@PEAVCOPCItem@@@ATL@@V?$CElementTraits@PEAUOPCItemData@@@4@@ATL@@AEAAXPEAVCNode@12@@Z 0000000180005300 f i opcda.obj
 0001:00004390       ??$?0$$CBV?$basic_string@DU?$char_traits@D@std@@V?$allocator@D@2@@std@@V01@X@?$pair@$$CBV?$basic_string@DU?$char_traits@D@std@@V?$allocator@D@2@@std@@V12@@std@@QEAA@$$QEAU01@@Z 0000000180005390 f i opcda.obj
 0001:000044a0       ??0OPCException@@QEAA@AEBV0@@Z 00000001800054a0 f i OPCClientToolKit64:OPCItemData.obj
 0001:000044e0       ??0OPCItemData@@QEAA@J@Z   00000001800054e0 f   OPCClientToolKit64:OPCItemData.obj
 0001:000044f0       ??0OPCItemData@@QEAA@U_FILETIME@@GAEAUtagVARIANT@@J@Z 00000001800054f0 f   OPCClientToolKit64:OPCItemData.obj
 0001:000045e0       ??1COPCItem_DataMap@@QEAA@XZ 00000001800055e0 f   OPCClientToolKit64:OPCItemData.obj
 0001:000046d0       ??1OPCException@@QEAA@XZ   00000001800056d0 f i OPCClientToolKit64:OPCItemData.obj
 0001:00004710       ??0COPCServer@@QEAA@AEAV?$CComPtr@UIOPCServer@@@ATL@@@Z 0000000180005710 f   OPCClientToolKit64:OPCServer.obj
 0001:000048c0       ??1?$CComPtr@UIConnectionPointContainer@@@ATL@@QEAA@XZ 00000001800058c0 f i OPCClientToolKit64:OPCGroup.obj
 0001:000048c0       ??1?$CComPtr@UIOPCServer@@@ATL@@QEAA@XZ 00000001800058c0 f i OPCClientToolKit64:OPCServer.obj
 0001:000048c0       ??1?$CComPtr@UICatInformation@@@ATL@@QEAA@XZ 00000001800058c0 f i OPCClientToolKit64:OPCHost.obj
 0001:000048c0       ??1?$CComPtr@UIOPCAsyncIO2@@@ATL@@QEAA@XZ 00000001800058c0 f i OPCClientToolKit64:OPCGroup.obj
 0001:000048c0       ??1?$CComPtr@UIOPCServerList@@@ATL@@QEAA@XZ 00000001800058c0 f i OPCClientToolKit64:OPCHost.obj
 0001:000048c0       ??1?$CComPtr@UIOPCItemProperties@@@ATL@@QEAA@XZ 00000001800058c0 f i OPCClientToolKit64:OPCServer.obj
 0001:000048c0       ??1?$CComPtr@UIClassFactory@@@ATL@@QEAA@XZ 00000001800058c0 f i OPCClientToolKit64:OPCHost.obj
 0001:000048c0       ??1?$CComPtr@UIOPCBrowseServerAddressSpace@@@ATL@@QEAA@XZ 00000001800058c0 f i OPCClientToolKit64:OPCServer.obj
 0001:000048c0       ??1?$CComPtr@UIConnectionPoint@@@ATL@@QEAA@XZ 00000001800058c0 f i OPCClientToolKit64:OPCGroup.obj
 0001:000048c0       ??1?$CComPtr@UIOPCSyncIO@@@ATL@@QEAA@XZ 00000001800058c0 f i OPCClientToolKit64:OPCGroup.obj
 0001:000048c0       ??1?$CComPtr@UIOPCItemMgt@@@ATL@@QEAA@XZ 00000001800058c0 f i OPCClientToolKit64:OPCGroup.obj
 0001:000048c0       ??1?$CComPtr@UIUnknown@@@ATL@@QEAA@XZ 00000001800058c0 f i OPCClientToolKit64:OPCHost.obj
 0001:000048c0       ??1?$CComPtr@VCAsynchDataCallback@@@ATL@@QEAA@XZ 00000001800058c0 f i OPCClientToolKit64:OPCGroup.obj
 0001:000048c0       ??1?$CComPtr@UIOPCGroupStateMgt@@@ATL@@QEAA@XZ 00000001800058c0 f i OPCClientToolKit64:OPCGroup.obj
 0001:000048c0       ??1?$CComPtr@UIEnumGUID@@@ATL@@QEAA@XZ 00000001800058c0 f i OPCClientToolKit64:OPCHost.obj
 0001:000048d0       ??_GCOPCServer@@UEAAPEAXI@Z 00000001800058d0 f i OPCClientToolKit64:OPCServer.obj
 0001:000048d0       ??_ECOPCServer@@UEAAPEAXI@Z 00000001800058d0 f i OPCClientToolKit64:OPCServer.obj
 0001:00004950       ?makeGroup@COPCServer@@QEAAPEAVCOPCGroup@@AEBV?$basic_string@DU?$char_traits@D@std@@V?$allocator@D@2@@std@@_NKAEAKM@Z 0000000180005950 f   OPCClientToolKit64:OPCServer.obj
 0001:000049e0       ??0COPCGroup@@QEAA@AEBV?$basic_string@DU?$char_traits@D@std@@V?$allocator@D@2@@std@@_NKAEAKMAEAVCOPCServer@@@Z 00000001800059e0 f   OPCClientToolKit64:OPCGroup.obj
 0001:00004d70       ??1COPCGroup@@UEAA@XZ      0000000180005d70 f   OPCClientToolKit64:OPCGroup.obj
 0001:00004e50       ??4?$CComPtr@VCAsynchDataCallback@@@ATL@@QEAAPEAVCAsynchDataCallback@@PEAV2@@Z 0000000180005e50 f i OPCClientToolKit64:OPCGroup.obj
 0001:00004eb0       ??_GCOPCGroup@@UEAAPEAXI@Z 0000000180005eb0 f i OPCClientToolKit64:OPCGroup.obj
 0001:00004eb0       ??_ECOPCGroup@@UEAAPEAXI@Z 0000000180005eb0 f i OPCClientToolKit64:OPCGroup.obj
 0001:00004ee0       ?AddRef@CAsynchDataCallback@@UEAAKXZ 0000000180005ee0 f i OPCClientToolKit64:OPCGroup.obj
 0001:00004ef0       ?AtlA2WHelper@@YAPEA_WPEA_WPEBDHI@Z 0000000180005ef0 f i OPCClientToolKit64:OPCGroup.obj
 0001:00004f50       ?NewNode@?$CAtlMap@PEAVCOPCItem@@PEAUOPCItemData@@V?$CElementTraits@PEAVCOPCItem@@@ATL@@V?$CElementTraits@PEAUOPCItemData@@@4@@ATL@@AEAAPEAVCNode@12@AEBQEAVCOPCItem@@II@Z 0000000180005f50 f i OPCClientToolKit64:OPCGroup.obj
 0001:000050c0       ?OnCancelComplete@CAsynchDataCallback@@UEAAJKK@Z 00000001800060c0 f i OPCClientToolKit64:OPCGroup.obj
 0001:000050e0       ?OnDataChange@CAsynchDataCallback@@UEAAJKKJJKPEAKPEAUtagVARIANT@@PEAGPEAU_FILETIME@@PEAJ@Z 00000001800060e0 f i OPCClientToolKit64:OPCGroup.obj
 0001:000052b0       ?OnReadComplete@CAsynchDataCallback@@UEAAJKKJJKPEAKPEAUtagVARIANT@@PEAGPEAU_FILETIME@@PEAJ@Z 00000001800062b0 f i OPCClientToolKit64:OPCGroup.obj
 0001:00005310       ?OnWriteComplete@CAsynchDataCallback@@UEAAJKKJKPEAKPEAJ@Z 0000000180006310 f i OPCClientToolKit64:OPCGroup.obj
 0001:00005380       ?QueryInterface@CAsynchDataCallback@@UEAAJAEBU_GUID@@PEAPEAX@Z 0000000180006380 f i OPCClientToolKit64:OPCGroup.obj
 0001:000053f0       ?Release@CAsynchDataCallback@@UEAAKXZ 00000001800063f0 f i OPCClientToolKit64:OPCGroup.obj
 0001:00005420       ?RemoveAtPos@?$CAtlMap@PEAVCOPCItem@@PEAUOPCItemData@@V?$CElementTraits@PEAVCOPCItem@@@ATL@@V?$CElementTraits@PEAUOPCItemData@@@4@@ATL@@QEAAXPEAU__POSITION@@@Z 0000000180006420 f i OPCClientToolKit64:OPCGroup.obj
 0001:000054a0       ?SetAt@?$CAtlMap@PEAVCOPCItem@@PEAUOPCItemData@@V?$CElementTraits@PEAVCOPCItem@@@ATL@@V?$CElementTraits@PEAUOPCItemData@@@4@@ATL@@QEAAPEAU__POSITION@@AEBQEAVCOPCItem@@AEBQEAUOPCItemData@@@Z 00000001800064a0 f i OPCClientToolKit64:OPCGroup.obj
 0001:00005560       ?_Reallocate@?$vector@JV?$allocator@J@std@@@std@@IEAAX_K@Z 0000000180006560 f i OPCClientToolKit64:OPCGroup.obj
 0001:00005620       ?_Reallocate@?$vector@PEAVCOPCItem@@V?$allocator@PEAVCOPCItem@@@std@@@std@@IEAAX_K@Z 0000000180006620 f i OPCClientToolKit64:OPCGroup.obj
 0001:000056e0       ?addItems@COPCGroup@@QEAAHAEAV?$vector@V?$basic_string@DU?$char_traits@D@std@@V?$allocator@D@2@@std@@V?$allocator@V?$basic_string@DU?$char_traits@D@std@@V?$allocator@D@2@@std@@@2@@std@@AEAV?$vector@PEAVCOPCItem@@V?$allocator@PEAVCOPCItem@@@std@@@3@AEAV?$vector@JV?$allocator@J@std@@@3@_N@Z 00000001800066e0 f   OPCClientToolKit64:OPCGroup.obj
 0001:00005a50       ?enableAsynch@COPCGroup@@QEAAXAEAVIAsynchDataCallback@@@Z 0000000180006a50 f   OPCClientToolKit64:OPCGroup.obj
 0001:00005d10       ?resize@?$vector@JV?$allocator@J@std@@@std@@QEAAX_K@Z 0000000180006d10 f i OPCClientToolKit64:OPCGroup.obj
 0001:00005e10       ?resize@?$vector@PEAVCOPCItem@@V?$allocator@PEAVCOPCItem@@@std@@@std@@QEAAX_K@Z 0000000180006e10 f i OPCClientToolKit64:OPCGroup.obj
 0001:00005f10       ?updateOPCData@CAsynchDataCallback@@SAXAEAVCOPCItem_DataMap@@KPEAKPEAUtagVARIANT@@PEAGPEAU_FILETIME@@PEAJ@Z 0000000180006f10 f i OPCClientToolKit64:OPCGroup.obj
 0001:00006060       ?comFree@COPCClient@@SAXPEAX@Z 0000000180007060 f   OPCClientToolKit64:OPCClient.obj
 0001:00006080       ?init@COPCClient@@SAXXZ    0000000180007080 f   OPCClientToolKit64:OPCClient.obj
 0001:00006220       ?makeHost@COPCClient@@SAPEAVCOPCHost@@AEBV?$basic_string@DU?$char_traits@D@std@@V?$allocator@D@2@@std@@@Z 0000000180007220 f   OPCClientToolKit64:OPCClient.obj
 0001:00006280       ?setCompleted@CTransaction@@QEAAXXZ 0000000180007280 f   OPCClientToolKit64:Transaction.obj
 0001:000062a0       ?setItemError@CTransaction@@QEAAXPEAVCOPCItem@@J@Z 00000001800072a0 f   OPCClientToolKit64:Transaction.obj
 0001:00006330       ??0COPCItem@@IEAA@AEAV?$basic_string@DU?$char_traits@D@std@@V?$allocator@D@2@@std@@AEAVCOPCGroup@@@Z 0000000180007330 f   OPCClientToolKit64:OPCItem.obj
 0001:00006380       ??1COPCItem@@UEAA@XZ       0000000180007380 f   OPCClientToolKit64:OPCItem.obj
 0001:00006400       ??_ECOPCItem@@UEAAPEAXI@Z  0000000180007400 f i OPCClientToolKit64:OPCItem.obj
 0001:00006400       ??_GCOPCItem@@UEAAPEAXI@Z  0000000180007400 f i OPCClientToolKit64:OPCItem.obj
 0001:00006430       ?setOPCParams@COPCItem@@IEAAXKGK@Z 0000000180007430 f   OPCClientToolKit64:OPCItem.obj
 0001:00006440       ??0CLocalHost@@QEAA@XZ     0000000180007440 f   OPCClientToolKit64:OPCHost.obj
 0001:00006450       ??0CRemoteHost@@QEAA@AEBV?$basic_string@DU?$char_traits@D@std@@V?$allocator@D@2@@std@@@Z 0000000180007450 f   OPCClientToolKit64:OPCHost.obj
 0001:000064a0       ??1COPCHost@@UEAA@XZ       00000001800074a0 f   OPCClientToolKit64:OPCHost.obj
 0001:000064b0       ??_GCOPCHost@@UEAAPEAXI@Z  00000001800074b0 f i OPCClientToolKit64:OPCHost.obj
 0001:000064b0       ??_ECLocalHost@@UEAAPEAXI@Z 00000001800074b0 f i OPCClientToolKit64:OPCHost.obj
 0001:000064b0       ??_GCLocalHost@@UEAAPEAXI@Z 00000001800074b0 f i OPCClientToolKit64:OPCHost.obj
 0001:000064b0       ??_ECOPCHost@@UEAAPEAXI@Z  00000001800074b0 f i OPCClientToolKit64:OPCHost.obj
 0001:000064e0       ??_ECRemoteHost@@UEAAPEAXI@Z 00000001800074e0 f i OPCClientToolKit64:OPCHost.obj
 0001:000064e0       ??_GCRemoteHost@@UEAAPEAXI@Z 00000001800074e0 f i OPCClientToolKit64:OPCHost.obj
 0001:00006540       ?GetCLSIDFromRemoteRegistry@CRemoteHost@@AEAA?AU_GUID@@AEBV?$basic_string@DU?$char_traits@D@std@@V?$allocator@D@2@@std@@0@Z 0000000180007540 f   OPCClientToolKit64:OPCHost.obj
 0001:00006730       ?append@?$basic_string@DU?$char_traits@D@std@@V?$allocator@D@2@@std@@QEAAAEAV12@AEBV12@_K1@Z 0000000180007730 f i OPCClientToolKit64:OPCHost.obj
 0001:00006860       ?append@?$basic_string@DU?$char_traits@D@std@@V?$allocator@D@2@@std@@QEAAAEAV12@PEBD_K@Z 0000000180007860 f i OPCClientToolKit64:OPCHost.obj
 0001:000069b0       ?connectDAServer@CLocalHost@@UEAAPEAVCOPCServer@@AEBV?$basic_string@DU?$char_traits@D@std@@V?$allocator@D@2@@std@@@Z 00000001800079b0 f   OPCClientToolKit64:OPCHost.obj
 0001:00006cf0       ?connectDAServer@CRemoteHost@@QEAAPEAVCOPCServer@@AEBU_GUID@@@Z 0000000180007cf0 f   OPCClientToolKit64:OPCHost.obj
 0001:00006e30       ?connectDAServer@CRemoteHost@@UEAAPEAVCOPCServer@@AEBV?$basic_string@DU?$char_traits@D@std@@V?$allocator@D@2@@std@@@Z 0000000180007e30 f   OPCClientToolKit64:OPCHost.obj
 0001:00006e80       ?getListOfDAServers@CLocalHost@@UEAAXU_GUID@@AEAV?$vector@V?$basic_string@DU?$char_traits@D@std@@V?$allocator@D@2@@std@@V?$allocator@V?$basic_string@DU?$char_traits@D@std@@V?$allocator@D@2@@std@@@2@@std@@@Z 0000000180007e80 f   OPCClientToolKit64:OPCHost.obj
 0001:000071d0       ?getListOfDAServers@CRemoteHost@@UEAAXU_GUID@@AEAV?$vector@V?$basic_string@DU?$char_traits@D@std@@V?$allocator@D@2@@std@@V?$allocator@V?$basic_string@DU?$char_traits@D@std@@V?$allocator@D@2@@std@@@2@@std@@@Z 00000001800081d0 f   OPCClientToolKit64:OPCHost.obj
 0001:00007560       ?makeRemoteObject@CRemoteHost@@AEAAXU_GUID@@0PEAPEAX@Z 0000000180008560 f   OPCClientToolKit64:OPCHost.obj
 0001:0000775b       __imp_load_node_module_register 000000018000875b f   node:node.exe
 0001:00007767       __tailMerge_node_exe       0000000180008767 f i node:node.exe
 0001:000077e0       __imp_load_?MakeCallback@node@@YA?AV?$Local@VValue@v8@@@v8@@PEAVIsolate@3@V?$Local@VObject@v8@@@3@V?$Local@VFunction@v8@@@3@HPEAV23@@Z 00000001800087e0 f   node:node.exe
 0001:000077ec       __imp_load_uv_default_loop 00000001800087ec f   node:node.exe
 0001:000077f8       __imp_load_?Global@Context@v8@@QEAA?AV?$Local@VObject@v8@@@2@XZ 00000001800087f8 f   node:node.exe
 0001:00007804       __imp_load_?ToLocalEmpty@V8@v8@@CAXXZ 0000000180008804 f   node:node.exe
 0001:00007810       __imp_load_?DisposeGlobal@V8@v8@@CAXPEAPEAVObject@internal@2@@Z 0000000180008810 f   node:node.exe
 0001:0000781c       __imp_load_?GlobalizeReference@V8@v8@@CAPEAPEAVObject@internal@2@PEAVIsolate@42@PEAPEAV342@@Z 000000018000881c f   node:node.exe
 0001:00007828       __imp_load_?Escape@EscapableHandleScope@v8@@AEAAPEAPEAVObject@internal@2@PEAPEAV342@@Z 0000000180008828 f   node:node.exe
 0001:00007834       __imp_load_??0EscapableHandleScope@v8@@QEAA@PEAVIsolate@1@@Z 0000000180008834 f   node:node.exe
 0001:00007840       __imp_load_?IsObject@Value@v8@@QEBA_NXZ 0000000180008840 f   node:node.exe
 0001:0000784c       __imp_load_?IsFunction@Value@v8@@QEBA_NXZ 000000018000884c f   node:node.exe
 0001:00007858       __imp_load_?SetClassName@FunctionTemplate@v8@@QEAAXV?$Local@VString@v8@@@2@@Z 0000000180008858 f   node:node.exe
 0001:00007864       __imp_load_?GetFunction@FunctionTemplate@v8@@QEAA?AV?$MaybeLocal@VFunction@v8@@@2@V?$Local@VContext@v8@@@2@@Z 0000000180008864 f   node:node.exe
 0001:00007870       __imp_load_?New@FunctionTemplate@v8@@SA?AV?$Local@VFunctionTemplate@v8@@@2@PEAVIsolate@2@P6AXAEBV?$FunctionCallbackInfo@VValue@v8@@@2@@ZV?$Local@VValue@v8@@@2@V?$Local@VSignature@v8@@@2@H@Z 0000000180008870 f   node:node.exe
 0001:0000787c       __imp_load_?TypeError@Exception@v8@@SA?AV?$Local@VValue@v8@@@2@V?$Local@VString@v8@@@2@@Z 000000018000887c f   node:node.exe
 0001:00007888       __imp_load_??1Utf8Value@String@v8@@QEAA@XZ 0000000180008888 f   node:node.exe
 0001:00007894       __imp_load_??0Utf8Value@String@v8@@QEAA@V?$Local@VValue@v8@@@2@@Z 0000000180008894 f   node:node.exe
 0001:000078a0       __imp_load_?NewFromUtf8@String@v8@@SA?AV?$MaybeLocal@VString@v8@@@2@PEAVIsolate@2@PEBDW4NewStringType@2@H@Z 00000001800088a0 f   node:node.exe
 0001:000078ac       __imp_load_?New@Array@v8@@SA?AV?$Local@VArray@v8@@@2@PEAVIsolate@2@H@Z 00000001800088ac f   node:node.exe
 0001:000078b8       __imp_load_?Length@Array@v8@@QEBAIXZ 00000001800088b8 f   node:node.exe
 0001:000078c4       __imp_load_?CreateHandle@HandleScope@v8@@KAPEAPEAVObject@internal@2@PEAVIsolate@42@PEAV342@@Z 00000001800088c4 f   node:node.exe
 0001:000078d0       __imp_load_?CreateHandle@HandleScope@v8@@CAPEAPEAVObject@internal@2@PEAVHeapObject@42@PEAV342@@Z 00000001800088d0 f   node:node.exe
 0001:000078dc       __imp_load_??1HandleScope@v8@@QEAA@XZ 00000001800088dc f   node:node.exe
 0001:000078e8       __imp_load_??0HandleScope@v8@@QEAA@PEAVIsolate@1@@Z 00000001800088e8 f   node:node.exe
 0001:000078f4       __imp_load_?SlowGetInternalField@Object@v8@@AEAA?AV?$Local@VValue@v8@@@2@H@Z 00000001800088f4 f   node:node.exe
 0001:00007900       __imp_load_?New@Object@v8@@SA?AV?$Local@VObject@v8@@@2@PEAVIsolate@2@@Z 0000000180008900 f   node:node.exe
 0001:0000790c       __imp_load_?SetInternalField@Object@v8@@QEAAXHV?$Local@VValue@v8@@@2@@Z 000000018000890c f   node:node.exe
 0001:00007918       __imp_load_?Get@Object@v8@@QEAA?AV?$MaybeLocal@VValue@v8@@@2@V?$Local@VContext@v8@@@2@V?$Local@VValue@v8@@@2@@Z 0000000180008918 f   node:node.exe
 0001:00007924       __imp_load_?Get@Object@v8@@QEAA?AV?$Local@VValue@v8@@@2@I@Z 0000000180008924 f   node:node.exe
 0001:00007930       __imp_load_?Set@Object@v8@@QEAA_NV?$Local@VValue@v8@@@2@0@Z 0000000180008930 f   node:node.exe
 0001:0000793c       __imp_load_?Set@Object@v8@@QEAA_NIV?$Local@VValue@v8@@@2@@Z 000000018000893c f   node:node.exe
 0001:00007948       __imp_load_?SetInternalFieldCount@ObjectTemplate@v8@@QEAAXH@Z 0000000180008948 f   node:node.exe
 0001:00007954       __imp_load_?NewInstance@ObjectTemplate@v8@@QEAA?AV?$MaybeLocal@VObject@v8@@@2@V?$Local@VContext@v8@@@2@@Z 0000000180008954 f   node:node.exe
 0001:00007960       __imp_load_?New@ObjectTemplate@v8@@SA?AV?$Local@VObjectTemplate@v8@@@2@PEAVIsolate@2@V?$Local@VFunctionTemplate@v8@@@2@@Z 0000000180008960 f   node:node.exe
 0001:0000796c       __imp_load_?ThrowException@Isolate@v8@@QEAA?AV?$Local@VValue@v8@@@2@V32@@Z 000000018000896c f   node:node.exe
 0001:00007978       __imp_load_?GetCurrentContext@Isolate@v8@@QEAA?AV?$Local@VContext@v8@@@2@XZ 0000000180008978 f   node:node.exe
 0001:00007984       __imp_load_?GetCurrent@Isolate@v8@@SAPEAV12@XZ 0000000180008984 f   node:node.exe
 0001:00007990       __imp_load_?Value@External@v8@@QEBAPEAXXZ 0000000180008990 f   node:node.exe
 0001:0000799c       __imp_load_?New@External@v8@@SA?AV?$Local@VExternal@v8@@@2@PEAVIsolate@2@PEAX@Z 000000018000899c f   node:node.exe
 0001:000079a8       __imp_load_uv_async_send   00000001800089a8 f   node:node.exe
 0001:000079b4       __imp_load_uv_async_init   00000001800089b4 f   node:node.exe
 0001:000079c0       __imp_load_uv_thread_create 00000001800089c0 f   node:node.exe
 0001:000079cc       __imp_load_?ToString@Value@v8@@QEBA?AV?$Local@VString@v8@@@2@XZ 00000001800089cc f   node:node.exe
 0001:000079d8       __imp_load_??1EscapableHandleScope@v8@@QEAA@XZ 00000001800089d8 f   node:node.exe
 0001:000079e4       ??0CAtlBaseModule@ATL@@QEAA@XZ 00000001800089e4 f   atls:atlbase.obj
 0001:00007a8c       ??1CAtlBaseModule@ATL@@QEAA@XZ 0000000180008a8c f   atls:atlbase.obj
 0001:00007ac0       ??0bad_alloc@std@@QEAA@AEBV01@@Z 0000000180008ac0 f i libcpmt:xthrow.obj
 0001:00007ae4       ??0length_error@std@@QEAA@AEBV01@@Z 0000000180008ae4 f i libcpmt:xthrow.obj
 0001:00007b08       ??0logic_error@std@@QEAA@AEBV01@@Z 0000000180008b08 f i libcpmt:xthrow.obj
 0001:00007b2c       ??0out_of_range@std@@QEAA@AEBV01@@Z 0000000180008b2c f i libcpmt:xthrow.obj
 0001:00007b50       ??1bad_alloc@std@@UEAA@XZ  0000000180008b50 f i libcpmt:xthrow.obj
 0001:00007b60       ??1length_error@std@@UEAA@XZ 0000000180008b60 f i libcpmt:xthrow.obj
 0001:00007b60       ??1out_of_range@std@@UEAA@XZ 0000000180008b60 f i libcpmt:xthrow.obj
 0001:00007b68       ??_Gbad_alloc@std@@UEAAPEAXI@Z 0000000180008b68 f i libcpmt:xthrow.obj
 0001:00007b68       ??_Ebad_alloc@std@@UEAAPEAXI@Z 0000000180008b68 f i libcpmt:xthrow.obj
 0001:00007ba4       ??_Elogic_error@std@@UEAAPEAXI@Z 0000000180008ba4 f i libcpmt:xthrow.obj
 0001:00007ba4       ??_Eout_of_range@std@@UEAAPEAXI@Z 0000000180008ba4 f i libcpmt:xthrow.obj
 0001:00007ba4       ??_Glogic_error@std@@UEAAPEAXI@Z 0000000180008ba4 f i libcpmt:xthrow.obj
 0001:00007ba4       ??_Glength_error@std@@UEAAPEAXI@Z 0000000180008ba4 f i libcpmt:xthrow.obj
 0001:00007ba4       ??_Gout_of_range@std@@UEAAPEAXI@Z 0000000180008ba4 f i libcpmt:xthrow.obj
 0001:00007ba4       ??_Elength_error@std@@UEAAPEAXI@Z 0000000180008ba4 f i libcpmt:xthrow.obj
 0001:00007bd4       ?_Xbad_alloc@std@@YAXXZ    0000000180008bd4 f   libcpmt:xthrow.obj
 0001:00007c18       ?_Xlength_error@std@@YAXPEBD@Z 0000000180008c18 f   libcpmt:xthrow.obj
 0001:00007c50       ?_Xout_of_range@std@@YAXPEBD@Z 0000000180008c50 f   libcpmt:xthrow.obj
 0001:00007c88       ??_U@YAPEAX_K@Z            0000000180008c88 f   libcpmt:newaop.obj
 0001:00007c90       ??3@YAXPEAX@Z              0000000180008c90 f   LIBCMT:delete.obj
 0001:00007cb0       __security_check_cookie    0000000180008cb0 f   LIBCMT:amdsecgs.obj
 0001:00007cd0       memmove_s                  0000000180008cd0 f   LIBCMT:memmove_s.obj
 0001:00007d40       memmove                    0000000180008d40 f   LIBCMT:memcpy.obj
 0001:00007d40       memcpy                     0000000180008d40 f   LIBCMT:memcpy.obj
 0001:000082a8       ??_U@YAPEAX_KAEBUnothrow_t@std@@@Z 00000001800092a8 f   LIBCMT:newaopnt.obj
 0001:000082b0       free                       00000001800092b0 f   LIBCMT:free.obj
 0001:000082f0       _wassert                   00000001800092f0 f   LIBCMT:wassert.obj
 0001:00008c54       __onexitinit               0000000180009c54 f   LIBCMT:onexit.obj
 0001:00008c98       _onexit                    0000000180009c98 f   LIBCMT:onexit.obj
 0001:00008da4       atexit                     0000000180009da4 f   LIBCMT:onexit.obj
 0001:00008dbc       _vsnprintf_helper          0000000180009dbc f   LIBCMT:vsnprnc.obj
 0001:00008ea4       _vsprintf_s_l              0000000180009ea4 f   LIBCMT:vsnprnc.obj
 0001:00008f14       vsprintf_s                 0000000180009f14 f   LIBCMT:vsnprnc.obj
 0001:00008f2c       _get_printf_count_output   0000000180009f2c f   LIBCMT:printf.obj
 0001:00008f44       printf                     0000000180009f44 f   LIBCMT:printf.obj
 0001:00008ff0       ??_V@YAXPEAX@Z             0000000180009ff0 f   LIBCMT:delete2.obj
 0001:00008ff8       _purecall                  0000000180009ff8 f   LIBCMT:purevirt.obj
 0001:00009024       memcpy_s                   000000018000a024 f   LIBCMT:memcpy_s.obj
 0001:000090ac       ??8type_info@@QEBA_NAEBV0@@Z 000000018000a0ac f   LIBCMT:typinfo.obj
 0001:000090cc       ??_Etype_info@@UEAAPEAXI@Z 000000018000a0cc f i LIBCMT:typinfo.obj
 0001:000090cc       ??_Gtype_info@@UEAAPEAXI@Z 000000018000a0cc f i LIBCMT:typinfo.obj
 0001:00009108       _vscprintf                 000000018000a108 f   LIBCMT:vsprintf.obj
 0001:00009120       _vscprintf_helper          000000018000a120 f   LIBCMT:vsprintf.obj
 0001:000091b0       ??2@YAPEAX_K@Z             000000018000a1b0 f   LIBCMT:new.obj
 0001:0000921c       ??0_LocaleUpdate@@QEAA@PEAUlocaleinfo_struct@@@Z 000000018000a21c f i LIBCMT:stricmp.obj
 0001:000092c4       __ascii_stricmp            000000018000a2c4 f   LIBCMT:stricmp.obj
 0001:00009300       _stricmp                   000000018000a300 f   LIBCMT:stricmp.obj
 0001:00009348       _stricmp_l                 000000018000a348 f   LIBCMT:stricmp.obj
 0001:000093fc       _CRT_INIT                  000000018000a3fc f   LIBCMT:dllcrt0.obj
 0001:0000955c       _DllMainCRTStartup         000000018000a55c f   LIBCMT:dllcrt0.obj
 0001:000096bc       _CxxThrowException         000000018000a6bc f   LIBCMT:throw.obj
 0001:00009784       ?_GetEstablisherFrame@@YAPEA_KPEA_KPEAU_xDISPATCHER_CONTEXT@@PEBU_s_FuncInfo@@0@Z 000000018000a784 f   LIBCMT:trnsctrl.obj
 0001:00009850       ?_GetRangeOfTrysToCheck@@YAPEBU_s_TryBlockMapEntry@@PEA_KPEBU_s_FuncInfo@@HHPEAI2PEAU_xDISPATCHER_CONTEXT@@@Z 000000018000a850 f   LIBCMT:trnsctrl.obj
 0001:0000997c       ?__FrameUnwindToEmptyState@@YAXPEA_KPEAU_xDISPATCHER_CONTEXT@@PEBU_s_FuncInfo@@@Z 000000018000a97c f   LIBCMT:trnsctrl.obj
 0001:00009a10       ?__SehTransFilter@@YAHPEAU_EXCEPTION_POINTERS@@PEAUEHExceptionRecord@@PEA_KPEAU_CONTEXT@@PEAU_xDISPATCHER_CONTEXT@@PEBU_s_FuncInfo@@PEAH@Z 000000018000aa10 f   LIBCMT:trnsctrl.obj
 0001:00009ab4       _CallSETranslator          000000018000aab4 f   LIBCMT:trnsctrl.obj
 0001:00009b08       _CreateFrameInfo           000000018000ab08 f   LIBCMT:trnsctrl.obj
 0001:00009b4c       _FindAndUnlinkFrame        000000018000ab4c f   LIBCMT:trnsctrl.obj
 0001:00009bac       _GetImageBase              000000018000abac f   LIBCMT:trnsctrl.obj
 0001:00009bc4       _GetThrowImageBase         000000018000abc4 f   LIBCMT:trnsctrl.obj
 0001:00009bdc       _IsExceptionObjectToBeDestroyed 000000018000abdc f   LIBCMT:trnsctrl.obj
 0001:00009c10       _SetImageBase              000000018000ac10 f   LIBCMT:trnsctrl.obj
 0001:00009c2c       _SetThrowImageBase         000000018000ac2c f   LIBCMT:trnsctrl.obj
 0001:00009c48       _UnwindNestedFrames        000000018000ac48 f   LIBCMT:trnsctrl.obj
 0001:00009d6c       __CxxFrameHandler3         000000018000ad6c f   LIBCMT:trnsctrl.obj
 0001:00009df4       __GSHandlerCheck_EH        000000018000adf4 f   LIBCMT:gshandlereh.obj
 0001:00009ea0       memset                     000000018000aea0 f   LIBCMT:memset.obj
 0001:0000a0cc       _fpmath                    000000018000b0cc f   LIBCMT:fpinit.obj
 0001:0000a0d4       _cfltcvt_init              000000018000b0d4 f   LIBCMT:fpinit.obj
 0001:0000a170       _alloca_probe              000000018000b170 f   LIBCMT:chkstk.obj
 0001:0000a170       __chkstk                   000000018000b170 f   LIBCMT:chkstk.obj
 0001:0000a1c0       malloc                     000000018000b1c0 f   LIBCMT:malloc.obj
 0001:0000a278       __GSHandlerCheck           000000018000b278 f   LIBCMT:gshandler.obj
 0001:0000a298       __GSHandlerCheckCommon     000000018000b298 f   LIBCMT:gshandler.obj
 0001:0000a310       strlen                     000000018000b310 f   LIBCMT:strlen.obj
 0001:0000a3b8       ??0exception@std@@QEAA@AEBQEBD@Z 000000018000b3b8 f   LIBCMT:stdexcpt.obj
 0001:0000a3e8       ??0exception@std@@QEAA@AEBQEBDH@Z 000000018000b3e8 f   LIBCMT:stdexcpt.obj
 0001:0000a404       ??0exception@std@@QEAA@AEBV01@@Z 000000018000b404 f   LIBCMT:stdexcpt.obj
 0001:0000a430       ??1exception@std@@UEAA@XZ  000000018000b430 f   LIBCMT:stdexcpt.obj
 0001:0000a440       ??4exception@std@@QEAAAEAV01@AEBV01@@Z 000000018000b440 f   LIBCMT:stdexcpt.obj
 0001:0000a484       ??_Eexception@std@@UEAAPEAXI@Z 000000018000b484 f i LIBCMT:stdexcpt.obj
 0001:0000a484       ??_Gexception@std@@UEAAPEAXI@Z 000000018000b484 f i LIBCMT:stdexcpt.obj
 0001:0000a4c0       ?_Copy_str@exception@std@@AEAAXPEBD@Z 000000018000b4c0 f   LIBCMT:stdexcpt.obj
 0001:0000a51c       ?_Tidy@exception@std@@AEAAXXZ 000000018000b51c f   LIBCMT:stdexcpt.obj
 0001:0000a544       ?what@exception@std@@UEBAPEBDXZ 000000018000b544 f   LIBCMT:stdexcpt.obj
 0001:0000a558       __raise_securityfailure    000000018000b558 f   LIBCMT:gs_report.obj
 0001:0000a5a4       __report_gsfailure         000000018000b5a4 f   LIBCMT:gs_report.obj
 0001:0000a678       _call_reportfault          000000018000b678 f   LIBCMT:invarg.obj
 0001:0000a76c       _initp_misc_invarg         000000018000b76c f   LIBCMT:invarg.obj
 0001:0000a774       _invalid_parameter         000000018000b774 f   LIBCMT:invarg.obj
 0001:0000a7dc       _invalid_parameter_noinfo  000000018000b7dc f   LIBCMT:invarg.obj
 0001:0000a7fc       _invoke_watson             000000018000b7fc f   LIBCMT:invarg.obj
 0001:0000a838       __doserrno                 000000018000b838 f   LIBCMT:dosmap.obj
 0001:0000a858       _dosmaperr                 000000018000b858 f   LIBCMT:dosmap.obj
 0001:0000a8a8       _errno                     000000018000b8a8 f   LIBCMT:dosmap.obj
 0001:0000a8c8       _get_errno_from_oserr      000000018000b8c8 f   LIBCMT:dosmap.obj
 0001:0000a918       __isa_available_init       000000018000b918 f   LIBCMT:cpu_disp.obj
 0001:0000aabc       ??2@YAPEAX_KAEBUnothrow_t@std@@@Z 000000018000babc f   LIBCMT:newopnt.obj
 0001:0000aadc       _heap_init                 000000018000badc f   LIBCMT:heapinit.obj
 0001:0000aafc       _heap_term                 000000018000bafc f   LIBCMT:heapinit.obj
 0001:0000ab08       wcscat_s                   000000018000bb08 f   LIBCMT:wcscat_s.obj
 0001:0000ab90       wcscpy_s                   000000018000bb90 f   LIBCMT:wcscpy_s.obj
 0001:0000abfc       wcslen                     000000018000bbfc f   LIBCMT:wcslen.obj
 0001:0000ac18       wcsncat_s                  000000018000bc18 f   LIBCMT:wcsncat_s.obj
 0001:0000ad00       __crtCorExitProcess        000000018000bd00 f   LIBCMT:crt0dat.obj
 0001:0000ad44       __crtExitProcess           000000018000bd44 f   LIBCMT:crt0dat.obj
 0001:0000ad5c       __freeCrtMemory            000000018000bd5c f   LIBCMT:crt0dat.obj
 0001:0000aea4       _amsg_exit                 000000018000bea4 f   LIBCMT:crt0dat.obj
 0001:0000aecc       _cexit                     000000018000becc f   LIBCMT:crt0dat.obj
 0001:0000aedc       _cinit                     000000018000bedc f   LIBCMT:crt0dat.obj
 0001:0000af74       _exit                      000000018000bf74 f   LIBCMT:crt0dat.obj
 0001:0000af80       _init_pointers             000000018000bf80 f   LIBCMT:crt0dat.obj
 0001:0000b02c       _initterm_e                000000018000c02c f   LIBCMT:crt0dat.obj
 0001:0000b068       _lockexit                  000000018000c068 f   LIBCMT:crt0dat.obj
 0001:0000b074       _unlockexit                000000018000c074 f   LIBCMT:crt0dat.obj
 0001:0000b218       _set_abort_behavior        000000018000c218 f   LIBCMT:abort.obj
 0001:0000b234       abort                      000000018000c234 f   LIBCMT:abort.obj
 0001:0000b28c       _set_error_mode            000000018000c28c f   LIBCMT:errmode.obj
 0001:0000b2cc       _itow_s                    000000018000c2cc f   LIBCMT:xtows.obj
 0001:0000b404       __initstdio                000000018000c404 f   LIBCMT:_file.obj
 0001:0000b49c       __endstdio                 000000018000c49c f   LIBCMT:_file.obj
 0001:0000b4cc       __iob_func                 000000018000c4cc f   LIBCMT:_file.obj
 0001:0000b4d4       _lock_file                 000000018000c4d4 f   LIBCMT:_file.obj
 0001:0000b53c       _lock_file2                000000018000c53c f   LIBCMT:_file.obj
 0001:0000b570       _unlock_file               000000018000c570 f   LIBCMT:_file.obj
 0001:0000b5c0       _unlock_file2              000000018000c5c0 f   LIBCMT:_file.obj
 0001:0000b5e0       _fflush_nolock             000000018000c5e0 f   LIBCMT:fflush.obj
 0001:0000b62c       _flush                     000000018000c62c f   LIBCMT:fflush.obj
 0001:0000b6a8       _flushall                  000000018000c6a8 f   LIBCMT:fflush.obj
 0001:0000b6b4       fflush                     000000018000c6b4 f   LIBCMT:fflush.obj
 0001:0000b7e0       setvbuf                    000000018000c7e0 f   LIBCMT:setvbuf.obj
 0001:0000b8f8       fwprintf                   000000018000c8f8 f   LIBCMT:fwprintf.obj
 0001:0000b98c       _vswprintf_c_l             000000018000c98c f   LIBCMT:vswprnc.obj
 0001:0000b9c4       _vswprintf_helper          000000018000c9c4 f   LIBCMT:vswprnc.obj
 0001:0000bae0       __get_sigabrt              000000018000cae0 f   LIBCMT:winsig.obj
 0001:0000baf0       _initp_misc_winsig         000000018000caf0 f   LIBCMT:winsig.obj
 0001:0000bb10       raise                      000000018000cb10 f   LIBCMT:winsig.obj
 0001:0000bd44       __crtMessageBoxW           000000018000cd44 f   LIBCMT:crtmboxw.obj
 0001:0000bfb8       _FF_MSGBANNER              000000018000cfb8 f   LIBCMT:crt0msg.obj
 0001:0000bffc       _GET_RTERRMSG              000000018000cffc f   LIBCMT:crt0msg.obj
 0001:0000c02c       _NMSG_WRITE                000000018000d02c f   LIBCMT:crt0msg.obj
 0001:0000c29c       _msize                     000000018000d29c f   LIBCMT:msize.obj
 0001:0000c2d8       _calloc_crt                000000018000d2d8 f   LIBCMT:crtheap.obj
 0001:0000c358       _malloc_crt                000000018000d358 f   LIBCMT:crtheap.obj
 0001:0000c3d4       _realloc_crt               000000018000d3d4 f   LIBCMT:crtheap.obj
 0001:0000c458       __C_specific_handler       000000018000d458 f   LIBCMT:chandler.obj
 0001:0000c63c       _flsbuf                    000000018000d63c f   LIBCMT:_flsbuf.obj
 0001:0000c7c8       _output_l                  000000018000d7c8 f   LIBCMT:output.obj
 0001:0000d2c0       _output_s_l                000000018000e2c0 f   LIBCMT:outputs.obj
 0001:0000dd30       _ftbuf                     000000018000ed30 f   LIBCMT:_sftbuf.obj
 0001:0000dd68       _stbuf                     000000018000ed68 f   LIBCMT:_sftbuf.obj
 0001:0000de38       _initp_misc_purevirt       000000018000ee38 f   LIBCMT:inithelp.obj
 0001:0000de50       strcmp                     000000018000ee50 f   LIBCMT:strcmp.obj
 0001:0000deb8       ?_Type_info_dtor@type_info@@CAXPEAV1@@Z 000000018000eeb8 f   LIBCMT:typname.obj
 0001:0000df24       _callnewh                  000000018000ef24 f   LIBCMT:handler.obj
 0001:0000df58       _initp_heap_handler        000000018000ef58 f   LIBCMT:handler.obj
 0001:0000df60       __addlocaleref             000000018000ef60 f   LIBCMT:localref.obj
 0001:0000dfec       __freetlocinfo             000000018000efec f   LIBCMT:localref.obj
 0001:0000e184       __removelocaleref          000000018000f184 f   LIBCMT:localref.obj
 0001:0000e228       __updatetlocinfo           000000018000f228 f   LIBCMT:localref.obj
 0001:0000e2a0       _updatetlocinfoEx_nolock   000000018000f2a0 f   LIBCMT:localref.obj
 0001:0000e304       __initmbctable             000000018000f304 f   LIBCMT:mbctype.obj
 0001:0000e620       __updatetmbcinfo           000000018000f620 f   LIBCMT:mbctype.obj
 0001:0000e6dc       _setmbcp                   000000018000f6dc f   LIBCMT:mbctype.obj
 0001:0000e920       _setmbcp_nolock            000000018000f920 f   LIBCMT:mbctype.obj
 0001:0000ebd0       _tolower_l                 000000018000fbd0 f   LIBCMT:tolower.obj
 0001:0000ed24       tolower                    000000018000fd24 f   LIBCMT:tolower.obj
 0001:0000ed44       _freefls                   000000018000fd44 f   LIBCMT:tidtable.obj
 0001:0000ee78       _freeptd                   000000018000fe78 f   LIBCMT:tidtable.obj
 0001:0000eeb4       _getptd                    000000018000feb4 f   LIBCMT:tidtable.obj
 0001:0000eed8       _getptd_noexit             000000018000fed8 f   LIBCMT:tidtable.obj
 0001:0000ef5c       _initptd                   000000018000ff5c f   LIBCMT:tidtable.obj
 0001:0000f020       _mtinit                    0000000180010020 f   LIBCMT:tidtable.obj
 0001:0000f0a0       _mtterm                    00000001800100a0 f   LIBCMT:tidtable.obj
 0001:0000f0c4       _locterm                   00000001800100c4 f   LIBCMT:wsetloca.obj
 0001:0000f10c       _XcptFilter                000000018001010c f   LIBCMT:winxfltr.obj
 0001:0000f2d8       __CppXcptFilter            00000001800102d8 f   LIBCMT:winxfltr.obj
 0001:0000f2ec       _ioinit                    00000001800102ec f   LIBCMT:ioinit.obj
 0001:0000f61c       _ioterm                    000000018001061c f   LIBCMT:ioinit.obj
 0001:0000f690       _setargv                   0000000180010690 f   LIBCMT:stdargv.obj
 0001:0000f94c       _setenvp                   000000018001094c f   LIBCMT:stdenvp.obj
 0001:0000fa80       __security_init_cookie     0000000180010a80 f   LIBCMT:gs_support.obj
 0001:0000fb2c       DllMain                    0000000180010b2c f   LIBCMT:dllmain.obj
 0001:0000fb34       __crtGetEnvironmentStringsA 0000000180010b34 f   LIBCMT:a_env.obj
 0001:0000fc28       __crtCaptureCurrentContext 0000000180010c28 f   LIBCMT:winapisupp.obj
 0001:0000fc98       __crtCapturePreviousContext 0000000180010c98 f   LIBCMT:winapisupp.obj
 0001:0000fd0c       __crtFlsAlloc              0000000180010d0c f   LIBCMT:winapisupp.obj
 0001:0000fd28       __crtFlsFree               0000000180010d28 f   LIBCMT:winapisupp.obj
 0001:0000fd44       __crtFlsGetValue           0000000180010d44 f   LIBCMT:winapisupp.obj
 0001:0000fd60       __crtFlsSetValue           0000000180010d60 f   LIBCMT:winapisupp.obj
 0001:0000fd7c       __crtInitializeCriticalSectionEx 0000000180010d7c f   LIBCMT:winapisupp.obj
 0001:0000fda8       __crtIsPackagedApp         0000000180010da8 f   LIBCMT:winapisupp.obj
 0001:0000fdf4       __crtLoadWinApiPointers    0000000180010df4 f   LIBCMT:winapisupp.obj
 0001:000101f0       __crtSleep                 00000001800111f0 f   LIBCMT:winapisupp.obj
 0001:000101f8       __crtTerminateProcess      00000001800111f8 f   LIBCMT:winapisupp.obj
 0001:00010218       __crtUnhandledException    0000000180011218 f   LIBCMT:winapisupp.obj
 0001:00010238       _RTC_Initialize            0000000180011238 f   LIBCMT:initsect.obj
 0001:00010270       _RTC_Terminate             0000000180011270 f   LIBCMT:initsect.obj
 0001:000102a8       __DestructExceptionObject  00000001800112a8 f   LIBCMT:frame.obj
 0001:00010318       ??0bad_exception@std@@QEAA@AEBV01@@Z 0000000180011318 f i LIBCMT:frame.obj
 0001:0001033c       ??1bad_exception@std@@UEAA@XZ 000000018001133c f i LIBCMT:frame.obj
 0001:0001034c       ??_Ebad_exception@std@@UEAAPEAXI@Z 000000018001134c f i LIBCMT:frame.obj
 0001:0001034c       ??_Gbad_exception@std@@UEAAPEAXI@Z 000000018001134c f i LIBCMT:frame.obj
 0001:00010c40       __AdjustPointer            0000000180011c40 f   LIBCMT:frame.obj
 0001:00010c64       __BuildCatchObject         0000000180011c64 f   LIBCMT:frame.obj
 0001:00010d1c       __BuildCatchObjectHelper   0000000180011d1c f   LIBCMT:frame.obj
 0001:00010f6c       __CxxCallCatchBlock        0000000180011f6c f   LIBCMT:frame.obj
 0001:00011170       __FrameUnwindFilter        0000000180012170 f   LIBCMT:frame.obj
 0001:000111c4       __FrameUnwindToState       00000001800121c4 f   LIBCMT:frame.obj
 0001:00011358       __InternalCxxFrameHandler  0000000180012358 f   LIBCMT:frame.obj
 0001:0001157c       __TypeMatch                000000018001257c f   LIBCMT:frame.obj
 0001:000116ac       ?__GetCurrentState@@YAHPEA_KPEAU_xDISPATCHER_CONTEXT@@PEBU_s_FuncInfo@@@Z 00000001800126ac f   LIBCMT:ehstate.obj
 0001:000116d4       ?__GetUnwindTryBlock@@YAHPEA_KPEAU_xDISPATCHER_CONTEXT@@PEBU_s_FuncInfo@@@Z 00000001800126d4 f   LIBCMT:ehstate.obj
 0001:00011700       ?__SetState@@YAXPEA_KPEAU_xDISPATCHER_CONTEXT@@PEBU_s_FuncInfo@@H@Z 0000000180012700 f   LIBCMT:ehstate.obj
 0001:0001170c       ?__SetUnwindTryBlock@@YAXPEA_KPEAU_xDISPATCHER_CONTEXT@@PEBU_s_FuncInfo@@H@Z 000000018001270c f   LIBCMT:ehstate.obj
 0001:00011748       ?__StateFromControlPc@@YAHPEBU_s_FuncInfo@@PEAU_xDISPATCHER_CONTEXT@@@Z 0000000180012748 f   LIBCMT:ehstate.obj
 0001:00011750       ?__StateFromIp@@YAHPEBU_s_FuncInfo@@PEAU_xDISPATCHER_CONTEXT@@_J@Z 0000000180012750 f   LIBCMT:ehstate.obj
 0001:000117dc       ?_inconsistency@@YAXXZ     00000001800127dc f   LIBCMT:hooks.obj
 0001:000117fc       ?terminate@@YAXXZ          00000001800127fc f   LIBCMT:hooks.obj
 0001:0001181c       _initp_eh_hooks            000000018001281c f   LIBCMT:hooks.obj
 0001:0001183c       _cfltcvt                   000000018001283c f   LIBCMT:cvt.obj
 0001:00011860       _cfltcvt_l                 0000000180012860 f   LIBCMT:cvt.obj
 0001:000118e0       _cftoa_l                   00000001800128e0 f   LIBCMT:cvt.obj
 0001:00011e8c       _cftoe_l                   0000000180012e8c f   LIBCMT:cvt.obj
 0001:000120e8       _cftof_l                   00000001800130e8 f   LIBCMT:cvt.obj
 0001:000121bc       _cftog_l                   00000001800131bc f   LIBCMT:cvt.obj
 0001:000122f0       _cropzeros                 00000001800132f0 f   LIBCMT:cvt.obj
 0001:000122f8       _cropzeros_l               00000001800132f8 f   LIBCMT:cvt.obj
 0001:00012390       _fassign                   0000000180013390 f   LIBCMT:cvt.obj
 0001:00012398       _fassign_l                 0000000180013398 f   LIBCMT:cvt.obj
 0001:000123d8       _forcdecpt                 00000001800133d8 f   LIBCMT:cvt.obj
 0001:000123e0       _forcdecpt_l               00000001800133e0 f   LIBCMT:cvt.obj
 0001:00012460       _positive                  0000000180013460 f   LIBCMT:cvt.obj
 0001:00012474       _initp_misc_cfltcvt_tab    0000000180013474 f   LIBCMT:cmiscdat.obj
 0001:000124b0       _calloc_impl               00000001800134b0 f   LIBCMT:calloc_impl.obj
 0001:0001254c       realloc                    000000018001354c f   LIBCMT:realloc.obj
 0001:00012620       strcpy_s                   0000000180013620 f   LIBCMT:strcpy_s.obj
 0001:00012684       __crt_debugger_hook        0000000180013684 f   LIBCMT:dbghook.obj
 0001:0001268c       _lock                      000000018001368c f   LIBCMT:mlock.obj
 0001:000126d0       _mtdeletelocks             00000001800136d0 f   LIBCMT:mlock.obj
 0001:00012758       _mtinitlocknum             0000000180013758 f   LIBCMT:mlock.obj
 0001:00012818       _mtinitlocks               0000000180013818 f   LIBCMT:mlock.obj
 0001:0001287c       _unlock                    000000018001387c f   LIBCMT:mlock.obj
 0001:000128a0       _FindPESection             00000001800138a0 f   LIBCMT:pesect.obj
 0001:000128f0       _IsNonwritableInCurrentImage 00000001800138f0 f   LIBCMT:pesect.obj
 0001:00012940       _ValidateImageBase         0000000180013940 f   LIBCMT:pesect.obj
 0001:00012970       _initp_misc_rand_s         0000000180013970 f   LIBCMT:rand_s.obj
 0001:00012978       _fcloseall                 0000000180013978 f   LIBCMT:closeall.obj
 0001:00012a20       _fileno                    0000000180013a20 f   LIBCMT:fileno.obj
 0001:00012a48       _commit                    0000000180013a48 f   LIBCMT:commit.obj
 0001:00012b20       _write                     0000000180013b20 f   LIBCMT:write.obj
 0001:00012c04       _write_nolock              0000000180013c04 f   LIBCMT:write.obj
 0001:000133f8       _freebuf                   00000001800143f8 f   LIBCMT:_freebuf.obj
 0001:00013430       _woutput_l                 0000000180014430 f   LIBCMT:woutput.obj
 0001:00013ff0       wcsncpy_s                  0000000180014ff0 f   LIBCMT:wcsncpy_s.obj
 0001:000140d0       _local_unwind              00000001800150d0 f   LIBCMT:jmpuwind.obj
 0001:00014100       _NLG_Notify                0000000180015100 f   LIBCMT:jmpuwind.obj
 0001:00014120       __NLG_Dispatch2            0000000180015120 f   LIBCMT:jmpuwind.obj
 0001:00014130       __NLG_Return2              0000000180015130 f   LIBCMT:jmpuwind.obj
 0001:00014134       _isatty                    0000000180015134 f   LIBCMT:isatty.obj
 0001:00014194       _lseeki64                  0000000180015194 f   LIBCMT:lseeki64.obj
 0001:0001427c       _lseeki64_nolock           000000018001527c f   LIBCMT:lseeki64.obj
 0001:00014310       _getbuf                    0000000180015310 f   LIBCMT:_getbuf.obj
 0001:00014364       _isleadbyte_l              0000000180015364 f i LIBCMT:_wctype.obj
 0001:000143a8       isleadbyte                 00000001800153a8 f i LIBCMT:_wctype.obj
 0001:000143f0       _wctomb_s_l                00000001800153f0 f   LIBCMT:wctomb.obj
 0001:0001457c       wctomb_s                   000000018001557c f   LIBCMT:wctomb.obj
 0001:00014590       GetTableIndexFromLocaleName 0000000180015590 f   LIBCMT:winapinls.obj
 0001:0001461c       __crtDownlevelLocaleNameToLCID 000000018001561c f   LIBCMT:winapinls.obj
 0001:00014650       __crtLCMapStringEx         0000000180015650 f   LIBCMT:winapinls.obj
 0001:000146e0       __wcsnicmp_ascii           00000001800156e0 f   LIBCMT:winapinls.obj
 0001:00014750       _get_fpsr                  0000000180015750 f   LIBCMT:fpsr.obj
 0001:00014760       _set_fpsr                  0000000180015760 f   LIBCMT:fpsr.obj
 0001:0001476a       _fclrf                     000000018001576a f   LIBCMT:fpsr.obj
 0001:0001477e       _frnd                      000000018001577e f   LIBCMT:fpsr.obj
 0001:000147a0       __free_lconv_mon           00000001800157a0 f   LIBCMT:initmon.obj
 0001:000148ac       __free_lconv_num           00000001800158ac f   LIBCMT:initnum.obj
 0001:00014918       __free_lc_time             0000000180015918 f   LIBCMT:inittime.obj
 0001:00015000       __crtLCMapStringA          0000000180016000 f   LIBCMT:a_map.obj
 0001:00015210       __crtGetStringTypeA        0000000180016210 f   LIBCMT:a_str.obj
 0001:0001528c       _isctype_l                 000000018001628c f   LIBCMT:isctype.obj
 0001:00015380       memcmp                     0000000180016380 f   LIBCMT:memcmp.obj
 0001:000154c4       _ismbblead                 00000001800164c4 f   LIBCMT:ismbbyte.obj
 0001:000154d8       ?_ValidateRead@@YAHPEBXI@Z 00000001800164d8 f   LIBCMT:validate.obj
 0001:000154d8       ?_ValidateWrite@@YAHPEAXI@Z 00000001800164d8 f   LIBCMT:validate.obj
 0001:000154d8       ?_ValidateExecute@@YAHP6A_JXZ@Z 00000001800164d8 f   LIBCMT:validate.obj
 0001:00015500       _CallSettingFrame          0000000180016500 f   LIBCMT:handlers.obj
 0001:00015540       _GetNextInstrOffset        0000000180016540 f   LIBCMT:handlers.obj
 0001:00015548       isdigit                    0000000180016548 f i LIBCMT:_ctype.obj
 0001:000155c4       strrchr                    00000001800165c4 f   LIBCMT:strrchr.obj
 0001:00015708       _fptostr                   0000000180016708 f   LIBCMT:_fptostr.obj
 0001:000157d4       __crt_atoflt_l             00000001800167d4 f   LIBCMT:atodbl.obj
 0001:000158a4       _atodbl_l                  00000001800168a4 f   LIBCMT:atodbl.obj
 0001:0001596c       _atoflt_l                  000000018001696c f   LIBCMT:atodbl.obj
 0001:00015974       __dtold                    0000000180016974 f   LIBCMT:cfout.obj
 0001:00015a44       _fltout2                   0000000180016a44 f   LIBCMT:cfout.obj
 0001:00015afc       _fptrap                    0000000180016afc f   LIBCMT:crt0fp.obj
 0001:00015b08       _fclose_nolock             0000000180016b08 f   LIBCMT:fclose.obj
 0001:00015b84       fclose                     0000000180016b84 f   LIBCMT:fclose.obj
 0001:00015bec       __lock_fhandle             0000000180016bec f   LIBCMT:osfinfo.obj
 0001:00015c84       _free_osfhnd               0000000180016c84 f   LIBCMT:osfinfo.obj
 0001:00015d30       _get_osfhandle             0000000180016d30 f   LIBCMT:osfinfo.obj
 0001:00015da4       _unlock_fhandle            0000000180016da4 f   LIBCMT:osfinfo.obj
 0001:00015dd0       _mbtowc_l                  0000000180016dd0 f   LIBCMT:mbtowc.obj
 0001:00015f24       mbtowc                     0000000180016f24 f   LIBCMT:mbtowc.obj
 0001:00015f2c       _putwch_nolock             0000000180016f2c f   LIBCMT:putwch.obj
 0001:00015f88       _fputwc_nolock             0000000180016f88 f   LIBCMT:fputwc.obj
 0001:0001617c       _ld12tod                   000000018001717c f   LIBCMT:intrncvt.obj
 0001:00016734       _ld12tof                   0000000180017734 f   LIBCMT:intrncvt.obj
 0001:00016cec       __strgtold12_l             0000000180017cec f   LIBCMT:strgtold.obj
 0001:00017550       $I10_OUTPUT                0000000180018550 f   LIBCMT:x10fout.obj
 0001:00018028       _close                     0000000180019028 f   LIBCMT:close.obj
 0001:000180ec       _close_nolock              00000001800190ec f   LIBCMT:close.obj
 0001:000181a8       __termconout               00000001800191a8 f   LIBCMT:initcon.obj
 0001:000181c8       __initconout               00000001800191c8 f   LIBCMT:initcon.obj
 0001:00018204       _flswbuf                   0000000180019204 f   LIBCMT:_flswbuf.obj
 0001:00018394       __mtold12                  0000000180019394 f   LIBCMT:mantold.obj
 0001:000185c0       RtlUnwindEx                00000001800195c0 f   kernel32:KERNEL32.dll
 0001:000185c6       IsProcessorFeaturePresent  00000001800195c6 f   kernel32:KERNEL32.dll
 0001:000185cc       __delayLoadHelper2         00000001800195cc f   DelayImp:delayhlp.obj
 0001:00019a10       ??__FstrMgr@?1??GetInstance@CAtlStringMgr@ATL@@SAPEAUIAtlStringMgr@2@XZ@YAXXZ 000000018001aa10 f i opcda.obj
 0001:00019a30       ??__FstrHeap@?1??GetInstance@CAtlStringMgr@ATL@@SAPEAUIAtlStringMgr@2@XZ@YAXXZ 000000018001aa30 f i opcda.obj
 0002:00000000       __imp_RegOpenKeyExA        000000018001b000     advapi32:ADVAPI32.dll
 0002:00000008       __imp_RegConnectRegistryA  000000018001b008     advapi32:ADVAPI32.dll
 0002:00000010       __imp_RegCloseKey          000000018001b010     advapi32:ADVAPI32.dll
 0002:00000018       __imp_RegQueryValueExA     000000018001b018     advapi32:ADVAPI32.dll
 0002:00000020       \177ADVAPI32_NULL_THUNK_DATA 000000018001b020     advapi32:ADVAPI32.dll
 0002:00000028       __imp_Sleep                000000018001b028     kernel32:KERNEL32.dll
 0002:00000030       __imp_HeapDestroy          000000018001b030     kernel32:KERNEL32.dll
 0002:00000038       __imp_InitializeCriticalSectionEx 000000018001b038     kernel32:KERNEL32.dll
 0002:00000040       __imp_RaiseException       000000018001b040     kernel32:KERNEL32.dll
 0002:00000048       __imp_GetLastError         000000018001b048     kernel32:KERNEL32.dll
 0002:00000050       __imp_HeapSize             000000018001b050     kernel32:KERNEL32.dll
 0002:00000058       __imp_DecodePointer        000000018001b058     kernel32:KERNEL32.dll
 0002:00000060       __imp_WideCharToMultiByte  000000018001b060     kernel32:KERNEL32.dll
 0002:00000068       __imp_GetModuleHandleA     000000018001b068     kernel32:KERNEL32.dll
 0002:00000070       __imp_MultiByteToWideChar  000000018001b070     kernel32:KERNEL32.dll
 0002:00000078       __imp_CreateFileW          000000018001b078     kernel32:KERNEL32.dll
 0002:00000080       __imp_CloseHandle          000000018001b080     kernel32:KERNEL32.dll
 0002:00000088       __imp_SetStdHandle         000000018001b088     kernel32:KERNEL32.dll
 0002:00000090       __imp_GetStringTypeW       000000018001b090     kernel32:KERNEL32.dll
 0002:00000098       __imp_GetProcessHeap       000000018001b098     kernel32:KERNEL32.dll
 0002:000000a0       __imp_HeapFree             000000018001b0a0     kernel32:KERNEL32.dll
 0002:000000a8       __imp_HeapAlloc            000000018001b0a8     kernel32:KERNEL32.dll
 0002:000000b0       __imp_DeleteCriticalSection 000000018001b0b0     kernel32:KERNEL32.dll
 0002:000000b8       __imp_HeapReAlloc          000000018001b0b8     kernel32:KERNEL32.dll
 0002:000000c0       __imp_LCMapStringW         000000018001b0c0     kernel32:KERNEL32.dll
 0002:000000c8       __imp_SetFilePointerEx     000000018001b0c8     kernel32:KERNEL32.dll
 0002:000000d0       __imp_GetConsoleMode       000000018001b0d0     kernel32:KERNEL32.dll
 0002:000000d8       __imp_GetConsoleCP         000000018001b0d8     kernel32:KERNEL32.dll
 0002:000000e0       __imp_FlushFileBuffers     000000018001b0e0     kernel32:KERNEL32.dll
 0002:000000e8       __imp_FreeLibrary          000000018001b0e8     kernel32:KERNEL32.dll
 0002:000000f0       __imp_IsDebuggerPresent    000000018001b0f0     kernel32:KERNEL32.dll
 0002:000000f8       __imp_OutputDebugStringW   000000018001b0f8     kernel32:KERNEL32.dll
 0002:00000100       __imp_EnterCriticalSection 000000018001b100     kernel32:KERNEL32.dll
 0002:00000108       __imp_LeaveCriticalSection 000000018001b108     kernel32:KERNEL32.dll
 0002:00000110       __imp_GetStdHandle         000000018001b110     kernel32:KERNEL32.dll
 0002:00000118       __imp_GetFileType          000000018001b118     kernel32:KERNEL32.dll
 0002:00000120       __imp_GetModuleFileNameW   000000018001b120     kernel32:KERNEL32.dll
 0002:00000128       __imp_GetModuleHandleExW   000000018001b128     kernel32:KERNEL32.dll
 0002:00000130       __imp_WriteConsoleW        000000018001b130     kernel32:KERNEL32.dll
 0002:00000138       __imp_EncodePointer        000000018001b138     kernel32:KERNEL32.dll
 0002:00000140       __imp_GetCommandLineA      000000018001b140     kernel32:KERNEL32.dll
 0002:00000148       __imp_GetCurrentThreadId   000000018001b148     kernel32:KERNEL32.dll
 0002:00000150       __imp_RtlPcToFileHeader    000000018001b150     kernel32:KERNEL32.dll
 0002:00000158       __imp_RtlLookupFunctionEntry 000000018001b158     kernel32:KERNEL32.dll
 0002:00000160       __imp_RtlUnwindEx          000000018001b160     kernel32:KERNEL32.dll
 0002:00000168       __imp_IsProcessorFeaturePresent 000000018001b168     kernel32:KERNEL32.dll
 0002:00000170       __imp_ExitProcess          000000018001b170     kernel32:KERNEL32.dll
 0002:00000178       __imp_GetProcAddress       000000018001b178     kernel32:KERNEL32.dll
 0002:00000180       __imp_LoadLibraryExW       000000018001b180     kernel32:KERNEL32.dll
 0002:00000188       __imp_WriteFile            000000018001b188     kernel32:KERNEL32.dll
 0002:00000190       __imp_IsValidCodePage      000000018001b190     kernel32:KERNEL32.dll
 0002:00000198       __imp_GetACP               000000018001b198     kernel32:KERNEL32.dll
 0002:000001a0       __imp_GetOEMCP             000000018001b1a0     kernel32:KERNEL32.dll
 0002:000001a8       __imp_GetCPInfo            000000018001b1a8     kernel32:KERNEL32.dll
 0002:000001b0       __imp_SetLastError         000000018001b1b0     kernel32:KERNEL32.dll
 0002:000001b8       __imp_GetStartupInfoW      000000018001b1b8     kernel32:KERNEL32.dll
 0002:000001c0       __imp_GetModuleFileNameA   000000018001b1c0     kernel32:KERNEL32.dll
 0002:000001c8       __imp_QueryPerformanceCounter 000000018001b1c8     kernel32:KERNEL32.dll
 0002:000001d0       __imp_GetCurrentProcessId  000000018001b1d0     kernel32:KERNEL32.dll
 0002:000001d8       __imp_GetSystemTimeAsFileTime 000000018001b1d8     kernel32:KERNEL32.dll
 0002:000001e0       __imp_GetEnvironmentStringsW 000000018001b1e0     kernel32:KERNEL32.dll
 0002:000001e8       __imp_FreeEnvironmentStringsW 000000018001b1e8     kernel32:KERNEL32.dll
 0002:000001f0       __imp_RtlCaptureContext    000000018001b1f0     kernel32:KERNEL32.dll
 0002:000001f8       __imp_RtlVirtualUnwind     000000018001b1f8     kernel32:KERNEL32.dll
 0002:00000200       __imp_UnhandledExceptionFilter 000000018001b200     kernel32:KERNEL32.dll
 0002:00000208       __imp_SetUnhandledExceptionFilter 000000018001b208     kernel32:KERNEL32.dll
 0002:00000210       __imp_InitializeCriticalSectionAndSpinCount 000000018001b210     kernel32:KERNEL32.dll
 0002:00000218       __imp_GetCurrentProcess    000000018001b218     kernel32:KERNEL32.dll
 0002:00000220       __imp_TerminateProcess     000000018001b220     kernel32:KERNEL32.dll
 0002:00000228       __imp_TlsAlloc             000000018001b228     kernel32:KERNEL32.dll
 0002:00000230       __imp_TlsGetValue          000000018001b230     kernel32:KERNEL32.dll
 0002:00000238       __imp_TlsSetValue          000000018001b238     kernel32:KERNEL32.dll
 0002:00000240       __imp_TlsFree              000000018001b240     kernel32:KERNEL32.dll
 0002:00000248       __imp_GetModuleHandleW     000000018001b248     kernel32:KERNEL32.dll
 0002:00000250       __imp_LoadLibraryExA       000000018001b250     kernel32:KERNEL32.dll
 0002:00000258       \177KERNEL32_NULL_THUNK_DATA 000000018001b258     kernel32:KERNEL32.dll
 0002:00000260       __imp_VariantCopy          000000018001b260     oleaut32:OLEAUT32.dll
 0002:00000268       __imp_VariantClear         000000018001b268     oleaut32:OLEAUT32.dll
 0002:00000270       \177OLEAUT32_NULL_THUNK_DATA 000000018001b270     oleaut32:OLEAUT32.dll
 0002:00000278       __imp_DispatchMessageA     000000018001b278     user32:USER32.dll
 0002:00000280       __imp_TranslateMessage     000000018001b280     user32:USER32.dll
 0002:00000288       __imp_PeekMessageA         000000018001b288     user32:USER32.dll
 0002:00000290       \177USER32_NULL_THUNK_DATA 000000018001b290     user32:USER32.dll
 0002:00000298       __imp_CoGetClassObject     000000018001b298     ole32:ole32.dll
 0002:000002a0       __imp_CoCreateInstance     000000018001b2a0     ole32:ole32.dll
 0002:000002a8       __imp_CoGetMalloc          000000018001b2a8     ole32:ole32.dll
 0002:000002b0       __imp_CoCreateInstanceEx   000000018001b2b0     ole32:ole32.dll
 0002:000002b8       __imp_CLSIDFromString      000000018001b2b8     ole32:ole32.dll
 0002:000002c0       __imp_ProgIDFromCLSID      000000018001b2c0     ole32:ole32.dll
 0002:000002c8       __imp_CoInitializeEx       000000018001b2c8     ole32:ole32.dll
 0002:000002d0       __imp_CLSIDFromProgID      000000018001b2d0     ole32:ole32.dll
 0002:000002d8       __imp_CoInitializeSecurity 000000018001b2d8     ole32:ole32.dll
 0002:000002e0       \177ole32_NULL_THUNK_DATA  000000018001b2e0     ole32:ole32.dll
 0002:000002e8       __xc_a                     000000018001b2e8     LIBCMT:crt0init.obj
 0002:00000320       _register_opcda_           000000018001b320     opcda.obj
 0002:00000328       __xc_z                     000000018001b328     LIBCMT:crt0init.obj
 0002:00000330       __xi_a                     000000018001b330     LIBCMT:crt0init.obj
 0002:00000358       __xi_z                     000000018001b358     LIBCMT:crt0init.obj
 0002:00000360       __xp_a                     000000018001b360     LIBCMT:crt0init.obj
 0002:00000380       __xp_z                     000000018001b380     LIBCMT:crt0init.obj
 0002:00000388       __xt_a                     000000018001b388     LIBCMT:crt0init.obj
 0002:00000390       __xt_z                     000000018001b390     LIBCMT:crt0init.obj
 0002:00000430       ??_7CWin32Heap@ATL@@6B@    000000018001b430     OPCClientToolKit64:OPCItemData.obj
 0002:00000460       ??_7CAtlStringMgr@ATL@@6B@ 000000018001b460     OPCClientToolKit64:OPCItemData.obj
 0002:00000490       ??_C@_0P@BJEKKBDJ@VarCopy?5failed?$AA@ 000000018001b490     OPCClientToolKit64:OPCItemData.obj
 0002:00000520       ??_7COPCServer@@6B@        000000018001b520     OPCClientToolKit64:OPCServer.obj
 0002:00000528       ??_C@_0DM@BAJDKAFO@Failed?5to?5obtain?5IID_IOPCBrowseS@ 000000018001b528     OPCClientToolKit64:OPCServer.obj
 0002:00000568       ??_C@_0DC@MIODKCJB@Failed?5to?5obtain?5IID_IOPCItemPro@ 000000018001b568     OPCClientToolKit64:OPCServer.obj
 0002:00000788       ??_7COPCGroup@@6B@         000000018001b788     OPCClientToolKit64:OPCGroup.obj
 0002:00000798       ??_7CAsynchDataCallback@@6B@ 000000018001b798     OPCClientToolKit64:OPCGroup.obj
 0002:000007d0       ??_C@_0CN@GECCCJKO@OnCancelComplete?3?5Transid?$DN?$CFld?5Gr@ 000000018001b7d0     OPCClientToolKit64:OPCGroup.obj
 0002:00000800       ??_C@_0BE@IHMLFNPM@Failed?5to?5Add?5group?$AA@ 000000018001b800     OPCClientToolKit64:OPCGroup.obj
 0002:00000818       ??_C@_0BN@MHABIDMF@Failed?5to?5get?5IID_IOPCSyncIO?$AA@ 000000018001b818     OPCClientToolKit64:OPCGroup.obj
 0002:00000838       ??_C@_0BP@PHIBAHME@Failed?5to?5get?5IID_IOPCAsyncIO2?$AA@ 000000018001b838     OPCClientToolKit64:OPCGroup.obj
 0002:00000858       ??_C@_0BO@EAPNAJMA@Failed?5to?5get?5IID_IOPCItemMgt?$AA@ 000000018001b858     OPCClientToolKit64:OPCGroup.obj
 0002:00000878       ??_C@_0BE@CLHJILJD@Failed?5to?5add?5items?$AA@ 000000018001b878     OPCClientToolKit64:OPCGroup.obj
 0002:00000890       ??_C@_0BH@HNIPPEMA@Asynch?5already?5enabled?$AA@ 000000018001b890     OPCClientToolKit64:OPCGroup.obj
 0002:000008a8       ??_C@_0CM@HKKMCCNJ@Could?5not?5get?5IID_IConnectionPoi@ 000000018001b8a8     OPCClientToolKit64:OPCGroup.obj
 0002:000008d8       ??_C@_0CD@GOJKIONM@Could?5not?5get?5IID_IOPCDataCallba@ 000000018001b8d8     OPCClientToolKit64:OPCGroup.obj
 0002:00000900       ??_C@_0CK@IGIPIKGA@Failed?5to?5set?5DataCallbackConnec@ 000000018001b900     OPCClientToolKit64:OPCGroup.obj
 0002:0000092c       __real@3e800000            000000018001b92c     OPCClientToolKit64:OPCGroup.obj
 0002:00000930       __real@3f400000            000000018001b930     OPCClientToolKit64:OPCGroup.obj
 0002:00000934       __real@40100000            000000018001b934     OPCClientToolKit64:OPCGroup.obj
 0002:00000938       __real@40880000            000000018001b938     OPCClientToolKit64:OPCGroup.obj
 0002:0000093c       __real@42190000            000000018001b93c     OPCClientToolKit64:OPCGroup.obj
 0002:00000940       ?CATID_OPCDAv10@COPCClient@@2U_GUID@@B 000000018001b940     OPCClientToolKit64:OPCClient.obj
 0002:00000950       ?CATID_OPCDAv20@COPCClient@@2U_GUID@@B 000000018001b950     OPCClientToolKit64:OPCClient.obj
 0002:000009b0       ??_C@_0BE@CCGKGIHK@CoInitialize?5failed?$AA@ 000000018001b9b0     OPCClientToolKit64:OPCClient.obj
 0002:000009c8       ??_C@_0BD@HKELIMK@CoGetMalloc?5failed?$AA@ 000000018001b9c8     OPCClientToolKit64:OPCClient.obj
 0002:000009e0       IID_CATID_OPCDAServer10    000000018001b9e0     OPCClientToolKit64:opcda_i.obj
 0002:000009f0       IID_CATID_OPCDAServer20    000000018001b9f0     OPCClientToolKit64:opcda_i.obj
 0002:00000a00       IID_CATID_OPCDAServer30    000000018001ba00     OPCClientToolKit64:opcda_i.obj
 0002:00000a10       IID_CATID_XMLDAServer10    000000018001ba10     OPCClientToolKit64:opcda_i.obj
 0002:00000a20       IID_IOPCServer             000000018001ba20     OPCClientToolKit64:opcda_i.obj
 0002:00000a30       IID_IOPCServerPublicGroups 000000018001ba30     OPCClientToolKit64:opcda_i.obj
 0002:00000a40       IID_IOPCBrowseServerAddressSpace 000000018001ba40     OPCClientToolKit64:opcda_i.obj
 0002:00000a50       IID_IOPCGroupStateMgt      000000018001ba50     OPCClientToolKit64:opcda_i.obj
 0002:00000a60       IID_IOPCPublicGroupStateMgt 000000018001ba60     OPCClientToolKit64:opcda_i.obj
 0002:00000a70       IID_IOPCSyncIO             000000018001ba70     OPCClientToolKit64:opcda_i.obj
 0002:00000a80       IID_IOPCAsyncIO            000000018001ba80     OPCClientToolKit64:opcda_i.obj
 0002:00000a90       IID_IOPCItemMgt            000000018001ba90     OPCClientToolKit64:opcda_i.obj
 0002:00000aa0       IID_IEnumOPCItemAttributes 000000018001baa0     OPCClientToolKit64:opcda_i.obj
 0002:00000ab0       IID_IOPCDataCallback       000000018001bab0     OPCClientToolKit64:opcda_i.obj
 0002:00000ac0       IID_IOPCAsyncIO2           000000018001bac0     OPCClientToolKit64:opcda_i.obj
 0002:00000ad0       IID_IOPCItemProperties     000000018001bad0     OPCClientToolKit64:opcda_i.obj
 0002:00000ae0       IID_IOPCItemDeadbandMgt    000000018001bae0     OPCClientToolKit64:opcda_i.obj
 0002:00000af0       IID_IOPCItemSamplingMgt    000000018001baf0     OPCClientToolKit64:opcda_i.obj
 0002:00000b00       IID_IOPCBrowse             000000018001bb00     OPCClientToolKit64:opcda_i.obj
 0002:00000b10       IID_IOPCItemIO             000000018001bb10     OPCClientToolKit64:opcda_i.obj
 0002:00000b20       IID_IOPCSyncIO2            000000018001bb20     OPCClientToolKit64:opcda_i.obj
 0002:00000b30       IID_IOPCAsyncIO3           000000018001bb30     OPCClientToolKit64:opcda_i.obj
 0002:00000b40       IID_IOPCGroupStateMgt2     000000018001bb40     OPCClientToolKit64:opcda_i.obj
 0002:00000b50       LIBID_OPCDA                000000018001bb50     OPCClientToolKit64:opcda_i.obj
 0002:00000bb8       ??_7COPCItem@@6B@          000000018001bbb8     OPCClientToolKit64:OPCItem.obj
[...]
 0004:00000f3c       $pdata$?__GetUnwindTryBlock@@YAHPEA_KPEAU_xDISPATCHER_CONTEXT@@PEBU_s_FuncInfo@@@Z 000000018002ef3c     LIBCMT:ehstate.obj
 0004:00000f48       $pdata$?__SetUnwindTryBlock@@YAXPEA_KPEAU_xDISPATCHER_CONTEXT@@PEBU_s_FuncInfo@@H@Z 000000018002ef48     LIBCMT:ehstate.obj
 0004:00000f54       $pdata$?__StateFromIp@@YAHPEBU_s_FuncInfo@@PEAU_xDISPATCHER_CONTEXT@@_J@Z 000000018002ef54     LIBCMT:ehstate.obj
 0004:00000f60       $pdata$?_inconsistency@@YAXXZ 000000018002ef60     LIBCMT:hooks.obj
 0004:00000f6c       $pdata$?terminate@@YAXXZ   000000018002ef6c     LIBCMT:hooks.obj
 0004:00000f78       $pdata$_initp_eh_hooks     000000018002ef78     LIBCMT:hooks.obj
 0004:00000f84       $pdata$_cfltcvt            000000018002ef84     LIBCMT:cvt.obj
 0004:00000f90       $pdata$_cfltcvt_l          000000018002ef90     LIBCMT:cvt.obj
 0004:00000f9c       $pdata$_cftoa_l            000000018002ef9c     LIBCMT:cvt.obj
 0004:00000fa8       $pdata$_cftoe2_l           000000018002efa8     LIBCMT:cvt.obj
 0004:00000fb4       $pdata$_cftoe_l            000000018002efb4     LIBCMT:cvt.obj
 0004:00000fc0       $pdata$_cftof2_l           000000018002efc0     LIBCMT:cvt.obj
 0004:00000fcc       $pdata$_cftof_l            000000018002efcc     LIBCMT:cvt.obj
 0004:00000fd8       $pdata$_cftog_l            000000018002efd8     LIBCMT:cvt.obj
 0004:00000fe4       $pdata$_cropzeros_l        000000018002efe4     LIBCMT:cvt.obj
 0004:00000ff0       $pdata$_fassign_l          000000018002eff0     LIBCMT:cvt.obj
 0004:00000ffc       $pdata$_forcdecpt_l        000000018002effc     LIBCMT:cvt.obj
 0004:00001008       $pdata$_initp_misc_cfltcvt_tab 000000018002f008     LIBCMT:cmiscdat.obj
 0004:00001014       $pdata$_calloc_impl        000000018002f014     LIBCMT:calloc_impl.obj
 0004:00001020       $pdata$realloc             000000018002f020     LIBCMT:realloc.obj
 0004:0000102c       $pdata$strcpy_s            000000018002f02c     LIBCMT:strcpy_s.obj
 0004:00001038       $pdata$_lock               000000018002f038     LIBCMT:mlock.obj
 0004:00001044       $pdata$_mtdeletelocks      000000018002f044     LIBCMT:mlock.obj
 0004:00001050       $pdata$_mtinitlocknum      000000018002f050     LIBCMT:mlock.obj
 0004:0000105c       $pdata$_mtinitlocks        000000018002f05c     LIBCMT:mlock.obj
 0004:00001068       $pdata$_IsNonwritableInCurrentImage 000000018002f068     LIBCMT:pesect.obj
 0004:00001074       $pdata$_fcloseall          000000018002f074     LIBCMT:closeall.obj
 0004:00001080       $pdata$_fileno             000000018002f080     LIBCMT:fileno.obj
 0004:0000108c       $pdata$_commit             000000018002f08c     LIBCMT:commit.obj
 0004:00001098       $pdata$_write              000000018002f098     LIBCMT:write.obj
 0004:000010a4       $pdata$_write_nolock       000000018002f0a4     LIBCMT:write.obj
 0004:000010b0       $pdata$_freebuf            000000018002f0b0     LIBCMT:_freebuf.obj
 0004:000010bc       $pdata$_woutput_l          000000018002f0bc     LIBCMT:woutput.obj
 0004:000010c8       $pdata$write_char          000000018002f0c8     LIBCMT:woutput.obj
 0004:000010d4       $pdata$write_multi_char    000000018002f0d4     LIBCMT:woutput.obj
 0004:000010e0       $pdata$write_string        000000018002f0e0     LIBCMT:woutput.obj
 0004:000010ec       $pdata$wcsncpy_s           000000018002f0ec     LIBCMT:wcsncpy_s.obj
 0004:00001128       $pdata$_isatty             000000018002f128     LIBCMT:isatty.obj
 0004:00001134       $pdata$_lseeki64           000000018002f134     LIBCMT:lseeki64.obj
 0004:00001140       $pdata$_lseeki64_nolock    000000018002f140     LIBCMT:lseeki64.obj
 0004:0000114c       $pdata$_getbuf             000000018002f14c     LIBCMT:_getbuf.obj
 0004:00001158       $pdata$_isleadbyte_l       000000018002f158     LIBCMT:_wctype.obj
 0004:00001164       $pdata$isleadbyte          000000018002f164     LIBCMT:_wctype.obj
 0004:00001170       $pdata$_wctomb_s_l         000000018002f170     LIBCMT:wctomb.obj
 0004:0000117c       $pdata$wctomb_s            000000018002f17c     LIBCMT:wctomb.obj
 0004:00001188       $pdata$GetTableIndexFromLocaleName 000000018002f188     LIBCMT:winapinls.obj
 0004:00001194       $pdata$__crtDownlevelLocaleNameToLCID 000000018002f194     LIBCMT:winapinls.obj
 0004:000011a0       $pdata$__crtLCMapStringEx  000000018002f1a0     LIBCMT:winapinls.obj
 0004:000011b8       $pdata$__free_lconv_mon    000000018002f1b8     LIBCMT:initmon.obj
 0004:000011c4       $pdata$__free_lconv_num    000000018002f1c4     LIBCMT:initnum.obj
 0004:000011d0       $pdata$__free_lc_time      000000018002f1d0     LIBCMT:inittime.obj
 0004:000011dc       $pdata$?__crtLCMapStringA_stat@@YAHPEAUlocaleinfo_struct@@PEB_WKPEBDHPEADHHH@Z 000000018002f1dc     LIBCMT:a_map.obj
 0004:000011e8       $pdata$__crtLCMapStringA   000000018002f1e8     LIBCMT:a_map.obj
 0004:000011f4       $pdata$?__crtGetStringTypeA_stat@@YAHPEAUlocaleinfo_struct@@KPEBDHPEAGHH@Z 000000018002f1f4     LIBCMT:a_str.obj
 0004:00001200       $pdata$__crtGetStringTypeA 000000018002f200     LIBCMT:a_str.obj
 0004:0000120c       $pdata$_isctype_l          000000018002f20c     LIBCMT:isctype.obj
 0004:00001224       $pdata$?x_ismbbtype_l@@YAHPEAUlocaleinfo_struct@@IHH@Z 000000018002f224     LIBCMT:ismbbyte.obj
 0004:0000123c       $pdata$isdigit             000000018002f23c     LIBCMT:_ctype.obj
 0004:00001248       $pdata$strrchr             000000018002f248     LIBCMT:strrchr.obj
 0004:00001254       $pdata$_fptostr            000000018002f254     LIBCMT:_fptostr.obj
 0004:00001260       $pdata$__crt_atoflt_l      000000018002f260     LIBCMT:atodbl.obj
 0004:0000126c       $pdata$_atodbl_l           000000018002f26c     LIBCMT:atodbl.obj
 0004:00001278       $pdata$__dtold             000000018002f278     LIBCMT:cfout.obj
 0004:00001284       $pdata$_fltout2            000000018002f284     LIBCMT:cfout.obj
 0004:00001290       $pdata$_fclose_nolock      000000018002f290     LIBCMT:fclose.obj
 0004:0000129c       $pdata$fclose              000000018002f29c     LIBCMT:fclose.obj
 0004:000012a8       $pdata$__lock_fhandle      000000018002f2a8     LIBCMT:osfinfo.obj
 0004:000012b4       $pdata$_free_osfhnd        000000018002f2b4     LIBCMT:osfinfo.obj
 0004:000012c0       $pdata$_get_osfhandle      000000018002f2c0     LIBCMT:osfinfo.obj
 0004:000012cc       $pdata$_mbtowc_l           000000018002f2cc     LIBCMT:mbtowc.obj
 0004:000012d8       $pdata$_putwch_nolock      000000018002f2d8     LIBCMT:putwch.obj
 0004:000012e4       $pdata$_fputwc_nolock      000000018002f2e4     LIBCMT:fputwc.obj
 0004:000012f0       $pdata$_ld12tod            000000018002f2f0     LIBCMT:intrncvt.obj
 0004:000012fc       $pdata$_ld12tof            000000018002f2fc     LIBCMT:intrncvt.obj
 0004:00001308       $pdata$__strgtold12_l      000000018002f308     LIBCMT:strgtold.obj
 0004:00001314       $pdata$$I10_OUTPUT         000000018002f314     LIBCMT:x10fout.obj
 0004:00001320       $pdata$_close              000000018002f320     LIBCMT:close.obj
 0004:0000132c       $pdata$_close_nolock       000000018002f32c     LIBCMT:close.obj
 0004:00001338       $pdata$__termconout        000000018002f338     LIBCMT:initcon.obj
 0004:00001344       $pdata$__initconout        000000018002f344     LIBCMT:initcon.obj
 0004:00001350       $pdata$_flswbuf            000000018002f350     LIBCMT:_flswbuf.obj
 0004:0000135c       $pdata$__mtold12           000000018002f35c     LIBCMT:mantold.obj
 0004:00001368       $pdata$__delayLoadHelper2  000000018002f368     DelayImp:delayhlp.obj
 0004:00001374       $pdata$?dtor$0@?0??GetInstance@CAtlStringMgr@ATL@@SAPEAUIAtlStringMgr@2@XZ@4HA 000000018002f374     opcda.obj
 0004:00001380       $pdata$?dtor$1@?0??GetInstance@CAtlStringMgr@ATL@@SAPEAUIAtlStringMgr@2@XZ@4HA 000000018002f380     opcda.obj
 0004:0000138c       $pdata$?dtor$1@?0??GetStr@@YA?AV?$basic_string@DU?$char_traits@D@std@@V?$allocator@D@2@@std@@UtagVARIANT@@@Z@4HA 000000018002f38c     opcda.obj
 0004:00001398       $pdata$?dtor$0@?0??push_back@?$vector@V?$basic_string@DU?$char_traits@D@std@@V?$allocator@D@2@@std@@V?$allocator@V?$basic_string@DU?$char_traits@D@std@@V?$allocator@D@2@@std@@@2@@std@@QEAAX$$QEAV?$basic_string@DU?$char_traits@D@std@@V?$allocator@D@2@@2@@Z@4HA 000000018002f398     opcda.obj
 0004:000013a4       $pdata$?dtor$1@?0??push_back@?$vector@V?$basic_string@DU?$char_traits@D@std@@V?$allocator@D@2@@std@@V?$allocator@V?$basic_string@DU?$char_traits@D@std@@V?$allocator@D@2@@std@@@2@@std@@QEAAX$$QEAV?$basic_string@DU?$char_traits@D@std@@V?$allocator@D@2@@2@@Z@4HA 000000018002f3a4     opcda.obj
 0004:000013b0       $pdata$?dtor$2@?0??push_back@?$vector@V?$basic_string@DU?$char_traits@D@std@@V?$allocator@D@2@@std@@V?$allocator@V?$basic_string@DU?$char_traits@D@std@@V?$allocator@D@2@@std@@@2@@std@@QEAAX$$QEAV?$basic_string@DU?$char_traits@D@std@@V?$allocator@D@2@@2@@Z@4HA 000000018002f3b0     opcda.obj
 0004:000013bc       $pdata$?dtor$3@?0??push_back@?$vector@V?$basic_string@DU?$char_traits@D@std@@V?$allocator@D@2@@std@@V?$allocator@V?$basic_string@DU?$char_traits@D@std@@V?$allocator@D@2@@std@@@2@@std@@QEAAX$$QEAV?$basic_string@DU?$char_traits@D@std@@V?$allocator@D@2@@2@@Z@4HA 000000018002f3bc     opcda.obj
 0004:000013c8       $pdata$?dtor$4@?0???0?$map@V?$basic_string@DU?$char_traits@D@std@@V?$allocator@D@2@@std@@V12@U?$less@V?$basic_string@DU?$char_traits@D@std@@V?$allocator@D@2@@std@@@2@V?$allocator@U?$pair@$$CBV?$basic_string@DU?$char_traits@D@std@@V?$allocator@D@2@@std@@V12@@std@@@2@@std@@QEAA@XZ@4HA 000000018002f3c8     opcda.obj
 0004:000013d4       $pdata$?dtor$5@?0???0?$map@V?$basic_string@DU?$char_traits@D@std@@V?$allocator@D@2@@std@@V12@U?$less@V?$basic_string@DU?$char_traits@D@std@@V?$allocator@D@2@@std@@@2@V?$allocator@U?$pair@$$CBV?$basic_string@DU?$char_traits@D@std@@V?$allocator@D@2@@std@@V12@@std@@@2@@std@@QEAA@XZ@4HA 000000018002f3d4     opcda.obj
 0004:000013e0       $pdata$?dtor$6@?0???0?$map@V?$basic_string@DU?$char_traits@D@std@@V?$allocator@D@2@@std@@V12@U?$less@V?$basic_string@DU?$char_traits@D@std@@V?$allocator@D@2@@std@@@2@V?$allocator@U?$pair@$$CBV?$basic_string@DU?$char_traits@D@std@@V?$allocator@D@2@@std@@V12@@std@@@2@@std@@QEAA@XZ@4HA 000000018002f3e0     opcda.obj
 0004:000013ec       $pdata$?dtor$0@?0??_Assign_rv@?$basic_string@DU?$char_traits@D@std@@V?$allocator@D@2@@std@@QEAAX$$QEAV12@@Z@4HA 000000018002f3ec     opcda.obj
 0004:000013f8       $pdata$?dtor$0@?0??_Copy@?$basic_string@DU?$char_traits@D@std@@V?$allocator@D@2@@std@@QEAAX_K0@Z@4HA 000000018002f3f8     opcda.obj
 0004:00001404       $pdata$?catch$0@?0???1?$CAtlMap@PEAVCOPCItem@@PEAUOPCItemData@@V?$CElementTraits@PEAVCOPCItem@@@ATL@@V?$CElementTraits@PEAUOPCItemData@@@4@@ATL@@QEAA@XZ@4HA 000000018002f404     opcda.obj
 0004:00001410       $pdata$?dtor$0@?0???$_Umove@PEAV?$basic_string@DU?$char_traits@D@std@@V?$allocator@D@2@@std@@@?$vector@V?$basic_string@DU?$char_traits@D@std@@V?$allocator@D@2@@std@@V?$allocator@V?$basic_string@DU?$char_traits@D@std@@V?$allocator@D@2@@std@@@2@@std@@IEAAPEAV?$basic_string@DU?$char_traits@D@std@@V?$allocator@D@2@@1@PEAV21@00@Z@4HA 000000018002f410     opcda.obj
 0004:0000141c       $pdata$?dtor$1@?0???$_Umove@PEAV?$basic_string@DU?$char_traits@D@std@@V?$allocator@D@2@@std@@@?$vector@V?$basic_string@DU?$char_traits@D@std@@V?$allocator@D@2@@std@@V?$allocator@V?$basic_string@DU?$char_traits@D@std@@V?$allocator@D@2@@std@@@2@@std@@IEAAPEAV?$basic_string@DU?$char_traits@D@std@@V?$allocator@D@2@@1@PEAV21@00@Z@4HA 000000018002f41c     opcda.obj
 0004:00001428       $pdata$?dtor$0@?0???$_Insert_at@U?$pair@$$CBV?$basic_string@DU?$char_traits@D@std@@V?$allocator@D@2@@std@@V12@@std@@U_Nil@2@@?$_Tree@V?$_Tmap_traits@V?$basic_string@DU?$char_traits@D@std@@V?$allocator@D@2@@std@@V12@U?$less@V?$basic_string@DU?$char_traits@D@std@@V?$allocator@D@2@@std@@@2@V?$allocator@U?$pair@$$CBV?$basic_string@DU?$char_traits@D@std@@V?$allocator@D@2@@std@@V12@@std@@@2@$0A@@std@@@std@@IEAA?AV?$_Tree_iterator@V?$_Tree_val@U?$_Tree_simple_types@U?$pair@$$CBV?$basic_string@DU?$char_traits@D@std@@V?$allocator@D@2@@std@@V12@@std@@@std@@@std@@@1@_NPEAU?$_Tree_node@U?$pair@$$CBV?$basic_string@DU?$char_traits@D@std@@V?$allocator@D@2@@std@@V12@@std@@PEAX@1@$$QEAU?$pair@$$CBV?$basic_string@DU?$char_traits@D@std@@V?$allocator@D@2@@std@@V12@@1@U_Nil@1@@Z@4HA 000000018002f428     opcda.obj
 0004:00001434       $pdata$?dtor$1@?0???$_Insert_at@U?$pair@$$CBV?$basic_string@DU?$char_traits@D@std@@V?$allocator@D@2@@std@@V12@@std@@U_Nil@2@@?$_Tree@V?$_Tmap_traits@V?$basic_string@DU?$char_traits@D@std@@V?$allocator@D@2@@std@@V12@U?$less@V?$basic_string@DU?$char_traits@D@std@@V?$allocator@D@2@@std@@@2@V?$allocator@U?$pair@$$CBV?$basic_string@DU?$char_traits@D@std@@V?$allocator@D@2@@std@@V12@@std@@@2@$0A@@std@@@std@@IEAA?AV?$_Tree_iterator@V?$_Tree_val@U?$_Tree_simple_types@U?$pair@$$CBV?$basic_string@DU?$char_traits@D@std@@V?$allocator@D@2@@std@@V12@@std@@@std@@@std@@@1@_NPEAU?$_Tree_node@U?$pair@$$CBV?$basic_string@DU?$char_traits@D@std@@V?$allocator@D@2@@std@@V12@@std@@PEAX@1@$$QEAU?$pair@$$CBV?$basic_string@DU?$char_traits@D@std@@V?$allocator@D@2@@std@@V12@@1@U_Nil@1@@Z@4HA 000000018002f434     opcda.obj
 0004:00001440       $pdata$?dtor$2@?0???$_Insert_at@U?$pair@$$CBV?$basic_string@DU?$char_traits@D@std@@V?$allocator@D@2@@std@@V12@@std@@U_Nil@2@@?$_Tree@V?$_Tmap_traits@V?$basic_string@DU?$char_traits@D@std@@V?$allocator@D@2@@std@@V12@U?$less@V?$basic_string@DU?$char_traits@D@std@@V?$allocator@D@2@@std@@@2@V?$allocator@U?$pair@$$CBV?$basic_string@DU?$char_traits@D@std@@V?$allocator@D@2@@std@@V12@@std@@@2@$0A@@std@@@std@@IEAA?AV?$_Tree_iterator@V?$_Tree_val@U?$_Tree_simple_types@U?$pair@$$CBV?$basic_string@DU?$char_traits@D@std@@V?$allocator@D@2@@std@@V12@@std@@@std@@@std@@@1@_NPEAU?$_Tree_node@U?$pair@$$CBV?$basic_string@DU?$char_traits@D@std@@V?$allocator@D@2@@std@@V12@@std@@PEAX@1@$$QEAU?$pair@$$CBV?$basic_string@DU?$char_traits@D@std@@V?$allocator@D@2@@std@@V12@@1@U_Nil@1@@Z@4HA 000000018002f440     opcda.obj
 0004:0000144c       $pdata$?dtor$3@?0???$_Insert_at@U?$pair@$$CBV?$basic_string@DU?$char_traits@D@std@@V?$allocator@D@2@@std@@V12@@std@@U_Nil@2@@?$_Tree@V?$_Tmap_traits@V?$basic_string@DU?$char_traits@D@std@@V?$allocator@D@2@@std@@V12@U?$less@V?$basic_string@DU?$char_traits@D@std@@V?$allocator@D@2@@std@@@2@V?$allocator@U?$pair@$$CBV?$basic_string@DU?$char_traits@D@std@@V?$allocator@D@2@@std@@V12@@std@@@2@$0A@@std@@@std@@IEAA?AV?$_Tree_iterator@V?$_Tree_val@U?$_Tree_simple_types@U?$pair@$$CBV?$basic_string@DU?$char_traits@D@std@@V?$allocator@D@2@@std@@V12@@std@@@std@@@std@@@1@_NPEAU?$_Tree_node@U?$pair@$$CBV?$basic_string@DU?$char_traits@D@std@@V?$allocator@D@2@@std@@V12@@std@@PEAX@1@$$QEAU?$pair@$$CBV?$basic_string@DU?$char_traits@D@std@@V?$allocator@D@2@@std@@V12@@1@U_Nil@1@@Z@4HA 000000018002f44c     opcda.obj
 0004:00001458       $pdata$?dtor$2@?0???$?0$$CBV?$basic_string@DU?$char_traits@D@std@@V?$allocator@D@2@@std@@V01@X@?$pair@$$CBV?$basic_string@DU?$char_traits@D@std@@V?$allocator@D@2@@std@@V12@@std@@QEAA@$$QEAU01@@Z@4HA 000000018002f458     opcda.obj
 0004:00001464       $pdata$?catch$0@?0??NewNode@?$CAtlMap@PEAVCOPCItem@@PEAUOPCItemData@@V?$CElementTraits@PEAVCOPCItem@@@ATL@@V?$CElementTraits@PEAUOPCItemData@@@4@@ATL@@AEAAPEAVCNode@12@AEBQEAVCOPCItem@@II@Z@4HA 000000018002f464     OPCClientToolKit64:OPCGroup.obj
 0004:00001470       $pdata$?catch$0@?0??SetAt@?$CAtlMap@PEAVCOPCItem@@PEAUOPCItemData@@V?$CElementTraits@PEAVCOPCItem@@@ATL@@V?$CElementTraits@PEAUOPCItemData@@@4@@ATL@@QEAAPEAU__POSITION@@AEBQEAVCOPCItem@@AEBQEAUOPCItemData@@@Z@4HA 000000018002f470     OPCClientToolKit64:OPCGroup.obj
 0004:0000147c       $pdata$?catch$0@?0??_Reallocate@?$vector@JV?$allocator@J@std@@@std@@IEAAX_K@Z@4HA 000000018002f47c     OPCClientToolKit64:OPCGroup.obj
 0004:00001488       $pdata$?catch$0@?0??_Reallocate@?$vector@PEAVCOPCItem@@V?$allocator@PEAVCOPCItem@@@std@@@std@@IEAAX_K@Z@4HA 000000018002f488     OPCClientToolKit64:OPCGroup.obj
 0004:00001494       $pdata$?catch$0@?0??resize@?$vector@JV?$allocator@J@std@@@std@@QEAAX_K@Z@4HA 000000018002f494     OPCClientToolKit64:OPCGroup.obj
 0004:000014a0       $pdata$?catch$0@?0??resize@?$vector@PEAVCOPCItem@@V?$allocator@PEAVCOPCItem@@@std@@@std@@QEAAX_K@Z@4HA 000000018002f4a0     OPCClientToolKit64:OPCGroup.obj
 0004:000014ac       $pdata$_onexit$fin$0       000000018002f4ac     LIBCMT:onexit.obj
 0004:000014b8       $pdata$printf$fin$0        000000018002f4b8     LIBCMT:printf.obj
 0004:000014c4       $pdata$_CRT_INIT$fin$0     000000018002f4c4     LIBCMT:dllcrt0.obj
 0004:000014d0       $pdata$__DllMainCRTStartup$filt$0 000000018002f4d0     LIBCMT:dllcrt0.obj
 0004:000014dc       $pdata$_CallSETranslator$filt$0 000000018002f4dc     LIBCMT:trnsctrl.obj
 0004:000014e8       $pdata$?catch$0@?0???2@YAPEAX_KAEBUnothrow_t@std@@@Z@4HA 000000018002f4e8     LIBCMT:newopnt.obj
 0004:000014f4       $pdata$doexit$fin$0        000000018002f4f4     LIBCMT:crt0dat.obj
 0004:00001500       $pdata$fclose$fin$0        000000018002f500     LIBCMT:fflush.obj
 0004:00001500       $pdata$fflush$fin$0        000000018002f500     LIBCMT:fflush.obj
 0004:0000150c       $pdata$flsall$fin$0        000000018002f50c     LIBCMT:fflush.obj
 0004:00001518       $pdata$flsall$fin$1        000000018002f518     LIBCMT:fflush.obj
 0004:00001524       $pdata$setvbuf$fin$0       000000018002f524     LIBCMT:setvbuf.obj
 0004:00001530       $pdata$fwprintf$fin$0      000000018002f530     LIBCMT:fwprintf.obj
 0004:0000153c       $pdata$raise$fin$0         000000018002f53c     LIBCMT:winsig.obj
 0004:00001548       $pdata$?fin$0@?0??_Type_info_dtor@type_info@@CAXPEAV1@@Z@4HA 000000018002f548     LIBCMT:typname.obj
 0004:00001554       $pdata$__updatetmbcinfo$fin$0 000000018002f554     LIBCMT:mbctype.obj
 0004:00001554       $pdata$_setmbcp$fin$0      000000018002f554     LIBCMT:mbctype.obj
 0004:00001560       $pdata$_initptd$fin$1      000000018002f560     LIBCMT:tidtable.obj
 0004:00001560       $pdata$_freefls$fin$1      000000018002f560     LIBCMT:tidtable.obj
 0004:0000156c       $pdata$_freefls$fin$0      000000018002f56c     LIBCMT:tidtable.obj
 0004:0000156c       $pdata$_initptd$fin$0      000000018002f56c     LIBCMT:tidtable.obj
 0004:00001578       $pdata$_locterm$fin$0      000000018002f578     LIBCMT:wsetloca.obj
 0004:00001578       $pdata$__updatetlocinfo$fin$0 000000018002f578     LIBCMT:wsetloca.obj
 0004:00001584       $pdata$_ioinit$fin$0       000000018002f584     LIBCMT:ioinit.obj
 0004:00001590       $pdata$__CxxCallCatchBlock$filt$0 000000018002f590     LIBCMT:frame.obj
 0004:0000159c       $pdata$__CxxCallCatchBlock$fin$1 000000018002f59c     LIBCMT:frame.obj
 0004:000015a8       $pdata$__DestructExceptionObject$filt$0 000000018002f5a8     LIBCMT:frame.obj
 0004:000015b4       $pdata$__FrameUnwindToState$filt$0 000000018002f5b4     LIBCMT:frame.obj
 0004:000015c0       $pdata$__FrameUnwindToState$fin$1 000000018002f5c0     LIBCMT:frame.obj
 0004:000015cc       $pdata$_mtinitlocknum$fin$0 000000018002f5cc     LIBCMT:mlock.obj
 0004:000015d8       $pdata$_IsNonwritableInCurrentImage$filt$0 000000018002f5d8     LIBCMT:pesect.obj
 0004:000015e4       $pdata$_fcloseall$fin$0    000000018002f5e4     LIBCMT:closeall.obj
 0004:000015f0       $pdata$_close$fin$0        000000018002f5f0     LIBCMT:commit.obj
 0004:000015f0       $pdata$_commit$fin$0       000000018002f5f0     LIBCMT:commit.obj
 0004:000015fc       $pdata$_lseeki64$fin$0     000000018002f5fc     LIBCMT:lseeki64.obj
 0004:000015fc       $pdata$_write$fin$0        000000018002f5fc     LIBCMT:lseeki64.obj
 0004:00001608       $pdata$__lock_fhandle$fin$0 000000018002f608     LIBCMT:osfinfo.obj
 0005:00000060       $R000000                   0000000180030060     * linker generated manifest res *

 Exports

  ordinal    name

        1    _register_opcda_
